Microchip MPLAB XC8 Compiler V2.41

Linker command line:

-W-3 \
  --edf=C:/Users/Raphael/.mchp_packs/Microchip/PIC18F-K_DFP/1.13.292/xc8\pic\dat\20231012153220_en.msgs \
  -cn -h+dist/default/debug\flash_fsscape.X.debug.sym \
  --cmf=dist/default/debug\flash_fsscape.X.debug.cmf -z -Q18F26K22 \
  -oC:\Users\Raphael\AppData\Local\Temp\xcAskl0.\driver_tmp_3.o \
  --defsym=__MPLAB_BUILD=1 --fixupoverflow=error \
  -Mdist/default/debug/flash_fsscape.X.debug.map \
  --md=C:\Users\Raphael\AppData\Local\Temp\xcAskl0.\driver_tmp_0.dat -E1 \
  -ver=XC8 Compiler --acfsm=1493 -ACODE=00h-0FFFFh -ACONST=00h-0FFFFh \
  -ASMALLCONST=01000h-010FFhx240 -AMEDIUMCONST=01000h-0FFFFh \
  -ACOMRAM=01h-05Fh -AABS1=00h-0F37h -ABIGRAM=01h-0F37h \
  -ARAM=060h-0FFh,0100h-01FFhx14,0F00h-0F37h -ABANK0=060h-0FFh \
  -ABANK1=0100h-01FFh -ABANK2=0200h-02FFh -ABANK3=0300h-03FFh \
  -ABANK4=0400h-04FFh -ABANK5=0500h-05FFh -ABANK6=0600h-06FFh \
  -ABANK7=0700h-07FFh -ABANK8=0800h-08FFh -ABANK9=0900h-09FFh \
  -ABANK10=0A00h-0AFFh -ABANK11=0B00h-0BFFh -ABANK12=0C00h-0CFFh \
  -ABANK13=0D00h-0DFFh -ABANK14=0E00h-0EFFh -ABANK15=0F00h-0F37h \
  -ASFR=0F38h-0F5Fh,0F60h-0FFFh -ABIGSFR=0F38h-0FFFh \
  -ACONFIG=0300000h-030000Dh -AIDLOC=0200000h-0200007h \
  -AEEDATA=0F00000h-0F003FFh -peeprom_data=EEDATA \
  -preset_vec=00h,intcode=08h,intcodelo,powerup,init -pramtop=01000h \
  -psmallconst=SMALLCONST -pmediumconst=MEDIUMCONST -pconst=CONST \
  -AFARRAM=00h-00h \
  -prdata=COMRAM,nvrram=COMRAM,nvbit=COMRAM,rbss=COMRAM,rbit=COMRAM \
  -pfarbss=FARRAM,fardata=FARRAM,nvFARRAM=FARRAM \
  -pintsave_regs=BIGRAM,bigbss=BIGRAM,bigdata=BIGRAM -pbss=RAM \
  -pidata=CODE,irdata=CODE,ibigdata=CODE,ifardata=CODE -prparam=COMRAM \
  C:\Users\Raphael\AppData\Local\Temp\xcAskl0.\driver_tmp_14.o \
  dist/default/debug\flash_fsscape.X.debug.o 

Object code version is 3.11

Machine type is 18F26K22



                Name                               Link     Load   Length Selector   Space Scale
C:\Users\Raphael\AppData\Local\Temp\xcAskl0.\driver_tmp_14.o
                idloc                            200000   200000        8        0       5
                config                           300000   300000        E        0       4
                init                                 4C       4C        4        4       0
                reset_vec                             0        0        4        0       0
dist/default/debug\flash_fsscape.X.debug.o
                intcode                               8        8       44        4       0
                idloc                            200000   200000        8        0       5
                config                           300000   300000        E        0       4
                temp                                 5B       5B        1        1       1
                mediumconst                        FE54     FE54      1AC     7F2A       0
                text50                             18F0     18F0       28        4       0
                text49                             19BE     19BE       10        4       0
                text48                             1A30     1A30        2      CF4       0
                text47                             185E     185E       3C        4       0
                text45                              F72      F72       CE        4       0
                text44                             1566     1566       6E        4       0
                text43                             13D8     13D8       A4        4       0
                text42                             14F6     14F6       70        4       0
                text41                             128E     128E       A6        4       0
                text40                              77E      77E      1AE        4       0
                text39                              D98      D98       EE        4       0
                text38                              CAA      CAA       EE        4       0
                text37                              92C      92C      13A        4       0
                text36                             1716     1716       48        4       0
                text35                             16CE     16CE       48        4       0
                text34                             1A1A     1A1A        8      CF4       0
                text33                             11D4     11D4       BA        4       0
                text32                             1822     1822       3C        4       0
                text31                             110A     110A       CA        4       0
                text30                             1A22     1A22        6      CF4       0
                text29                             1334     1334       A4        4       0
                text28                             15D4     15D4       60        4       0
                text27                             1A2C     1A2C        4      CF4       0
                text26                             1A10     1A10        A      CF4       0
                text25                             1A06     1A06        A      CF4       0
                text24                             19FC     19FC        A      CF4       0
                text23                             17E2     17E2       40        4       0
                text22                             1998     1998       14        4       0
                text21                             1A28     1A28        4      CF4       0
                text20                             19CE     19CE        E        4       0
                text19                             189A     189A       2C        4       0
                text18                             19AC     19AC       12        4       0
                text17                             19F2     19F2        A      CF4       0
                text16                             18C6     18C6       2A        4       0
                text15                             1964     1964       1E        4       0
                text14                             193E     193E       26        4       0
                text13                              B9E      B9E      10C        4       0
                text12                              E86      E86       EC        4       0
                text11                             17A2     17A2       40        4       0
                text10                             1982     1982       16        4       0
                text9                              19E8     19E8        A      CF4       0
                text8                              1040     1040       CA        4       0
                text7                              175E     175E       44        4       0
                text6                              147C     147C       7A        4       0
                text5                               5B6      5B6      1C8        4       0
                text4                               A66      A66      138        4       0
                text3                                50       50      330        4       0
                text2                              1634     1634       50        4       0
                text1                              1918     1918       26        4       0
                text0                               380      380      236        4       0
                cstackCOMRAM                          1        1       56        1       1
                cstackBANK0                          CC       CC       24       60       1
                cstackBANK1                         100      100       FE      100       1
                cstackBANK3                         300      300        4      300       1
                bssBANK2                            200      200       FE      200       1
                dataBANK0                            F0       F0        B       60       1
                bssBANK0                             60       60       6C       60       1
                bssCOMRAM                            57       57        4        1       1
                cinit                              1684     1684       4A        4       0
                nvBANK2                             2FE      2FE        2      200       1
                nvBANK1                             1FE      1FE        2      100       1
                nvBANK0                              FB       FB        4       60       1
                idataBANK0                         19DC     19DC        B        4       0

TOTAL           Name                               Link     Load   Length     Space
        CLASS   CODE           
                intcode                               8        8       44         0
                init                                 4C       4C        4         0
                reset_vec                             0        0        4         0
                text50                             18F0     18F0       28         0
                text49                             19BE     19BE       10         0
                text48                             1A30     1A30        2         0
                text47                             185E     185E       3C         0
                text45                              F72      F72       CE         0
                text44                             1566     1566       6E         0
                text43                             13D8     13D8       A4         0
                text42                             14F6     14F6       70         0
                text41                             128E     128E       A6         0
                text40                              77E      77E      1AE         0
                text39                              D98      D98       EE         0
                text38                              CAA      CAA       EE         0
                text37                              92C      92C      13A         0
                text36                             1716     1716       48         0
                text35                             16CE     16CE       48         0
                text34                             1A1A     1A1A        8         0
                text33                             11D4     11D4       BA         0
                text32                             1822     1822       3C         0
                text31                             110A     110A       CA         0
                text30                             1A22     1A22        6         0
                text29                             1334     1334       A4         0
                text28                             15D4     15D4       60         0
                text27                             1A2C     1A2C        4         0
                text26                             1A10     1A10        A         0
                text25                             1A06     1A06        A         0
                text24                             19FC     19FC        A         0
                text23                             17E2     17E2       40         0
                text22                             1998     1998       14         0
                text21                             1A28     1A28        4         0
                text20                             19CE     19CE        E         0
                text19                             189A     189A       2C         0
                text18                             19AC     19AC       12         0
                text17                             19F2     19F2        A         0
                text16                             18C6     18C6       2A         0
                text15                             1964     1964       1E         0
                text14                             193E     193E       26         0
                text13                              B9E      B9E      10C         0
                text12                              E86      E86       EC         0
                text11                             17A2     17A2       40         0
                text10                             1982     1982       16         0
                text9                              19E8     19E8        A         0
                text8                              1040     1040       CA         0
                text7                              175E     175E       44         0
                text6                              147C     147C       7A         0
                text5                               5B6      5B6      1C8         0
                text4                               A66      A66      138         0
                text3                                50       50      330         0
                text2                              1634     1634       50         0
                text1                              1918     1918       26         0
                text0                               380      380      236         0
                cinit                              1684     1684       4A         0
                idataBANK0                         19DC     19DC        B         0

        CLASS   CONST          

        CLASS   SMALLCONST     

        CLASS   MEDIUMCONST    
                mediumconst                        FE54     FE54      1AC         0

        CLASS   COMRAM         
                temp                                 5B       5B        1         1
                cstackCOMRAM                          1        1       56         1
                bssCOMRAM                            57       57        4         1

        CLASS   ABS1           

        CLASS   BIGRAM         

        CLASS   RAM            

        CLASS   BANK0          
                cstackBANK0                          CC       CC       24         1
                dataBANK0                            F0       F0        B         1
                bssBANK0                             60       60       6C         1
                nvBANK0                              FB       FB        4         1

        CLASS   BANK1          
                cstackBANK1                         100      100       FE         1
                nvBANK1                             1FE      1FE        2         1

        CLASS   BANK2          
                bssBANK2                            200      200       FE         1
                nvBANK2                             2FE      2FE        2         1

        CLASS   BANK3          
                cstackBANK3                         300      300        4         1

        CLASS   BANK4          

        CLASS   BANK5          

        CLASS   BANK6          

        CLASS   BANK7          

        CLASS   BANK8          

        CLASS   BANK9          

        CLASS   BANK10         

        CLASS   BANK11         

        CLASS   BANK12         

        CLASS   BANK13         

        CLASS   BANK14         

        CLASS   BANK15         

        CLASS   SFR            

        CLASS   BIGSFR         

        CLASS   CONFIG         
                config                           300000   300000        E         4

        CLASS   IDLOC          
                idloc                            200000   200000        8         5

        CLASS   EEDATA         

        CLASS   FARRAM         

        CLASS   HEAP           

        CLASS   STACK          



SEGMENTS        Name                           Load    Length   Top    Selector   Space  Class

                reset_vec                      000000  000004  000004         0       0  CODE    
                cstackCOMRAM                   000001  00005B  00005C         1       1  COMRAM  
                intcode                        000008  0019DF  0019E7         4       0  CODE    
                bssBANK0                       000060  00009F  0000FF        60       1  BANK0   
                cstackBANK1                    000100  000100  000200       100       1  BANK1   
                bssBANK2                       000200  000100  000300       200       1  BANK2   
                cstackBANK3                    000300  000004  000304       300       1  BANK3   
                text9                          0019E8  00004A  001A32       CF4       0  CODE    
                mediumconst                    00FE54  0001AC  010000      7F2A       0  MEDIUMCO


UNUSED ADDRESS RANGES

        Name                Unused          Largest block    Delta
        BANK0            0000FF-0000FF                1
        BANK10           000A00-000AFF              100
        BANK11           000B00-000BFF              100
        BANK12           000C00-000CFF              100
        BANK13           000D00-000DFF              100
        BANK14           000E00-000EFF              100
        BANK15           000F00-000F37               38
        BANK3            000304-0003FF               FC
        BANK4            000400-0004FF              100
        BANK5            000500-0005FF              100
        BANK6            000600-0006FF              100
        BANK7            000700-0007FF              100
        BANK8            000800-0008FF              100
        BANK9            000900-0009FF              100
        BIGRAM           00005C-00005F                4
                         0000FF-0000FF                1
                         000304-000F37              C34
        BIGSFR           000F38-000FFF               C8
        CODE             000004-000007                4
                         0019E7-0019E7                1
                         001A32-00FE53             E422
        COMRAM           00005C-00005F                4
        CONST            000004-000007                4
                         0019E7-0019E7                1
                         001A32-00FE53             E422
        EEDATA           F00000-F003FF              400
        MEDIUMCONST      0019E7-0019E7                1
                         001A32-00FE53             E422
        RAM              0000FF-0000FF                1
                         000304-000F37              100
        SFR              000F38-000FFF               28
        SMALLCONST       0019E7-0019E7                1
                         001A32-00FE53              100

                                  Symbol Table

?_I2C2_M_BusReset                               cstackCOMRAM 000005
?_I2C2_M_Poll                                   cstackCOMRAM 00000D
?_I2C2_M_ReadByte                               cstackCOMRAM 000005
?_I2C2_M_RecoverBus                             cstackCOMRAM 000009
?_I2C2_M_Restart                                cstackCOMRAM 000005
?_I2C2_M_Start                                  cstackCOMRAM 000005
?_I2C2_M_Stop                                   cstackCOMRAM 000005
?_I2C2_M_WriteByte                              cstackCOMRAM 000005
?_I2C_Mem_Read                                  cstackCOMRAM 00000A
?_I2C_Mem_Write                                 cstackCOMRAM 00000A
?___aldiv                                       cstackCOMRAM 000005
?___almod                                       cstackCOMRAM 000005
?___lldiv                                       cstackCOMRAM 000005
?_abs                                           cstackCOMRAM 00000F
?_millis                                        cstackCOMRAM 000005
?_printf                                        cstackCOMRAM 00004E
?_vfprintf                                      cstackCOMRAM 000046
EUSART1_SetErrorHandler@interruptHandler        cstackCOMRAM 000005
EUSART1_SetFramingErrorHandler@interruptHandler cstackCOMRAM 000005
EUSART1_SetOverrunErrorHandler@interruptHandler cstackCOMRAM 000005
EUSART1_Write@txData                            cstackCOMRAM 000005
FsScape_get_index_SRAM@_address                 cstackCOMRAM 000038
FsScape_get_index_SRAM@address                  cstackCOMRAM 00001E
FsScape_get_index_SRAM@value                    cstackCOMRAM 00003C
FsScape_get_index_crc_SRAM@_address             cstackCOMRAM 000038
FsScape_get_index_crc_SRAM@crc                  cstackCOMRAM 00001E
FsScape_get_index_crc_SRAM@value                cstackCOMRAM 00003C
FsScape_set_index_SRAM@_address                 cstackCOMRAM 000020
FsScape_set_index_SRAM@address_value            cstackCOMRAM 00001C
FsScape_set_index_crc_SRAM@_address             cstackCOMRAM 000020
FsScape_set_index_crc_SRAM@crc_value            cstackCOMRAM 00001C
I2C2_M_BusReset@i                               cstackCOMRAM 000007
I2C2_M_Poll@DevAddr                             cstackCOMRAM 00000F
I2C2_M_Poll@SlaveAddr                           cstackCOMRAM 000010
I2C2_M_Poll@retval                              cstackCOMRAM 000011
I2C2_M_ReadByte@ACKflag                         cstackCOMRAM 000007
I2C2_M_ReadByte@t                               cstackCOMRAM 000008
I2C2_M_RecoverBus@status                        cstackCOMRAM 00000B
I2C2_M_Restart@t                                cstackCOMRAM 000007
I2C2_M_Start@t                                  cstackCOMRAM 000007
I2C2_M_Stop@t                                   cstackCOMRAM 000007
I2C2_M_WriteByte@cData                          cstackCOMRAM 000007
I2C2_M_WriteByte@t                              cstackCOMRAM 000008
I2C_Mem_Read@DevAddress                         cstackCOMRAM 000018
I2C_Mem_Read@MemAddSize                         cstackCOMRAM 00000C
I2C_Mem_Read@MemAdress                          cstackCOMRAM 00000A
I2C_Mem_Read@Size                               cstackCOMRAM 000010
I2C_Mem_Read@SlaveAddr                          cstackCOMRAM 000019
I2C_Mem_Read@Timeout                            cstackCOMRAM 000012
I2C_Mem_Read@i                                  cstackCOMRAM 00001A
I2C_Mem_Read@pData                              cstackCOMRAM 00000E
I2C_Mem_Read@retval                             cstackCOMRAM 00001C
I2C_Mem_Write@DevAddress                        cstackCOMRAM 000016
I2C_Mem_Write@MemAddSize                        cstackCOMRAM 00000C
I2C_Mem_Write@MemAdress                         cstackCOMRAM 00000A
I2C_Mem_Write@Size                              cstackCOMRAM 000010
I2C_Mem_Write@SlaveAddr                         cstackCOMRAM 000017
I2C_Mem_Write@Timeout                           cstackCOMRAM 000012
I2C_Mem_Write@i                                 cstackCOMRAM 00001A
I2C_Mem_Write@pData                             cstackCOMRAM 00000E
I2C_Mem_Write@retval                            cstackCOMRAM 000018
I2C_ModuleStart@clock_output                    cstackCOMRAM 000012
TMR1_SetInterruptHandler@InterruptHandler       cstackCOMRAM 000005
TMR1_WriteTimer@timerVal                        cstackCOMRAM 000001
_ANSELA                                         (abs)        000F38
_ANSELB                                         (abs)        000F39
_ANSELC                                         (abs)        000F3A
_AT45dbxx                                       bssBANK0     000084
_BAUDCON1                                       (abs)        000FB8
_EUSART1_DefaultErrorHandler                    (abs)        000000
_EUSART1_DefaultFramingErrorHandler             (abs)        000000
_EUSART1_DefaultOverrunErrorHandler             (abs)        000000
_EUSART1_ErrorHandler                           nvBANK2      0002FE
_EUSART1_FramingErrorHandler                    nvBANK0      0000FD
_EUSART1_Initialize                             text23       0017E2
_EUSART1_OverrunErrorHandler                    nvBANK1      0001FE
_EUSART1_SetErrorHandler                        text26       001A10
_EUSART1_SetFramingErrorHandler                 text25       001A06
_EUSART1_SetOverrunErrorHandler                 text24       0019FC
_EUSART1_Write                                  text10       001982
_FsScape_CS                                     bssBANK0     0000A4
_FsScape_CSbit                                  bssBANK0     0000A2
_FsScape_EEPROM_interface_style                 mediumconst  00FE7E
_FsScape_FLASH_interface_style                  mediumconst  00FE7D
_FsScape_SRAM_interface_style                   mediumconst  00FE7F
_FsScape_get_index_SRAM                         text39       000D98
_FsScape_get_index_crc_SRAM                     text38       000CAA
_FsScape_i2c_EEPROM_addr                        bssBANK0     0000A9
_FsScape_i2c_FLASH_addr                         bssBANK0     0000A8
_FsScape_i2c_SRAM_addr                          bssBANK0     0000AA
_FsScape_set_index_SRAM                         text36       001716
_FsScape_set_index_crc_SRAM                     text35       0016CE
_I2C1_CallbackReturnReset                       (abs)        000000
_I2C1_CallbackReturnStop                        (abs)        000000
_I2C1_DO_ADDRESS_NACK                           (abs)        000000
_I2C1_DO_IDLE                                   (abs)        000000
_I2C1_DO_RCEN                                   (abs)        000000
_I2C1_DO_RESET                                  (abs)        000000
_I2C1_DO_RX                                     (abs)        000000
_I2C1_DO_RX_ACK                                 (abs)        000000
_I2C1_DO_RX_NACK_RESTART                        (abs)        000000
_I2C1_DO_RX_NACK_STOP                           (abs)        000000
_I2C1_DO_SEND_ADR_READ                          (abs)        000000
_I2C1_DO_SEND_ADR_WRITE                         (abs)        000000
_I2C1_DO_SEND_RESTART                           (abs)        000000
_I2C1_DO_SEND_RESTART_READ                      (abs)        000000
_I2C1_DO_SEND_RESTART_WRITE                     (abs)        000000
_I2C1_DO_SEND_STOP                              (abs)        000000
_I2C1_DO_TX                                     (abs)        000000
_I2C1_DO_TX_EMPTY                               (abs)        000000
_I2C1_Initialize                                text22       001998
_I2C1_Status                                    bssBANK0     000060
_I2C2_M_BusReset                                text33       0011D4
_I2C2_M_ClearErrors                             text34       001A1A
_I2C2_M_Poll                                    text31       00110A
_I2C2_M_ReadByte                                text45       000F72
_I2C2_M_RecoverBus                              text32       001822
_I2C2_M_Restart                                 text44       001566
_I2C2_M_Start                                   text43       0013D8
_I2C2_M_Stop                                    text42       0014F6
_I2C2_M_WriteByte                               text41       00128E
_I2C_HWini                                      text30       001A22
_I2C_Mem_Read                                   text40       00077E
_I2C_Mem_Write                                  text37       00092C
_I2C_ModuleStart                                text28       0015D4
_I2C_ModuleStop                                 text27       001A2C
_I2Cflags                                       bssCOMRAM    000057
_INTCON2bits                                    (abs)        000FF1
_INTCONbits                                     (abs)        000FF2
_INTERRUPT_Initialize                           text21       001A28
_INTERRUPT_InterruptManager                     intcode      000008
_LATA                                           (abs)        000F89
_LATB                                           (abs)        000F8A
_LATBbits                                       (abs)        000F8A
_LATC                                           (abs)        000F8B
_LATCbits                                       (abs)        000F8B
_OSCCON                                         (abs)        000FD3
_OSCCON2                                        (abs)        000FD2
_OSCILLATOR_Initialize                          text20       0019CE
_OSCTUNE                                        (abs)        000F9B
_PIE1bits                                       (abs)        000F9D
_PIN_MANAGER_Initialize                         text19       00189A
_PIR1bits                                       (abs)        000F9E
_PIR2bits                                       (abs)        000FA1
_PIR3bits                                       (abs)        000FA4
_PORTCbits                                      (abs)        000F82
_RCONbits                                       (abs)        000FD0
_RCREG1                                         (abs)        000FAE
_RCSTA1                                         (abs)        000FAB
_RCSTA1bits                                     (abs)        000FAB
_SPBRG1                                         (abs)        000FAF
_SPBRGH1                                        (abs)        000FB0
_SPI2_Initialize                                text18       0019AC
_SSP1ADD                                        (abs)        000FC8
_SSP1BUF                                        (abs)        000FC9
_SSP1CON1                                       (abs)        000FC6
_SSP1CON1bits                                   (abs)        000FC6
_SSP1CON2                                       (abs)        000FC5
_SSP1CON2bits                                   (abs)        000FC5
_SSP1STAT                                       (abs)        000FC7
_SSP1STATbits                                   (abs)        000FC7
_SSP2ADD                                        (abs)        000F6E
_SSP2BUF                                        (abs)        000F6F
_SSP2CON1                                       (abs)        000F6C
_SSP2CON1bits                                   (abs)        000F6C
_SSP2CON2                                       (abs)        000F6B
_SSP2STAT                                       (abs)        000F6D
_SYSTEM_Initialize                              text15       001964
_T1CON                                          (abs)        000FCD
_T1CONbits                                      (abs)        000FCD
_T1GCON                                         (abs)        000FCC
_T1GCONbits                                     (abs)        000FCC
_TMR1                                           (abs)        000FCE
_TMR1H                                          (abs)        000FCF
_TMR1L                                          (abs)        000FCE
_TMR1_DefaultInterruptHandler                   text48       001A30
_TMR1_ISR                                       text47       00185E
_TMR1_Initialize                                text16       0018C6
_TMR1_InterruptHandler                          nvBANK0      0000FB
_TMR1_SetInterruptHandler                       text17       0019F2
_TMR1_WriteTimer                                text50       0018F0
_TRISA                                          (abs)        000F92
_TRISB                                          (abs)        000F93
_TRISBbits                                      (abs)        000F93
_TRISC                                          (abs)        000F94
_TRISCbits                                      (abs)        000F94
_TXREG1                                         (abs)        000FAD
_TXSTA1                                         (abs)        000FAC
_TXSTA1bits                                     (abs)        000FAC
_WPUB                                           (abs)        000F61
__HRAM                                          (abs)        000000
__H__absolute__                                 __absolute__ 000000
__Habs1                                         abs1         000000
__Hbank0                                        bank0        000000
__Hbank1                                        bank1        000000
__Hbank10                                       bank10       000000
__Hbank11                                       bank11       000000
__Hbank12                                       bank12       000000
__Hbank13                                       bank13       000000
__Hbank14                                       bank14       000000
__Hbank15                                       bank15       000000
__Hbank2                                        bank2        000000
__Hbank3                                        bank3        000000
__Hbank4                                        bank4        000000
__Hbank5                                        bank5        000000
__Hbank6                                        bank6        000000
__Hbank7                                        bank7        000000
__Hbank8                                        bank8        000000
__Hbank9                                        bank9        000000
__Hbigbss                                       bigbss       000000
__Hbigdata                                      bigdata      000000
__Hbigram                                       bigram       000000
__Hbigsfr                                       bigsfr       000000
__Hbss                                          bss          000000
__HbssBANK0                                     bssBANK0     000000
__HbssBANK2                                     bssBANK2     000000
__HbssCOMRAM                                    bssCOMRAM    000000
__Hcinit                                        cinit        000000
__Hclrtext                                      clrtext      000000
__Hcomram                                       comram       000000
__Hconfig                                       config       30000E
__Hconst                                        const        000000
__HcstackBANK0                                  cstackBANK0  000000
__HcstackBANK1                                  cstackBANK1  000000
__HcstackBANK3                                  cstackBANK3  000000
__HcstackCOMRAM                                 cstackCOMRAM 000000
__Hdata                                         data         000000
__HdataBANK0                                    dataBANK0    000000
__Heeprom_data                                  eeprom_data  000000
__Hfarbss                                       farbss       000000
__Hfardata                                      fardata      000000
__Hheap                                         heap         000000
__Hibigdata                                     ibigdata     000000
__Hidata                                        idata        000000
__HidataBANK0                                   idataBANK0   000000
__Hidloc                                        idloc        200008
__Hifardata                                     ifardata     000000
__Hinit                                         init         000050
__Hintcode                                      intcode      00004C
__Hintcode_body                                 intcode_body 000000
__Hintcodelo                                    intcodelo    00004C
__Hintentry                                     intentry     000000
__Hintret                                       intret       000000
__Hintsave_regs                                 intsave_regs 000000
__Hirdata                                       irdata       000000
__Hmediumconst                                  mediumconst  010000
__HnvBANK0                                      nvBANK0      000000
__HnvBANK1                                      nvBANK1      000000
__HnvBANK2                                      nvBANK2      000000
__HnvFARRAM                                     nvFARRAM     000000
__Hnvbit                                        nvbit        000000
__Hnvrram                                       nvrram       000000
__Hparam                                        rparam       000000
__Hpowerup                                      powerup      00004C
__Hram                                          ram          000000
__Hramtop                                       ramtop       001000
__Hrbit                                         rbit         000000
__Hrbss                                         rbss         000000
__Hrdata                                        rdata        000000
__Hreset_vec                                    reset_vec    000004
__Hrparam                                       rparam       000000
__Hsfr                                          sfr          000000
__Hsmallconst                                   smallconst   000000
__Hspace_0                                      (abs)        010000
__Hspace_1                                      (abs)        000304
__Hspace_2                                      (abs)        000000
__Hspace_4                                      (abs)        60000E
__Hstack                                        stack        000000
__Hstruct                                       struct       000000
__Htemp                                         temp         00005C
__Htext                                         text         000000
__Htext0                                        text0        000000
__Htext1                                        text1        000000
__Htext10                                       text10       000000
__Htext11                                       text11       000000
__Htext12                                       text12       000000
__Htext13                                       text13       000000
__Htext14                                       text14       000000
__Htext15                                       text15       000000
__Htext16                                       text16       000000
__Htext17                                       text17       000000
__Htext18                                       text18       000000
__Htext19                                       text19       000000
__Htext2                                        text2        000000
__Htext20                                       text20       000000
__Htext21                                       text21       000000
__Htext22                                       text22       000000
__Htext23                                       text23       000000
__Htext24                                       text24       000000
__Htext25                                       text25       000000
__Htext26                                       text26       000000
__Htext27                                       text27       000000
__Htext28                                       text28       000000
__Htext29                                       text29       000000
__Htext3                                        text3        000000
__Htext30                                       text30       000000
__Htext31                                       text31       000000
__Htext32                                       text32       000000
__Htext33                                       text33       000000
__Htext34                                       text34       000000
__Htext35                                       text35       000000
__Htext36                                       text36       000000
__Htext37                                       text37       000000
__Htext38                                       text38       000000
__Htext39                                       text39       000000
__Htext4                                        text4        000000
__Htext40                                       text40       000000
__Htext41                                       text41       000000
__Htext42                                       text42       000000
__Htext43                                       text43       000000
__Htext44                                       text44       000000
__Htext45                                       text45       000000
__Htext47                                       text47       000000
__Htext48                                       text48       000000
__Htext49                                       text49       000000
__Htext5                                        text5        000000
__Htext50                                       text50       000000
__Htext51                                       text51       000000
__Htext6                                        text6        000000
__Htext7                                        text7        000000
__Htext8                                        text8        000000
__Htext9                                        text9        000000
__LRAM                                          (abs)        000001
__L__absolute__                                 __absolute__ 000000
__Labs1                                         abs1         000000
__Lbank0                                        bank0        000000
__Lbank1                                        bank1        000000
__Lbank10                                       bank10       000000
__Lbank11                                       bank11       000000
__Lbank12                                       bank12       000000
__Lbank13                                       bank13       000000
__Lbank14                                       bank14       000000
__Lbank15                                       bank15       000000
__Lbank2                                        bank2        000000
__Lbank3                                        bank3        000000
__Lbank4                                        bank4        000000
__Lbank5                                        bank5        000000
__Lbank6                                        bank6        000000
__Lbank7                                        bank7        000000
__Lbank8                                        bank8        000000
__Lbank9                                        bank9        000000
__Lbigbss                                       bigbss       000000
__Lbigdata                                      bigdata      000000
__Lbigram                                       bigram       000000
__Lbigsfr                                       bigsfr       000000
__Lbss                                          bss          000000
__LbssBANK0                                     bssBANK0     000000
__LbssBANK2                                     bssBANK2     000000
__LbssCOMRAM                                    bssCOMRAM    000000
__Lcinit                                        cinit        000000
__Lclrtext                                      clrtext      000000
__Lcomram                                       comram       000000
__Lconfig                                       config       000000
__Lconst                                        const        000000
__LcstackBANK0                                  cstackBANK0  000000
__LcstackBANK1                                  cstackBANK1  000000
__LcstackBANK3                                  cstackBANK3  000000
__LcstackCOMRAM                                 cstackCOMRAM 000000
__Ldata                                         data         000000
__LdataBANK0                                    dataBANK0    000000
__Leeprom_data                                  eeprom_data  000000
__Lfarbss                                       farbss       000000
__Lfardata                                      fardata      000000
__Lheap                                         heap         000000
__Libigdata                                     ibigdata     000000
__Lidata                                        idata        000000
__LidataBANK0                                   idataBANK0   000000
__Lidloc                                        idloc        000000
__Lifardata                                     ifardata     000000
__Linit                                         init         00004C
__Lintcode                                      intcode      000008
__Lintcode_body                                 intcode_body 000000
__Lintcodelo                                    intcodelo    00004C
__Lintentry                                     intentry     000000
__Lintret                                       intret       000000
__Lintsave_regs                                 intsave_regs 000000
__Lirdata                                       irdata       000000
__Lmediumconst                                  mediumconst  00FE54
__LnvBANK0                                      nvBANK0      000000
__LnvBANK1                                      nvBANK1      000000
__LnvBANK2                                      nvBANK2      000000
__LnvFARRAM                                     nvFARRAM     000000
__Lnvbit                                        nvbit        000000
__Lnvrram                                       nvrram       000000
__Lparam                                        rparam       000000
__Lpowerup                                      powerup      00004C
__Lram                                          ram          000000
__Lramtop                                       ramtop       001000
__Lrbit                                         rbit         000000
__Lrbss                                         rbss         000000
__Lrdata                                        rdata        000000
__Lreset_vec                                    reset_vec    000000
__Lrparam                                       rparam       000000
__Lsfr                                          sfr          000000
__Lsmallconst                                   smallconst   000000
__Lspace_0                                      (abs)        000000
__Lspace_1                                      (abs)        000000
__Lspace_2                                      (abs)        000000
__Lspace_4                                      (abs)        000000
__Lstack                                        stack        000000
__Lstruct                                       struct       000000
__Ltemp                                         temp         00005B
__Ltext                                         text         000000
__Ltext0                                        text0        000000
__Ltext1                                        text1        000000
__Ltext10                                       text10       000000
__Ltext11                                       text11       000000
__Ltext12                                       text12       000000
__Ltext13                                       text13       000000
__Ltext14                                       text14       000000
__Ltext15                                       text15       000000
__Ltext16                                       text16       000000
__Ltext17                                       text17       000000
__Ltext18                                       text18       000000
__Ltext19                                       text19       000000
__Ltext2                                        text2        000000
__Ltext20                                       text20       000000
__Ltext21                                       text21       000000
__Ltext22                                       text22       000000
__Ltext23                                       text23       000000
__Ltext24                                       text24       000000
__Ltext25                                       text25       000000
__Ltext26                                       text26       000000
__Ltext27                                       text27       000000
__Ltext28                                       text28       000000
__Ltext29                                       text29       000000
__Ltext3                                        text3        000000
__Ltext30                                       text30       000000
__Ltext31                                       text31       000000
__Ltext32                                       text32       000000
__Ltext33                                       text33       000000
__Ltext34                                       text34       000000
__Ltext35                                       text35       000000
__Ltext36                                       text36       000000
__Ltext37                                       text37       000000
__Ltext38                                       text38       000000
__Ltext39                                       text39       000000
__Ltext4                                        text4        000000
__Ltext40                                       text40       000000
__Ltext41                                       text41       000000
__Ltext42                                       text42       000000
__Ltext43                                       text43       000000
__Ltext44                                       text44       000000
__Ltext45                                       text45       000000
__Ltext47                                       text47       000000
__Ltext48                                       text48       000000
__Ltext49                                       text49       000000
__Ltext5                                        text5        000000
__Ltext50                                       text50       000000
__Ltext51                                       text51       000000
__Ltext6                                        text6        000000
__Ltext7                                        text7        000000
__Ltext8                                        text8        000000
__Ltext9                                        text9        000000
__S0                                            (abs)        010000
__S1                                            (abs)        000304
__S4                                            (abs)        000000
__S5                                            (abs)        000000
___aldiv                                        text13       000B9E
___aldiv@counter                                cstackCOMRAM 00000D
___aldiv@dividend                               cstackCOMRAM 000005
___aldiv@divisor                                cstackCOMRAM 000009
___aldiv@quotient                               cstackCOMRAM 00000F
___aldiv@sign                                   cstackCOMRAM 00000E
___almod                                        text12       000E86
___almod@counter                                cstackCOMRAM 00000D
___almod@dividend                               cstackCOMRAM 000005
___almod@divisor                                cstackCOMRAM 000009
___almod@sign                                   cstackCOMRAM 00000E
___heap_hi                                      (abs)        000000
___heap_lo                                      (abs)        000000
___inthi_sp                                     stack        000000
___intlo_sp                                     stack        000000
___lldiv                                        text29       001334
___lldiv@counter                                cstackCOMRAM 000011
___lldiv@dividend                               cstackCOMRAM 000005
___lldiv@divisor                                cstackCOMRAM 000009
___lldiv@quotient                               cstackCOMRAM 00000D
___param_bank                                   (abs)        000000
___rparam_used                                  (abs)        000001
___sp                                           stack        000000
__accesstop                                     (abs)        000060
__activetblptr                                  (abs)        000003
__end_of_EUSART1_Initialize                     text23       001822
__end_of_EUSART1_SetErrorHandler                text26       001A1A
__end_of_EUSART1_SetFramingErrorHandler         text25       001A10
__end_of_EUSART1_SetOverrunErrorHandler         text24       001A06
__end_of_EUSART1_Write                          text10       001998
__end_of_FsScape_EEPROM_interface_style         mediumconst  00FE7F
__end_of_FsScape_FLASH_interface_style          mediumconst  00FE7E
__end_of_FsScape_SRAM_interface_style           mediumconst  00FE80
__end_of_FsScape_get_index_SRAM                 text39       000E86
__end_of_FsScape_get_index_crc_SRAM             text38       000D98
__end_of_FsScape_set_index_SRAM                 text36       00175E
__end_of_FsScape_set_index_crc_SRAM             text35       001716
__end_of_I2C1_Initialize                        text22       0019AC
__end_of_I2C2_M_BusReset                        text33       00128E
__end_of_I2C2_M_ClearErrors                     text34       001A22
__end_of_I2C2_M_Poll                            text31       0011D4
__end_of_I2C2_M_ReadByte                        text45       001040
__end_of_I2C2_M_RecoverBus                      text32       00185E
__end_of_I2C2_M_Restart                         text44       0015D4
__end_of_I2C2_M_Start                           text43       00147C
__end_of_I2C2_M_Stop                            text42       001566
__end_of_I2C2_M_WriteByte                       text41       001334
__end_of_I2C_HWini                              text30       001A28
__end_of_I2C_Mem_Read                           text40       00092C
__end_of_I2C_Mem_Write                          text37       000A66
__end_of_I2C_ModuleStart                        text28       001634
__end_of_I2C_ModuleStop                         text27       001A30
__end_of_INTERRUPT_Initialize                   text21       001A2C
__end_of_INTERRUPT_InterruptManager             intcode      00004C
__end_of_OSCILLATOR_Initialize                  text20       0019DC
__end_of_PIN_MANAGER_Initialize                 text19       0018C6
__end_of_SPI2_Initialize                        text18       0019BE
__end_of_SYSTEM_Initialize                      text15       001982
__end_of_TMR1_DefaultInterruptHandler           text48       001A32
__end_of_TMR1_ISR                               text47       00189A
__end_of_TMR1_Initialize                        text16       0018F0
__end_of_TMR1_SetInterruptHandler               text17       0019FC
__end_of_TMR1_WriteTimer                        text50       001918
__end_of___aldiv                                text13       000CAA
__end_of___almod                                text12       000F72
__end_of___lldiv                                text29       0013D8
__end_of__initialization                        cinit        0016C4
__end_of_abs                                    text11       0017E2
__end_of_dtoa                                   text5        00077E
__end_of_fputc                                  text8        00110A
__end_of_fputs                                  text7        0017A2
__end_of_i2c1_fsmStateTable                     mediumconst  00FE75
__end_of_increment_interrupt                    text49       0019CE
__end_of_main                                   text0        0005B6
__end_of_millis                                 text14       001964
__end_of_pad                                    text6        0014F6
__end_of_printf                                 text1        00193E
__end_of_putch                                  text9        0019F2
__end_of_spi1_configuration                     mediumconst  00FE7D
__end_of_spi2_configuration                     mediumconst  00FE79
__end_of_vfpfcnvrt                              text3        000380
__end_of_vfprintf                               text2        001684
__end_of_xtoa                                   text4        000B9E
__initialization                                cinit        001684
__mediumconst                                   mediumconst  00FE54
__micros                                        bssBANK0     000092
__millis                                        bssBANK0     00008E
__pbssBANK0                                     bssBANK0     000060
__pbssBANK2                                     bssBANK2     000200
__pbssCOMRAM                                    bssCOMRAM    000057
__pcinit                                        cinit        001684
__pcstackBANK0                                  cstackBANK0  0000CC
__pcstackBANK1                                  cstackBANK1  000100
__pcstackBANK3                                  cstackBANK3  000300
__pcstackCOMRAM                                 cstackCOMRAM 000001
__pdataBANK0                                    dataBANK0    0000F0
__pidataBANK0                                   idataBANK0   0019DC
__pintcode                                      intcode      000008
__pmediumconst                                  mediumconst  00FE54
__pnvBANK0                                      nvBANK0      0000FB
__pnvBANK1                                      nvBANK1      0001FE
__pnvBANK2                                      nvBANK2      0002FE
__ptext0                                        text0        000380
__ptext1                                        text1        001918
__ptext10                                       text10       001982
__ptext11                                       text11       0017A2
__ptext12                                       text12       000E86
__ptext13                                       text13       000B9E
__ptext14                                       text14       00193E
__ptext15                                       text15       001964
__ptext16                                       text16       0018C6
__ptext17                                       text17       0019F2
__ptext18                                       text18       0019AC
__ptext19                                       text19       00189A
__ptext2                                        text2        001634
__ptext20                                       text20       0019CE
__ptext21                                       text21       001A28
__ptext22                                       text22       001998
__ptext23                                       text23       0017E2
__ptext24                                       text24       0019FC
__ptext25                                       text25       001A06
__ptext26                                       text26       001A10
__ptext27                                       text27       001A2C
__ptext28                                       text28       0015D4
__ptext29                                       text29       001334
__ptext3                                        text3        000050
__ptext30                                       text30       001A22
__ptext31                                       text31       00110A
__ptext32                                       text32       001822
__ptext33                                       text33       0011D4
__ptext34                                       text34       001A1A
__ptext35                                       text35       0016CE
__ptext36                                       text36       001716
__ptext37                                       text37       00092C
__ptext38                                       text38       000CAA
__ptext39                                       text39       000D98
__ptext4                                        text4        000A66
__ptext40                                       text40       00077E
__ptext41                                       text41       00128E
__ptext42                                       text42       0014F6
__ptext43                                       text43       0013D8
__ptext44                                       text44       001566
__ptext45                                       text45       000F72
__ptext47                                       text47       00185E
__ptext48                                       text48       001A30
__ptext49                                       text49       0019BE
__ptext5                                        text5        0005B6
__ptext50                                       text50       0018F0
__ptext51                                       text51       000000
__ptext6                                        text6        00147C
__ptext7                                        text7        00175E
__ptext8                                        text8        001040
__ptext9                                        text9        0019E8
__ramtop                                        ramtop       001000
__smallconst                                    smallconst   000000
_abs                                            text11       0017A2
_dbuf                                           bssBANK0     0000AC
_dtoa                                           text5        0005B6
_dtoa$3496                                      cstackCOMRAM 000028
_eusart1RxLastError                             bssBANK0     0000AB
_flags                                          bssBANK0     0000A6
_fputc                                          text8        001040
_fputs                                          text7        00175E
_fsscape_SRAM_index_addr                        bssBANK0     000096
_i2c1_fsmStateTable                             mediumconst  00FE55
_increment_interrupt                            text49       0019BE
_main                                           text0        000380
_millis                                         text14       00193E
_myi_AT45dbxx                                   bssBANK0     00009A
_pad                                            text6        00147C
_prec                                           bssBANK0     0000A0
_printf                                         text1        001918
_putch                                          text9        0019E8
_rd1RegCompleteHandler                          (abs)        000000
_rd2RegCompleteHandler                          (abs)        000000
_rdBlkRegCompleteHandler                        (abs)        000000
_spi1_configuration                             mediumconst  00FE79
_spi2_configuration                             mediumconst  00FE75
_timer1ReloadVal                                bssCOMRAM    000059
_timer_fract                                    bssBANK0     0000A7
_timer_overflow_count                           bssBANK0     00008A
_vfpfcnvrt                                      text3        000050
_vfprintf                                       text2        001634
_width                                          bssBANK0     00009E
_wr1RegCompleteHandler                          (abs)        000000
_wr2RegCompleteHandler                          (abs)        000000
_xtoa                                           text4        000A66
_xtoa$3505                                      cstackCOMRAM 00002E
abs@a                                           cstackCOMRAM 00000F
btemp                                           temp         00005B
dtoa@d                                          cstackCOMRAM 000024
dtoa@fp                                         cstackCOMRAM 000022
dtoa@i                                          cstackCOMRAM 00002F
dtoa@p                                          cstackCOMRAM 00002A
dtoa@s                                          cstackCOMRAM 00002E
dtoa@w                                          cstackCOMRAM 00002C
end_of_initialization                           cinit        0016C4
fputc@c                                         cstackCOMRAM 000007
fputc@fp                                        cstackCOMRAM 000009
fputs@c                                         cstackCOMRAM 000014
fputs@fp                                        cstackCOMRAM 000012
fputs@i                                         cstackCOMRAM 000015
fputs@s                                         cstackCOMRAM 000010
int$flags                                       temp         00005B
intlevel0                                       text         000000
intlevel1                                       text         000000
intlevel2                                       text         000000
intlevel3                                       text         000000
isa$std                                         (abs)        000001
isa$xinst                                       (abs)        000000
main@F6383                                      dataBANK0    0000F0
main@adressme                                   cstackBANK0  0000E8
main@adressme2                                  cstackBANK0  0000EC
main@adressme3                                  cstackBANK0  0000E0
main@bus_reset                                  cstackBANK0  0000DE
main@check1                                     cstackBANK0  0000E4
main@check2                                     cstackBANK3  000300
main@check3                                     cstackBANK0  0000D7
main@temp                                       cstackBANK0  0000DC
main@temp2                                      cstackBANK0  0000DD
main@valor                                      cstackCOMRAM 000056
main@valor2                                     cstackBANK0  0000DB
main@valoresrx                                  cstackBANK1  000100
main@valorestx                                  cstackBANK0  0000CC
millis@m                                        cstackCOMRAM 000009
pad@buf                                         cstackCOMRAM 000019
pad@fp                                          cstackCOMRAM 000017
pad@i                                           cstackCOMRAM 00001E
pad@p                                           cstackCOMRAM 00001B
pad@w                                           cstackCOMRAM 000020
printf@ap                                       cstackCOMRAM 000054
printf@fmt                                      cstackCOMRAM 00004E
putch@txData                                    cstackCOMRAM 000006
stackhi                                         (abs)        000000
stacklo                                         (abs)        000000
start                                           init         00004C
start_initialization                            cinit        001684
ttemp5                                          temp         00005C
ttemp6                                          temp         00005F
ttemp7                                          temp         000063
vfpfcnvrt@ap                                    cstackCOMRAM 000039
vfpfcnvrt@c                                     cstackCOMRAM 000043
vfpfcnvrt@convarg                               cstackCOMRAM 00003F
vfpfcnvrt@cp                                    cstackCOMRAM 000044
vfpfcnvrt@fmt                                   cstackCOMRAM 000037
vfpfcnvrt@fp                                    cstackCOMRAM 000035
vfprintf@ap                                     cstackCOMRAM 00004A
vfprintf@cfmt                                   cstackCOMRAM 00004C
vfprintf@fmt                                    cstackCOMRAM 000048
vfprintf@fp                                     cstackCOMRAM 000046
wtemp8                                          temp         00005C
xtoa@c                                          cstackCOMRAM 000034
xtoa@d                                          cstackCOMRAM 000024
xtoa@fp                                         cstackCOMRAM 000022
xtoa@i                                          cstackCOMRAM 000032
xtoa@p                                          cstackCOMRAM 000030
xtoa@w                                          cstackCOMRAM 00002C


MODULE INFORMATION

Module		Function		Class		Link	Load	Size
C:\Program Files\Microchip\xc8\v2.41\pic\sources\c99\common\almod.c
		___almod       		CODE           	0E86	0000	236

C:\Program Files\Microchip\xc8\v2.41\pic\sources\c99\common\almod.c estimated size: 236

mcc_generated_files/i2c1_master.c
		_I2C1_Initialize		CODE           	1998	0000	20

mcc_generated_files/i2c1_master.c estimated size: 20

C:\Program Files\Microchip\xc8\v2.41\pic\sources\c99\common\__lldiv.c
		___lldiv       		CODE           	1334	0000	164

C:\Program Files\Microchip\xc8\v2.41\pic\sources\c99\common\__lldiv.c estimated size: 164

mcc_generated_files/interrupt_manager.c
		_INTERRUPT_Initialize		CODE           	1A28	0000	4
		_INTERRUPT_InterruptManager		CODE           	0008	0000	68

mcc_generated_files/interrupt_manager.c estimated size: 72

millis.c
		_millis        		CODE           	193E	0000	38
		_increment_interrupt		CODE           	19BE	0000	16

millis.c estimated size: 54

C:\Program Files\Microchip\xc8\v2.41\pic\sources\c99\common\nf_fputc.c
		_fputc         		CODE           	1040	0000	202

C:\Program Files\Microchip\xc8\v2.41\pic\sources\c99\common\nf_fputc.c estimated size: 202

mcc_generated_files/pin_manager.c
		_PIN_MANAGER_Initialize		CODE           	189A	0000	44

mcc_generated_files/pin_manager.c estimated size: 44

C:\Program Files\Microchip\xc8\v2.41\pic\sources\c99\common\aldiv.c
		___aldiv       		CODE           	0B9E	0000	268

C:\Program Files\Microchip\xc8\v2.41\pic\sources\c99\common\aldiv.c estimated size: 268

C:\Program Files\Microchip\xc8\v2.41\pic\sources\c99\common\abs.c
		_abs           		CODE           	17A2	0000	64

C:\Program Files\Microchip\xc8\v2.41\pic\sources\c99\common\abs.c estimated size: 64

C:\Program Files\Microchip\xc8\v2.41\pic\sources\c99\common\doprnt.c
		_vfpfcnvrt     		CODE           	0050	0000	816
		_pad           		CODE           	147C	0000	122
		_dtoa          		CODE           	05B6	0000	456
		_vfprintf      		CODE           	1634	0000	80
		_xtoa          		CODE           	0A66	0000	312

C:\Program Files\Microchip\xc8\v2.41\pic\sources\c99\common\doprnt.c estimated size: 1786

fsscape.c
		_FsScape_get_index_crc_SRAM		CODE           	0CAA	0000	238
		_FsScape_set_index_crc_SRAM		CODE           	16CE	0000	72
		_FsScape_get_index_SRAM		CODE           	0D98	0000	238
		_FsScape_set_index_SRAM		CODE           	1716	0000	72

fsscape.c estimated size: 620

shared
		_FsScape_EEPROM_interface_style		MEDIUMCONST    	FE7E	0000	1
		__initialization		CODE           	1684	0000	64
		_FsScape_FLASH_interface_style		MEDIUMCONST    	FE7D	0000	1
		_i2c1_fsmStateTable		MEDIUMCONST    	FE55	0000	32
		_FsScape_SRAM_interface_style		MEDIUMCONST    	FE7F	0000	1
		_spi1_configuration		MEDIUMCONST    	FE79	0000	4
		_spi2_configuration		MEDIUMCONST    	FE75	0000	4

shared estimated size: 107

mcc_generated_files/eusart1.c
		_EUSART1_Initialize		CODE           	17E2	0000	64
		_putch         		CODE           	19E8	0000	10
		_EUSART1_SetFramingErrorHandler		CODE           	1A06	0000	10
		_EUSART1_SetOverrunErrorHandler		CODE           	19FC	0000	10
		_EUSART1_SetErrorHandler		CODE           	1A10	0000	10
		_EUSART1_Write 		CODE           	1982	0000	22

mcc_generated_files/eusart1.c estimated size: 126

mcc_generated_files/mcc.c
		_OSCILLATOR_Initialize		CODE           	19CE	0000	14
		_SYSTEM_Initialize		CODE           	1964	0000	30

mcc_generated_files/mcc.c estimated size: 44

my_i2c_pic18.c
		_I2C_Mem_Read  		CODE           	077E	0000	430
		_I2C_Mem_Write 		CODE           	092C	0000	314
		_I2C2_M_ClearErrors		CODE           	1A1A	0000	8
		_I2C2_M_Poll   		CODE           	110A	0000	202
		_I2C2_M_Stop   		CODE           	14F6	0000	112
		_I2C2_M_Start  		CODE           	13D8	0000	164
		_I2C2_M_WriteByte		CODE           	128E	0000	166
		_I2C_ModuleStop		CODE           	1A2C	0000	4
		_I2C_HWini     		CODE           	1A22	0000	6
		_I2C2_M_Restart		CODE           	1566	0000	110
		_I2C2_M_RecoverBus		CODE           	1822	0000	60
		_I2C_ModuleStart		CODE           	15D4	0000	96
		_I2C2_M_ReadByte		CODE           	0F72	0000	206
		_I2C2_M_BusReset		CODE           	11D4	0000	186

my_i2c_pic18.c estimated size: 2064

mcc_generated_files/tmr1.c
		_TMR1_Initialize		CODE           	18C6	0000	42
		_TMR1_SetInterruptHandler		CODE           	19F2	0000	10
		_TMR1_DefaultInterruptHandler		CODE           	1A30	0000	2
		_TMR1_WriteTimer		CODE           	18F0	0000	40
		_TMR1_ISR      		CODE           	185E	0000	60

mcc_generated_files/tmr1.c estimated size: 154

C:\Program Files\Microchip\xc8\v2.41\pic\sources\c99\common\nf_fputs.c
		_fputs         		CODE           	175E	0000	68

C:\Program Files\Microchip\xc8\v2.41\pic\sources\c99\common\nf_fputs.c estimated size: 68

mcc_generated_files/spi2.c
		_SPI2_Initialize		CODE           	19AC	0000	18

mcc_generated_files/spi2.c estimated size: 18

main.c
		_main          		CODE           	0380	0000	566

main.c estimated size: 566

C:\Program Files\Microchip\xc8\v2.41\pic\sources\c99\common\printf.c
		_printf        		CODE           	1918	0000	38

C:\Program Files\Microchip\xc8\v2.41\pic\sources\c99\common\printf.c estimated size: 38

