Microchip MPLAB XC8 Compiler V2.41

Linker command line:

-W-3 \
  --edf=C:/Users/Raphael/.mchp_packs/Microchip/PIC18F-K_DFP/1.13.292/xc8\pic\dat\20231012153220_en.msgs \
  -cn -h+dist/default/debug\flash_fsscape.X.debug.sym \
  --cmf=dist/default/debug\flash_fsscape.X.debug.cmf -z -Q18F26K22 \
  -oC:\Users\Raphael\AppData\Local\Temp\xcAsj6s.\driver_tmp_3.o \
  --defsym=__MPLAB_BUILD=1 --fixupoverflow=error \
  -Mdist/default/debug/flash_fsscape.X.debug.map \
  --md=C:\Users\Raphael\AppData\Local\Temp\xcAsj6s.\driver_tmp_0.dat -E1 \
  -ver=XC8 Compiler --acfsm=1493 -ACODE=00h-0FFFFh -ACONST=00h-0FFFFh \
  -ASMALLCONST=01000h-010FFhx240 -AMEDIUMCONST=01000h-0FFFFh \
  -ACOMRAM=01h-05Fh -AABS1=00h-0F37h -ABIGRAM=01h-0F37h \
  -ARAM=060h-0FFh,0100h-01FFhx14,0F00h-0F37h -ABANK0=060h-0FFh \
  -ABANK1=0100h-01FFh -ABANK2=0200h-02FFh -ABANK3=0300h-03FFh \
  -ABANK4=0400h-04FFh -ABANK5=0500h-05FFh -ABANK6=0600h-06FFh \
  -ABANK7=0700h-07FFh -ABANK8=0800h-08FFh -ABANK9=0900h-09FFh \
  -ABANK10=0A00h-0AFFh -ABANK11=0B00h-0BFFh -ABANK12=0C00h-0CFFh \
  -ABANK13=0D00h-0DFFh -ABANK14=0E00h-0EFFh -ABANK15=0F00h-0F37h \
  -ASFR=0F38h-0F5Fh,0F60h-0FFFh -ABIGSFR=0F38h-0FFFh \
  -ACONFIG=0300000h-030000Dh -AIDLOC=0200000h-0200007h \
  -AEEDATA=0F00000h-0F003FFh -peeprom_data=EEDATA \
  -preset_vec=00h,intcode=08h,intcodelo,powerup,init -pramtop=01000h \
  -psmallconst=SMALLCONST -pmediumconst=MEDIUMCONST -pconst=CONST \
  -AFARRAM=00h-00h \
  -prdata=COMRAM,nvrram=COMRAM,nvbit=COMRAM,rbss=COMRAM,rbit=COMRAM \
  -pfarbss=FARRAM,fardata=FARRAM,nvFARRAM=FARRAM \
  -pintsave_regs=BIGRAM,bigbss=BIGRAM,bigdata=BIGRAM -pbss=RAM \
  -pidata=CODE,irdata=CODE,ibigdata=CODE,ifardata=CODE -prparam=COMRAM \
  C:\Users\Raphael\AppData\Local\Temp\xcAsj6s.\driver_tmp_14.o \
  dist/default/debug\flash_fsscape.X.debug.o 

Object code version is 3.11

Machine type is 18F26K22



                Name                               Link     Load   Length Selector   Space Scale
C:\Users\Raphael\AppData\Local\Temp\xcAsj6s.\driver_tmp_14.o
                idloc                            200000   200000        8        0       5
                config                           300000   300000        E        0       4
                init                                 4C       4C        4        4       0
                reset_vec                             0        0        4        0       0
dist/default/debug\flash_fsscape.X.debug.o
                intcode                               8        8       44        4       0
                idloc                            200000   200000        8        0       5
                config                           300000   300000        E        0       4
                temp                                 57       57        1        1       1
                smallconst                         1000     1000       E2      800       0
                text41                             20E0     20E0       28      871       0
                text40                             21DE     21DE       10      871       0
                text39                             2232     2232        2      871       0
                text38                             1FE8     1FE8       3C      871       0
                text36                             2172     2172       1A      871       0
                text35                             21A2     21A2       16      871       0
                text34                             12EC     12EC      1C6      871       0
                text33                             1D68     1D68       72      871       0
                text32                             1E30     1E30       54      871       0
                text31                             1C54     1C54       9A      871       0
                text30                             1BA8     1BA8       AC      871       0
                text29                             2224     2224        A      871       0
                text28                             221A     221A        A      871       0
                text27                             2210     2210        A      871       0
                text26                             1FA8     1FA8       40      871       0
                text25                             21B8     21B8       14      871       0
                text24                             222E     222E        4      871       0
                text23                             21EE     21EE        E      871       0
                text22                             208A     208A       2C      871       0
                text21                             21CC     21CC       12      871       0
                text20                             2206     2206        A      871       0
                text19                             20B6     20B6       2A      871       0
                text18                             2154     2154       1E      871       0
                text17                             212E     212E       26      871       0
                text16                             1A34     1A34       C4      871       0
                text15                             1AF8     1AF8       B0      871       0
                text14                             1F68     1F68       40      871       0
                text13                             218C     218C       16      871       0
                text12                             21FC     21FC        A      871       0
                text11                             196A     196A       CA      871       0
                text10                             1F24     1F24       44      871       0
                text9                              1CEE     1CEE       7A      871       0
                text8                              14B2     14B2      196      871       0
                text7                              2024     2024       36      871       0
                text6                              1648     1648      124      871       0
                text5                              1880     1880       EA      871       0
                text4                              10E2     10E2      20A      871       0
                text3                              1ED4     1ED4       50      871       0
                text2                              2108     2108       26      871       0
                text1                              1E84     1E84       50      871       0
                text0                              176C     176C      114      871       0
                cstackCOMRAM                          1        1       52        1       1
                cstackBANK0                          AC       AC       3B       60       1
                cstackBANK1                         100      100       FE      100       1
                cstackBANK2                         26E      26E       1E      200       1
                bssBANK3                            300      300       FE      300       1
                dataBANK2                           23E      23E       30      200       1
                bssBANK2                            200      200       3E      200       1
                bssBANK0                             60       60       4C       60       1
                bssCOMRAM                            53       53        4        1       1
                cinit                              1DDA     1DDA       56      871       0
                nvBANK1                             1FE      1FE        2      100       1
                nvBANK0                              E7       E7        6       60       1
                idataBANK2                         205A     205A       30      871       0

TOTAL           Name                               Link     Load   Length     Space
        CLASS   CODE           
                intcode                               8        8       44         0
                init                                 4C       4C        4         0
                reset_vec                             0        0        4         0
                text41                             20E0     20E0       28         0
                text40                             21DE     21DE       10         0
                text39                             2232     2232        2         0
                text38                             1FE8     1FE8       3C         0
                text36                             2172     2172       1A         0
                text35                             21A2     21A2       16         0
                text34                             12EC     12EC      1C6         0
                text33                             1D68     1D68       72         0
                text32                             1E30     1E30       54         0
                text31                             1C54     1C54       9A         0
                text30                             1BA8     1BA8       AC         0
                text29                             2224     2224        A         0
                text28                             221A     221A        A         0
                text27                             2210     2210        A         0
                text26                             1FA8     1FA8       40         0
                text25                             21B8     21B8       14         0
                text24                             222E     222E        4         0
                text23                             21EE     21EE        E         0
                text22                             208A     208A       2C         0
                text21                             21CC     21CC       12         0
                text20                             2206     2206        A         0
                text19                             20B6     20B6       2A         0
                text18                             2154     2154       1E         0
                text17                             212E     212E       26         0
                text16                             1A34     1A34       C4         0
                text15                             1AF8     1AF8       B0         0
                text14                             1F68     1F68       40         0
                text13                             218C     218C       16         0
                text12                             21FC     21FC        A         0
                text11                             196A     196A       CA         0
                text10                             1F24     1F24       44         0
                text9                              1CEE     1CEE       7A         0
                text8                              14B2     14B2      196         0
                text7                              2024     2024       36         0
                text6                              1648     1648      124         0
                text5                              1880     1880       EA         0
                text4                              10E2     10E2      20A         0
                text3                              1ED4     1ED4       50         0
                text2                              2108     2108       26         0
                text1                              1E84     1E84       50         0
                text0                              176C     176C      114         0
                cinit                              1DDA     1DDA       56         0
                idataBANK2                         205A     205A       30         0

        CLASS   CONST          

        CLASS   SMALLCONST     
                smallconst                         1000     1000       E2         0

        CLASS   MEDIUMCONST    

        CLASS   COMRAM         
                temp                                 57       57        1         1
                cstackCOMRAM                          1        1       52         1
                bssCOMRAM                            53       53        4         1

        CLASS   ABS1           

        CLASS   BIGRAM         

        CLASS   RAM            

        CLASS   BANK0          
                cstackBANK0                          AC       AC       3B         1
                bssBANK0                             60       60       4C         1
                nvBANK0                              E7       E7        6         1

        CLASS   BANK1          
                cstackBANK1                         100      100       FE         1
                nvBANK1                             1FE      1FE        2         1

        CLASS   BANK2          
                cstackBANK2                         26E      26E       1E         1
                dataBANK2                           23E      23E       30         1
                bssBANK2                            200      200       3E         1

        CLASS   BANK3          
                bssBANK3                            300      300       FE         1

        CLASS   BANK4          

        CLASS   BANK5          

        CLASS   BANK6          

        CLASS   BANK7          

        CLASS   BANK8          

        CLASS   BANK9          

        CLASS   BANK10         

        CLASS   BANK11         

        CLASS   BANK12         

        CLASS   BANK13         

        CLASS   BANK14         

        CLASS   BANK15         

        CLASS   SFR            

        CLASS   BIGSFR         

        CLASS   CONFIG         
                config                           300000   300000        E         4

        CLASS   IDLOC          
                idloc                            200000   200000        8         5

        CLASS   EEDATA         

        CLASS   FARRAM         

        CLASS   HEAP           

        CLASS   STACK          



SEGMENTS        Name                           Load    Length   Top    Selector   Space  Class

                reset_vec                      000000  000004  000004         0       0  CODE    
                cstackCOMRAM                   000001  000057  000058         1       1  COMRAM  
                intcode                        000008  000048  000050         4       0  CODE    
                bssBANK0                       000060  00008D  0000ED        60       1  BANK0   
                cstackBANK1                    000100  000100  000200       100       1  BANK1   
                bssBANK2                       000200  00008C  00028C       200       1  BANK2   
                bssBANK3                       000300  0000FE  0003FE       300       1  BANK3   
                smallconst                     001000  0000E2  0010E2       800       0  SMALLCON
                text4                          0010E2  001152  002234       871       0  CODE    


UNUSED ADDRESS RANGES

        Name                Unused          Largest block    Delta
        BANK0            0000ED-0000FF               13
        BANK10           000A00-000AFF              100
        BANK11           000B00-000BFF              100
        BANK12           000C00-000CFF              100
        BANK13           000D00-000DFF              100
        BANK14           000E00-000EFF              100
        BANK15           000F00-000F37               38
        BANK2            00028C-0002FF               74
        BANK3            0003FE-0003FF                2
        BANK4            000400-0004FF              100
        BANK5            000500-0005FF              100
        BANK6            000600-0006FF              100
        BANK7            000700-0007FF              100
        BANK8            000800-0008FF              100
        BANK9            000900-0009FF              100
        BIGRAM           000058-00005F                8
                         0000ED-0000FF               13
                         00028C-0002FF               74
                         0003FE-000F37              B3A
        BIGSFR           000F38-000FFF               C8
        CODE             000004-000007                4
                         000050-000FFF              FB0
                         002234-00FFFF             DDCC
        COMRAM           000058-00005F                8
        CONST            000004-000007                4
                         000050-000FFF              FB0
                         002234-00FFFF             DDCC
        EEDATA           F00000-F003FF              400
        MEDIUMCONST      002234-00FFFF             DDCC
        RAM              0000ED-0000FF               13
                         00028C-0002FF               74
                         0003FE-000F37              100
        SFR              000F38-000FFF               28
        SMALLCONST       002234-00FFFF              100

                                  Symbol Table

?___awdiv                                       cstackCOMRAM 000005
?___awmod                                       cstackCOMRAM 000005
?_abs                                           cstackCOMRAM 00000B
?_millis                                        cstackCOMRAM 000005
?_printf                                        cstackCOMRAM 000047
?_sprintf                                       cstackCOMRAM 000047
?_strlen                                        cstackCOMRAM 000005
?_strncmp                                       cstackCOMRAM 000005
?_vfprintf                                      cstackCOMRAM 00003F
AT45dbxx_Init@Temp0                             cstackCOMRAM 00000A
AT45dbxx_Init@Temp1                             cstackCOMRAM 000009
AT45dbxx_Init@Temp2                             cstackCOMRAM 00000B
AT45dbxx_ReadPage@Data                          cstackCOMRAM 00000B
AT45dbxx_ReadPage@len                           cstackCOMRAM 00000D
AT45dbxx_ReadPage@page                          cstackCOMRAM 00000F
AT45dbxx_ReadStatus@status                      cstackCOMRAM 000006
AT45dbxx_WaitBusy@status                        cstackCOMRAM 000009
AT45dbxx_WaitBusy@timeout                       cstackCOMRAM 000007
EUSART1_SetErrorHandler@interruptHandler        cstackCOMRAM 000005
EUSART1_SetFramingErrorHandler@interruptHandler cstackCOMRAM 000005
EUSART1_SetOverrunErrorHandler@interruptHandler cstackCOMRAM 000005
EUSART1_Write@txData                            cstackCOMRAM 000005
SPI2_ExchangeBlock@block                        cstackCOMRAM 000005
SPI2_ExchangeBlock@blockSize                    cstackCOMRAM 000007
SPI2_ExchangeBlock@data                         cstackCOMRAM 000009
SPI2_ExchangeByte@data                          cstackCOMRAM 000005
SPI2_Open@spi2UniqueConfiguration               cstackCOMRAM 000006
TMR1_SetInterruptHandler@InterruptHandler       cstackCOMRAM 000005
TMR1_WriteTimer@timerVal                        cstackCOMRAM 000001
_ANSELA                                         (abs)        000F38
_ANSELB                                         (abs)        000F39
_ANSELC                                         (abs)        000F3A
_AT45dbxx                                       bssBANK0     000084
_AT45dbxx_Init                                  text34       0012EC
_AT45dbxx_ReadPage                              text31       001C54
_AT45dbxx_ReadStatus                            text35       0021A2
_AT45dbxx_WaitBusy                              text33       001D68
_BAUDCON1                                       (abs)        000FB8
_EUSART1_DefaultErrorHandler                    (abs)        000000
_EUSART1_DefaultFramingErrorHandler             (abs)        000000
_EUSART1_DefaultOverrunErrorHandler             (abs)        000000
_EUSART1_ErrorHandler                           nvBANK1      0001FE
_EUSART1_FramingErrorHandler                    nvBANK0      0000EB
_EUSART1_Initialize                             text26       001FA8
_EUSART1_OverrunErrorHandler                    nvBANK0      0000E9
_EUSART1_SetErrorHandler                        text29       002224
_EUSART1_SetFramingErrorHandler                 text28       00221A
_EUSART1_SetOverrunErrorHandler                 text27       002210
_EUSART1_Write                                  text13       00218C
_FsScape_CS                                     bssBANK0     0000A4
_FsScape_CSbit                                  bssBANK0     0000A2
_FsScape_EEPROM_interface_style                 smallconst   00102A
_FsScape_FLASH_interface_style                  smallconst   001029
_FsScape_SRAM_interface_style                   smallconst   00102B
_FsScape_i2c_EEPROM_addr                        bssBANK0     0000A9
_FsScape_i2c_FLASH_addr                         bssBANK0     0000A8
_FsScape_i2c_SRAM_addr                          bssBANK0     0000AA
_I2C1_CallbackReturnReset                       (abs)        000000
_I2C1_CallbackReturnStop                        (abs)        000000
_I2C1_DO_ADDRESS_NACK                           (abs)        000000
_I2C1_DO_IDLE                                   (abs)        000000
_I2C1_DO_RCEN                                   (abs)        000000
_I2C1_DO_RESET                                  (abs)        000000
_I2C1_DO_RX                                     (abs)        000000
_I2C1_DO_RX_ACK                                 (abs)        000000
_I2C1_DO_RX_NACK_RESTART                        (abs)        000000
_I2C1_DO_RX_NACK_STOP                           (abs)        000000
_I2C1_DO_SEND_ADR_READ                          (abs)        000000
_I2C1_DO_SEND_ADR_WRITE                         (abs)        000000
_I2C1_DO_SEND_RESTART                           (abs)        000000
_I2C1_DO_SEND_RESTART_READ                      (abs)        000000
_I2C1_DO_SEND_RESTART_WRITE                     (abs)        000000
_I2C1_DO_SEND_STOP                              (abs)        000000
_I2C1_DO_TX                                     (abs)        000000
_I2C1_DO_TX_EMPTY                               (abs)        000000
_I2C1_Initialize                                text25       0021B8
_I2C1_Status                                    bssBANK0     000060
_I2Cflags                                       bssCOMRAM    000053
_INTCON2bits                                    (abs)        000FF1
_INTCONbits                                     (abs)        000FF2
_INTERRUPT_Initialize                           text24       00222E
_INTERRUPT_InterruptManager                     intcode      000008
_LATA                                           (abs)        000F89
_LATB                                           (abs)        000F8A
_LATBbits                                       (abs)        000F8A
_LATC                                           (abs)        000F8B
_LATCbits                                       (abs)        000F8B
_OSCCON                                         (abs)        000FD3
_OSCCON2                                        (abs)        000FD2
_OSCILLATOR_Initialize                          text23       0021EE
_OSCTUNE                                        (abs)        000F9B
_PIE1bits                                       (abs)        000F9D
_PIN_MANAGER_Initialize                         text22       00208A
_PIR1bits                                       (abs)        000F9E
_PIR2bits                                       (abs)        000FA1
_PIR3bits                                       (abs)        000FA4
_PORTCbits                                      (abs)        000F82
_RCONbits                                       (abs)        000FD0
_RCREG1                                         (abs)        000FAE
_RCSTA1                                         (abs)        000FAB
_RCSTA1bits                                     (abs)        000FAB
_SPBRG1                                         (abs)        000FAF
_SPBRGH1                                        (abs)        000FB0
_SPI2_ExchangeBlock                             text32       001E30
_SPI2_ExchangeByte                              text36       002172
_SPI2_Initialize                                text21       0021CC
_SPI2_Open                                      text30       001BA8
_SSP1ADD                                        (abs)        000FC8
_SSP1BUF                                        (abs)        000FC9
_SSP1CON1                                       (abs)        000FC6
_SSP1CON1bits                                   (abs)        000FC6
_SSP1CON2                                       (abs)        000FC5
_SSP1CON2bits                                   (abs)        000FC5
_SSP1STAT                                       (abs)        000FC7
_SSP1STATbits                                   (abs)        000FC7
_SSP2ADD                                        (abs)        000F6E
_SSP2BUF                                        (abs)        000F6F
_SSP2CON1                                       (abs)        000F6C
_SSP2CON1bits                                   (abs)        000F6C
_SSP2CON2                                       (abs)        000F6B
_SSP2STAT                                       (abs)        000F6D
_SYSTEM_Initialize                              text18       002154
_T1CON                                          (abs)        000FCD
_T1CONbits                                      (abs)        000FCD
_T1GCON                                         (abs)        000FCC
_T1GCONbits                                     (abs)        000FCC
_TMR1                                           (abs)        000FCE
_TMR1H                                          (abs)        000FCF
_TMR1L                                          (abs)        000FCE
_TMR1_DefaultInterruptHandler                   text39       002232
_TMR1_ISR                                       text38       001FE8
_TMR1_Initialize                                text19       0020B6
_TMR1_InterruptHandler                          nvBANK0      0000E7
_TMR1_SetInterruptHandler                       text20       002206
_TMR1_WriteTimer                                text41       0020E0
_TRISA                                          (abs)        000F92
_TRISB                                          (abs)        000F93
_TRISBbits                                      (abs)        000F93
_TRISC                                          (abs)        000F94
_TRISCbits                                      (abs)        000F94
_TXREG1                                         (abs)        000FAD
_TXSTA1                                         (abs)        000FAC
_TXSTA1bits                                     (abs)        000FAC
_WPUB                                           (abs)        000F61
__HRAM                                          (abs)        000000
__H__absolute__                                 __absolute__ 000000
__Habs1                                         abs1         000000
__Hbank0                                        bank0        000000
__Hbank1                                        bank1        000000
__Hbank10                                       bank10       000000
__Hbank11                                       bank11       000000
__Hbank12                                       bank12       000000
__Hbank13                                       bank13       000000
__Hbank14                                       bank14       000000
__Hbank15                                       bank15       000000
__Hbank2                                        bank2        000000
__Hbank3                                        bank3        000000
__Hbank4                                        bank4        000000
__Hbank5                                        bank5        000000
__Hbank6                                        bank6        000000
__Hbank7                                        bank7        000000
__Hbank8                                        bank8        000000
__Hbank9                                        bank9        000000
__Hbigbss                                       bigbss       000000
__Hbigdata                                      bigdata      000000
__Hbigram                                       bigram       000000
__Hbigsfr                                       bigsfr       000000
__Hbss                                          bss          000000
__HbssBANK0                                     bssBANK0     000000
__HbssBANK2                                     bssBANK2     000000
__HbssBANK3                                     bssBANK3     000000
__HbssCOMRAM                                    bssCOMRAM    000000
__Hcinit                                        cinit        000000
__Hclrtext                                      clrtext      000000
__Hcomram                                       comram       000000
__Hconfig                                       config       30000E
__Hconst                                        const        000000
__HcstackBANK0                                  cstackBANK0  000000
__HcstackBANK1                                  cstackBANK1  000000
__HcstackBANK2                                  cstackBANK2  000000
__HcstackCOMRAM                                 cstackCOMRAM 000000
__Hdata                                         data         000000
__HdataBANK2                                    dataBANK2    000000
__Heeprom_data                                  eeprom_data  000000
__Hfarbss                                       farbss       000000
__Hfardata                                      fardata      000000
__Hheap                                         heap         000000
__Hibigdata                                     ibigdata     000000
__Hidata                                        idata        000000
__HidataBANK2                                   idataBANK2   000000
__Hidloc                                        idloc        200008
__Hifardata                                     ifardata     000000
__Hinit                                         init         000050
__Hintcode                                      intcode      00004C
__Hintcode_body                                 intcode_body 000000
__Hintcodelo                                    intcodelo    00004C
__Hintentry                                     intentry     000000
__Hintret                                       intret       000000
__Hintsave_regs                                 intsave_regs 000000
__Hirdata                                       irdata       000000
__Hmediumconst                                  mediumconst  000000
__HnvBANK0                                      nvBANK0      000000
__HnvBANK1                                      nvBANK1      000000
__HnvFARRAM                                     nvFARRAM     000000
__Hnvbit                                        nvbit        000000
__Hnvrram                                       nvrram       000000
__Hparam                                        rparam       000000
__Hpowerup                                      powerup      00004C
__Hram                                          ram          000000
__Hramtop                                       ramtop       001000
__Hrbit                                         rbit         000000
__Hrbss                                         rbss         000000
__Hrdata                                        rdata        000000
__Hreset_vec                                    reset_vec    000004
__Hrparam                                       rparam       000000
__Hsfr                                          sfr          000000
__Hsmallconst                                   smallconst   0010E2
__Hspace_0                                      (abs)        002234
__Hspace_1                                      (abs)        0003FE
__Hspace_2                                      (abs)        000000
__Hspace_4                                      (abs)        60000E
__Hstack                                        stack        000000
__Hstruct                                       struct       000000
__Htemp                                         temp         000058
__Htext                                         text         000000
__Htext0                                        text0        000000
__Htext1                                        text1        000000
__Htext10                                       text10       000000
__Htext11                                       text11       000000
__Htext12                                       text12       000000
__Htext13                                       text13       000000
__Htext14                                       text14       000000
__Htext15                                       text15       000000
__Htext16                                       text16       000000
__Htext17                                       text17       000000
__Htext18                                       text18       000000
__Htext19                                       text19       000000
__Htext2                                        text2        000000
__Htext20                                       text20       000000
__Htext21                                       text21       000000
__Htext22                                       text22       000000
__Htext23                                       text23       000000
__Htext24                                       text24       000000
__Htext25                                       text25       000000
__Htext26                                       text26       000000
__Htext27                                       text27       000000
__Htext28                                       text28       000000
__Htext29                                       text29       000000
__Htext3                                        text3        000000
__Htext30                                       text30       000000
__Htext31                                       text31       000000
__Htext32                                       text32       000000
__Htext33                                       text33       000000
__Htext34                                       text34       000000
__Htext35                                       text35       000000
__Htext36                                       text36       000000
__Htext38                                       text38       000000
__Htext39                                       text39       000000
__Htext4                                        text4        000000
__Htext40                                       text40       000000
__Htext41                                       text41       000000
__Htext42                                       text42       000000
__Htext5                                        text5        000000
__Htext6                                        text6        000000
__Htext7                                        text7        000000
__Htext8                                        text8        000000
__Htext9                                        text9        000000
__LRAM                                          (abs)        000001
__L__absolute__                                 __absolute__ 000000
__Labs1                                         abs1         000000
__Lbank0                                        bank0        000000
__Lbank1                                        bank1        000000
__Lbank10                                       bank10       000000
__Lbank11                                       bank11       000000
__Lbank12                                       bank12       000000
__Lbank13                                       bank13       000000
__Lbank14                                       bank14       000000
__Lbank15                                       bank15       000000
__Lbank2                                        bank2        000000
__Lbank3                                        bank3        000000
__Lbank4                                        bank4        000000
__Lbank5                                        bank5        000000
__Lbank6                                        bank6        000000
__Lbank7                                        bank7        000000
__Lbank8                                        bank8        000000
__Lbank9                                        bank9        000000
__Lbigbss                                       bigbss       000000
__Lbigdata                                      bigdata      000000
__Lbigram                                       bigram       000000
__Lbigsfr                                       bigsfr       000000
__Lbss                                          bss          000000
__LbssBANK0                                     bssBANK0     000000
__LbssBANK2                                     bssBANK2     000000
__LbssBANK3                                     bssBANK3     000000
__LbssCOMRAM                                    bssCOMRAM    000000
__Lcinit                                        cinit        000000
__Lclrtext                                      clrtext      000000
__Lcomram                                       comram       000000
__Lconfig                                       config       000000
__Lconst                                        const        000000
__LcstackBANK0                                  cstackBANK0  000000
__LcstackBANK1                                  cstackBANK1  000000
__LcstackBANK2                                  cstackBANK2  000000
__LcstackCOMRAM                                 cstackCOMRAM 000000
__Ldata                                         data         000000
__LdataBANK2                                    dataBANK2    000000
__Leeprom_data                                  eeprom_data  000000
__Lfarbss                                       farbss       000000
__Lfardata                                      fardata      000000
__Lheap                                         heap         000000
__Libigdata                                     ibigdata     000000
__Lidata                                        idata        000000
__LidataBANK2                                   idataBANK2   000000
__Lidloc                                        idloc        000000
__Lifardata                                     ifardata     000000
__Linit                                         init         00004C
__Lintcode                                      intcode      000008
__Lintcode_body                                 intcode_body 000000
__Lintcodelo                                    intcodelo    00004C
__Lintentry                                     intentry     000000
__Lintret                                       intret       000000
__Lintsave_regs                                 intsave_regs 000000
__Lirdata                                       irdata       000000
__Lmediumconst                                  mediumconst  000000
__LnvBANK0                                      nvBANK0      000000
__LnvBANK1                                      nvBANK1      000000
__LnvFARRAM                                     nvFARRAM     000000
__Lnvbit                                        nvbit        000000
__Lnvrram                                       nvrram       000000
__Lparam                                        rparam       000000
__Lpowerup                                      powerup      00004C
__Lram                                          ram          000000
__Lramtop                                       ramtop       001000
__Lrbit                                         rbit         000000
__Lrbss                                         rbss         000000
__Lrdata                                        rdata        000000
__Lreset_vec                                    reset_vec    000000
__Lrparam                                       rparam       000000
__Lsfr                                          sfr          000000
__Lsmallconst                                   smallconst   001000
__Lspace_0                                      (abs)        000000
__Lspace_1                                      (abs)        000000
__Lspace_2                                      (abs)        000000
__Lspace_4                                      (abs)        000000
__Lstack                                        stack        000000
__Lstruct                                       struct       000000
__Ltemp                                         temp         000057
__Ltext                                         text         000000
__Ltext0                                        text0        000000
__Ltext1                                        text1        000000
__Ltext10                                       text10       000000
__Ltext11                                       text11       000000
__Ltext12                                       text12       000000
__Ltext13                                       text13       000000
__Ltext14                                       text14       000000
__Ltext15                                       text15       000000
__Ltext16                                       text16       000000
__Ltext17                                       text17       000000
__Ltext18                                       text18       000000
__Ltext19                                       text19       000000
__Ltext2                                        text2        000000
__Ltext20                                       text20       000000
__Ltext21                                       text21       000000
__Ltext22                                       text22       000000
__Ltext23                                       text23       000000
__Ltext24                                       text24       000000
__Ltext25                                       text25       000000
__Ltext26                                       text26       000000
__Ltext27                                       text27       000000
__Ltext28                                       text28       000000
__Ltext29                                       text29       000000
__Ltext3                                        text3        000000
__Ltext30                                       text30       000000
__Ltext31                                       text31       000000
__Ltext32                                       text32       000000
__Ltext33                                       text33       000000
__Ltext34                                       text34       000000
__Ltext35                                       text35       000000
__Ltext36                                       text36       000000
__Ltext38                                       text38       000000
__Ltext39                                       text39       000000
__Ltext4                                        text4        000000
__Ltext40                                       text40       000000
__Ltext41                                       text41       000000
__Ltext42                                       text42       000000
__Ltext5                                        text5        000000
__Ltext6                                        text6        000000
__Ltext7                                        text7        000000
__Ltext8                                        text8        000000
__Ltext9                                        text9        000000
__S0                                            (abs)        002234
__S1                                            (abs)        0003FE
__S4                                            (abs)        000000
__S5                                            (abs)        000000
___awdiv                                        text16       001A34
___awdiv@counter                                cstackCOMRAM 000009
___awdiv@dividend                               cstackCOMRAM 000005
___awdiv@divisor                                cstackCOMRAM 000007
___awdiv@quotient                               cstackCOMRAM 00000B
___awdiv@sign                                   cstackCOMRAM 00000A
___awmod                                        text15       001AF8
___awmod@counter                                cstackCOMRAM 000009
___awmod@dividend                               cstackCOMRAM 000005
___awmod@divisor                                cstackCOMRAM 000007
___awmod@sign                                   cstackCOMRAM 00000A
___heap_hi                                      (abs)        000000
___heap_lo                                      (abs)        000000
___inthi_sp                                     stack        000000
___intlo_sp                                     stack        000000
___param_bank                                   (abs)        000000
___rparam_used                                  (abs)        000001
___sp                                           stack        000000
__accesstop                                     (abs)        000060
__activetblptr                                  (abs)        000003
__end_of_AT45dbxx_Init                          text34       0014B2
__end_of_AT45dbxx_ReadPage                      text31       001CEE
__end_of_AT45dbxx_ReadStatus                    text35       0021B8
__end_of_AT45dbxx_WaitBusy                      text33       001DDA
__end_of_EUSART1_Initialize                     text26       001FE8
__end_of_EUSART1_SetErrorHandler                text29       00222E
__end_of_EUSART1_SetFramingErrorHandler         text28       002224
__end_of_EUSART1_SetOverrunErrorHandler         text27       00221A
__end_of_EUSART1_Write                          text13       0021A2
__end_of_FsScape_EEPROM_interface_style         smallconst   00102B
__end_of_FsScape_FLASH_interface_style          smallconst   00102A
__end_of_FsScape_SRAM_interface_style           smallconst   00102C
__end_of_I2C1_Initialize                        text25       0021CC
__end_of_INTERRUPT_Initialize                   text24       002232
__end_of_INTERRUPT_InterruptManager             intcode      00004C
__end_of_OSCILLATOR_Initialize                  text23       0021FC
__end_of_PIN_MANAGER_Initialize                 text22       0020B6
__end_of_SPI2_ExchangeBlock                     text32       001E84
__end_of_SPI2_ExchangeByte                      text36       00218C
__end_of_SPI2_Initialize                        text21       0021DE
__end_of_SPI2_Open                              text30       001C54
__end_of_SYSTEM_Initialize                      text18       002172
__end_of_TMR1_DefaultInterruptHandler           text39       002234
__end_of_TMR1_ISR                               text38       002024
__end_of_TMR1_Initialize                        text19       0020E0
__end_of_TMR1_SetInterruptHandler               text20       002210
__end_of_TMR1_WriteTimer                        text41       002108
__end_of___awdiv                                text16       001AF8
__end_of___awmod                                text15       001BA8
__end_of__initialization                        cinit        001E26
__end_of_abs                                    text14       001FA8
__end_of_dtoa                                   text8        001648
__end_of_fputc                                  text11       001A34
__end_of_fputs                                  text10       001F68
__end_of_i2c1_fsmStateTable                     smallconst   001021
__end_of_increment_interrupt                    text40       0021EE
__end_of_main                                   text0        001880
__end_of_millis                                 text17       002154
__end_of_pad                                    text9        001D68
__end_of_printf                                 text2        00212E
__end_of_putch                                  text12       002206
__end_of_spi1_configuration                     smallconst   001029
__end_of_spi2_configuration                     smallconst   001025
__end_of_sprintf                                text1        001ED4
__end_of_stoa                                   text6        00176C
__end_of_strlen                                 text7        00205A
__end_of_strncmp                                text5        00196A
__end_of_vfpfcnvrt                              text4        0012EC
__end_of_vfprintf                               text3        001F24
__initialization                                cinit        001DDA
__mediumconst                                   mediumconst  000000
__micros                                        bssBANK0     000092
__millis                                        bssBANK0     00008E
__pbssBANK0                                     bssBANK0     000060
__pbssBANK2                                     bssBANK2     000200
__pbssBANK3                                     bssBANK3     000300
__pbssCOMRAM                                    bssCOMRAM    000053
__pcinit                                        cinit        001DDA
__pcstackBANK0                                  cstackBANK0  0000AC
__pcstackBANK1                                  cstackBANK1  000100
__pcstackBANK2                                  cstackBANK2  00026E
__pcstackCOMRAM                                 cstackCOMRAM 000001
__pdataBANK2                                    dataBANK2    00023E
__pidataBANK2                                   idataBANK2   00205A
__pintcode                                      intcode      000008
__pnvBANK0                                      nvBANK0      0000E7
__pnvBANK1                                      nvBANK1      0001FE
__psmallconst                                   smallconst   001000
__ptext0                                        text0        00176C
__ptext1                                        text1        001E84
__ptext10                                       text10       001F24
__ptext11                                       text11       00196A
__ptext12                                       text12       0021FC
__ptext13                                       text13       00218C
__ptext14                                       text14       001F68
__ptext15                                       text15       001AF8
__ptext16                                       text16       001A34
__ptext17                                       text17       00212E
__ptext18                                       text18       002154
__ptext19                                       text19       0020B6
__ptext2                                        text2        002108
__ptext20                                       text20       002206
__ptext21                                       text21       0021CC
__ptext22                                       text22       00208A
__ptext23                                       text23       0021EE
__ptext24                                       text24       00222E
__ptext25                                       text25       0021B8
__ptext26                                       text26       001FA8
__ptext27                                       text27       002210
__ptext28                                       text28       00221A
__ptext29                                       text29       002224
__ptext3                                        text3        001ED4
__ptext30                                       text30       001BA8
__ptext31                                       text31       001C54
__ptext32                                       text32       001E30
__ptext33                                       text33       001D68
__ptext34                                       text34       0012EC
__ptext35                                       text35       0021A2
__ptext36                                       text36       002172
__ptext38                                       text38       001FE8
__ptext39                                       text39       002232
__ptext4                                        text4        0010E2
__ptext40                                       text40       0021DE
__ptext41                                       text41       0020E0
__ptext42                                       text42       000000
__ptext5                                        text5        001880
__ptext6                                        text6        001648
__ptext7                                        text7        002024
__ptext8                                        text8        0014B2
__ptext9                                        text9        001CEE
__ramtop                                        ramtop       001000
__smallconst                                    smallconst   001000
_abs                                            text14       001F68
_dbuf                                           bssBANK2     00021E
_dtoa                                           text8        0014B2
_dtoa$3492                                      cstackCOMRAM 000026
_eusart1RxLastError                             bssBANK0     0000AB
_flags                                          bssBANK0     0000A6
_fputc                                          text11       00196A
_fputs                                          text10       001F24
_fsscape_SRAM_index_addr                        bssBANK0     000096
_i2c1_fsmStateTable                             smallconst   001001
_increment_interrupt                            text40       0021DE
_main                                           text0        00176C
_millis                                         text17       00212E
_myi_AT45dbxx                                   bssBANK0     00009A
_pad                                            text9        001CEE
_prec                                           bssBANK0     0000A0
_printf                                         text2        002108
_putch                                          text12       0021FC
_rd1RegCompleteHandler                          (abs)        000000
_rd2RegCompleteHandler                          (abs)        000000
_rdBlkRegCompleteHandler                        (abs)        000000
_spi1_configuration                             smallconst   001025
_spi2_configuration                             smallconst   001021
_sprintf                                        text1        001E84
_stoa                                           text6        001648
_strlen                                         text7        002024
_strncmp                                        text5        001880
_timer1ReloadVal                                bssCOMRAM    000055
_timer_fract                                    bssBANK0     0000A7
_timer_overflow_count                           bssBANK0     00008A
_vfpfcnvrt                                      text4        0010E2
_vfpfcnvrt$3521                                 cstackCOMRAM 00003B
_vfprintf                                       text3        001ED4
_width                                          bssBANK0     00009E
_wr1RegCompleteHandler                          (abs)        000000
_wr2RegCompleteHandler                          (abs)        000000
abs@a                                           cstackCOMRAM 00000B
btemp                                           temp         000057
dtoa@d                                          cstackCOMRAM 000024
dtoa@fp                                         cstackCOMRAM 000022
dtoa@i                                          cstackCOMRAM 00002D
dtoa@p                                          cstackCOMRAM 000028
dtoa@s                                          cstackCOMRAM 00002C
dtoa@w                                          cstackCOMRAM 00002A
end_of_initialization                           cinit        001E26
fputc@c                                         cstackCOMRAM 000007
fputc@fp                                        cstackCOMRAM 000009
fputs@c                                         cstackCOMRAM 000014
fputs@fp                                        cstackCOMRAM 000012
fputs@i                                         cstackCOMRAM 000015
fputs@s                                         cstackCOMRAM 000010
int$flags                                       temp         000057
intlevel0                                       text         000000
intlevel1                                       text         000000
intlevel2                                       text         000000
intlevel3                                       text         000000
isa$std                                         (abs)        000001
isa$xinst                                       (abs)        000000
main@F6383                                      dataBANK2    00025C
main@F6400                                      dataBANK2    00023E
main@aux                                        cstackBANK2  00026E
main@oi                                         cstackBANK0  0000BA
main@temp                                       cstackBANK0  0000E4
main@temp2                                      cstackBANK0  0000E5
main@valor                                      cstackBANK0  0000E6
main@valor2                                     cstackBANK0  0000E3
main@valoresrx                                  cstackBANK1  000100
main@valorestx                                  cstackBANK0  0000D8
millis@m                                        cstackCOMRAM 000009
pad@buf                                         cstackCOMRAM 000019
pad@fp                                          cstackCOMRAM 000017
pad@i                                           cstackCOMRAM 00001E
pad@p                                           cstackCOMRAM 00001B
pad@w                                           cstackCOMRAM 000020
printf@ap                                       cstackCOMRAM 000051
printf@fmt                                      cstackCOMRAM 000047
putch@txData                                    cstackCOMRAM 000006
sprintf@ap                                      cstackBANK0  0000AC
sprintf@f                                       cstackBANK0  0000AE
sprintf@fmt                                     cstackCOMRAM 000049
sprintf@s                                       cstackCOMRAM 000047
stackhi                                         (abs)        000000
stacklo                                         (abs)        000000
start                                           init         00004C
start_initialization                            cinit        001DDA
stoa@F1156                                      dataBANK2    000267
stoa@cp                                         cstackCOMRAM 000020
stoa@fp                                         cstackCOMRAM 000010
stoa@i                                          cstackCOMRAM 00001E
stoa@l                                          cstackCOMRAM 000022
stoa@nuls                                       cstackCOMRAM 000015
stoa@p                                          cstackCOMRAM 000024
stoa@s                                          cstackCOMRAM 000012
stoa@w                                          cstackCOMRAM 00001C
strlen@a                                        cstackCOMRAM 000007
strlen@s                                        cstackCOMRAM 000005
strncmp@_l                                      cstackCOMRAM 000005
strncmp@_r                                      cstackCOMRAM 000007
strncmp@l                                       cstackCOMRAM 00000C
strncmp@n                                       cstackCOMRAM 000009
strncmp@r                                       cstackCOMRAM 00000E
ttemp5                                          temp         000058
ttemp6                                          temp         00005B
ttemp7                                          temp         00005F
vfpfcnvrt@ap                                    cstackCOMRAM 000033
vfpfcnvrt@convarg                               cstackCOMRAM 000037
vfpfcnvrt@cp                                    cstackCOMRAM 00003D
vfpfcnvrt@fmt                                   cstackCOMRAM 000031
vfpfcnvrt@fp                                    cstackCOMRAM 00002F
vfprintf@ap                                     cstackCOMRAM 000043
vfprintf@cfmt                                   cstackCOMRAM 000045
vfprintf@fmt                                    cstackCOMRAM 000041
vfprintf@fp                                     cstackCOMRAM 00003F
wtemp8                                          temp         000058


MODULE INFORMATION

Module		Function		Class		Link	Load	Size
C:\Program Files\Microchip\xc8\v2.41\pic\sources\c99\common\awmod.c
		___awmod       		CODE           	1AF8	0000	176

C:\Program Files\Microchip\xc8\v2.41\pic\sources\c99\common\awmod.c estimated size: 176

mcc_generated_files/i2c1_master.c
		_I2C1_Initialize		CODE           	21B8	0000	20

mcc_generated_files/i2c1_master.c estimated size: 20

mcc_generated_files/interrupt_manager.c
		_INTERRUPT_Initialize		CODE           	222E	0000	4
		_INTERRUPT_InterruptManager		CODE           	0008	0000	68

mcc_generated_files/interrupt_manager.c estimated size: 72

millis.c
		_millis        		CODE           	212E	0000	38
		_increment_interrupt		CODE           	21DE	0000	16

millis.c estimated size: 54

C:\Program Files\Microchip\xc8\v2.41\pic\sources\c99\common\strlen.c
		_strlen        		CODE           	2024	0000	54

C:\Program Files\Microchip\xc8\v2.41\pic\sources\c99\common\strlen.c estimated size: 54

C:\Program Files\Microchip\xc8\v2.41\pic\sources\c99\common\nf_fputc.c
		_fputc         		CODE           	196A	0000	202

C:\Program Files\Microchip\xc8\v2.41\pic\sources\c99\common\nf_fputc.c estimated size: 202

C:\Program Files\Microchip\xc8\v2.41\pic\sources\c99\common\nf_sprintf.c
		_sprintf       		CODE           	1E84	0000	80

C:\Program Files\Microchip\xc8\v2.41\pic\sources\c99\common\nf_sprintf.c estimated size: 80

mcc_generated_files/pin_manager.c
		_PIN_MANAGER_Initialize		CODE           	208A	0000	44

mcc_generated_files/pin_manager.c estimated size: 44

C:\Program Files\Microchip\xc8\v2.41\pic\sources\c99\common\awdiv.c
		___awdiv       		CODE           	1A34	0000	196

C:\Program Files\Microchip\xc8\v2.41\pic\sources\c99\common\awdiv.c estimated size: 196

C:\Program Files\Microchip\xc8\v2.41\pic\sources\c99\common\abs.c
		_abs           		CODE           	1F68	0000	64

C:\Program Files\Microchip\xc8\v2.41\pic\sources\c99\common\abs.c estimated size: 64

C:\Program Files\Microchip\xc8\v2.41\pic\sources\c99\common\doprnt.c
		_vfpfcnvrt     		CODE           	10E2	0000	522
		_pad           		CODE           	1CEE	0000	122
		_dtoa          		CODE           	14B2	0000	406
		_vfprintf      		CODE           	1ED4	0000	80
		_stoa          		CODE           	1648	0000	292

C:\Program Files\Microchip\xc8\v2.41\pic\sources\c99\common\doprnt.c estimated size: 1422

shared
		_FsScape_EEPROM_interface_style		SMALLCONST     	102A	0000	1
		__initialization		CODE           	1DDA	0000	76
		_FsScape_FLASH_interface_style		SMALLCONST     	1029	0000	1
		_i2c1_fsmStateTable		SMALLCONST     	1001	0000	32
		_FsScape_SRAM_interface_style		SMALLCONST     	102B	0000	1
		_spi1_configuration		SMALLCONST     	1025	0000	4
		_spi2_configuration		SMALLCONST     	1021	0000	4

shared estimated size: 119

mcc_generated_files/eusart1.c
		_EUSART1_Initialize		CODE           	1FA8	0000	64
		_putch         		CODE           	21FC	0000	10
		_EUSART1_SetFramingErrorHandler		CODE           	221A	0000	10
		_EUSART1_SetOverrunErrorHandler		CODE           	2210	0000	10
		_EUSART1_SetErrorHandler		CODE           	2224	0000	10
		_EUSART1_Write 		CODE           	218C	0000	22

mcc_generated_files/eusart1.c estimated size: 126

mcc_generated_files/mcc.c
		_OSCILLATOR_Initialize		CODE           	21EE	0000	14
		_SYSTEM_Initialize		CODE           	2154	0000	30

mcc_generated_files/mcc.c estimated size: 44

at45dbxx.c
		_AT45dbxx_WaitBusy		CODE           	1D68	0000	114
		_AT45dbxx_ReadStatus		CODE           	21A2	0000	22
		_AT45dbxx_ReadPage		CODE           	1C54	0000	154
		_AT45dbxx_Init 		CODE           	12EC	0000	454

at45dbxx.c estimated size: 744

mcc_generated_files/tmr1.c
		_TMR1_Initialize		CODE           	20B6	0000	42
		_TMR1_SetInterruptHandler		CODE           	2206	0000	10
		_TMR1_DefaultInterruptHandler		CODE           	2232	0000	2
		_TMR1_WriteTimer		CODE           	20E0	0000	40
		_TMR1_ISR      		CODE           	1FE8	0000	60

mcc_generated_files/tmr1.c estimated size: 154

C:\Program Files\Microchip\xc8\v2.41\pic\sources\c99\common\nf_fputs.c
		_fputs         		CODE           	1F24	0000	68

C:\Program Files\Microchip\xc8\v2.41\pic\sources\c99\common\nf_fputs.c estimated size: 68

mcc_generated_files/spi2.c
		_SPI2_ExchangeByte		CODE           	2172	0000	26
		_SPI2_ExchangeBlock		CODE           	1E30	0000	84
		_SPI2_Open     		CODE           	1BA8	0000	172
		_SPI2_Initialize		CODE           	21CC	0000	18

mcc_generated_files/spi2.c estimated size: 300

main.c
		_main          		CODE           	176C	0000	276

main.c estimated size: 276

C:\Program Files\Microchip\xc8\v2.41\pic\sources\c99\common\strncmp.c
		_strncmp       		CODE           	1880	0000	234

C:\Program Files\Microchip\xc8\v2.41\pic\sources\c99\common\strncmp.c estimated size: 234

C:\Program Files\Microchip\xc8\v2.41\pic\sources\c99\common\printf.c
		_printf        		CODE           	2108	0000	38

C:\Program Files\Microchip\xc8\v2.41\pic\sources\c99\common\printf.c estimated size: 38

