Microchip MPLAB XC8 Compiler V2.41

Linker command line:

-W-3 \
  --edf=C:/Users/Raphael/.mchp_packs/Microchip/PIC18F-K_DFP/1.13.292/xc8\pic\dat\20231012153220_en.msgs \
  -cn -h+dist/default/production\flash_fsscape.X.production.sym \
  --cmf=dist/default/production\flash_fsscape.X.production.cmf -z \
  -Q18F26K22 -oC:\Users\Raphael\AppData\Local\Temp\xcAsvl8.\driver_tmp_3.o \
  --defsym=__MPLAB_BUILD=1 --fixupoverflow=error \
  -Mdist/default/production/flash_fsscape.X.production.map \
  --md=C:\Users\Raphael\AppData\Local\Temp\xcAsvl8.\driver_tmp_0.dat -E1 \
  -ver=XC8 Compiler --acfsm=1493 -ACODE=00h-0FFFFh -ACONST=00h-0FFFFh \
  -ASMALLCONST=01000h-010FFhx240 -AMEDIUMCONST=01000h-0FFFFh \
  -ACOMRAM=01h-05Fh -AABS1=00h-0F37h -ABIGRAM=01h-0F37h \
  -ARAM=060h-0FFh,0100h-01FFhx14,0F00h-0F37h -ABANK0=060h-0FFh \
  -ABANK1=0100h-01FFh -ABANK2=0200h-02FFh -ABANK3=0300h-03FFh \
  -ABANK4=0400h-04FFh -ABANK5=0500h-05FFh -ABANK6=0600h-06FFh \
  -ABANK7=0700h-07FFh -ABANK8=0800h-08FFh -ABANK9=0900h-09FFh \
  -ABANK10=0A00h-0AFFh -ABANK11=0B00h-0BFFh -ABANK12=0C00h-0CFFh \
  -ABANK13=0D00h-0DFFh -ABANK14=0E00h-0EFFh -ABANK15=0F00h-0F37h \
  -ASFR=0F38h-0F5Fh,0F60h-0FFFh -ABIGSFR=0F38h-0FFFh \
  -ACONFIG=0300000h-030000Dh -AIDLOC=0200000h-0200007h \
  -AEEDATA=0F00000h-0F003FFh -peeprom_data=EEDATA \
  -preset_vec=00h,intcode=08h,intcodelo,powerup,init -pramtop=01000h \
  -psmallconst=SMALLCONST -pmediumconst=MEDIUMCONST -pconst=CONST \
  -AFARRAM=00h-00h \
  -prdata=COMRAM,nvrram=COMRAM,nvbit=COMRAM,rbss=COMRAM,rbit=COMRAM \
  -pfarbss=FARRAM,fardata=FARRAM,nvFARRAM=FARRAM \
  -pintsave_regs=BIGRAM,bigbss=BIGRAM,bigdata=BIGRAM -pbss=RAM \
  -pidata=CODE,irdata=CODE,ibigdata=CODE,ifardata=CODE -prparam=COMRAM \
  C:\Users\Raphael\AppData\Local\Temp\xcAsvl8.\driver_tmp_14.o \
  dist/default/production\flash_fsscape.X.production.o 

Object code version is 3.11

Machine type is 18F26K22



                Name                               Link     Load   Length Selector   Space Scale
C:\Users\Raphael\AppData\Local\Temp\xcAsvl8.\driver_tmp_14.o
                idloc                            200000   200000        8        0       5
                config                           300000   300000        E        0       4
                init                                 4C       4C        4        4       0
                reset_vec                             0        0        4        0       0
dist/default/production\flash_fsscape.X.production.o
                intcode                               8        8       44        4       0
                idloc                            200000   200000        8        0       5
                config                           300000   300000        E        0       4
                temp                                 57       57        1        1       1
                mediumconst                        FE08     FE08      1F8     7F04       0
                text60                             1FB4     1FB4       28        4       0
                text59                             20C0     20C0       10        4       0
                text58                             2126     2126        2        4       0
                text57                             1EB6     1EB6       3C        4       0
                text55                             2042     2042       1A        4       0
                text54                             2072     2072       16        4       0
                text53                              8A4      8A4      1C6        4       0
                text52                             1C80     1C80       54        4       0
                text51                             19EE     19EE       80        4       0
                text50                             1C26     1C26       5A        4       0
                text49                             13AC     13AC       CE        4       0
                text48                             1B58     1B58       6E        4       0
                text47                             18C2     18C2       A4        4       0
                text46                             1AE8     1AE8       70        4       0
                text45                             1778     1778       A6        4       0
                text44                              A6A      A6A      1AE        4       0
                text43                             1EF2     1EF2       38        4       0
                text42                              C18      C18      13A        4       0
                text41                             1D6E     1D6E       48        4       0
                text40                             2110     2110        8        4       0
                text39                             160E     160E       BA        4       0
                text38                             1E7A     1E7A       3C        4       0
                text37                             1544     1544       CA        4       0
                text36                             2118     2118        6        4       0
                text35                             181E     181E       A4        4       0
                text34                             1BC6     1BC6       60        4       0
                text33                             2122     2122        4        4       0
                text32                             20AE     20AE       12        4       0
                text31                             16C8     16C8       B0        4       0
                text30                             2106     2106        A        4       0
                text29                             20FC     20FC        A        4       0
                text28                             20F2     20F2        A        4       0
                text27                             1E3A     1E3A       40        4       0
                text26                             2088     2088       14        4       0
                text25                             211E     211E        4        4       0
                text24                             20D0     20D0        E        4       0
                text23                             1F8A     1F8A       2A        4       0
                text22                             20E8     20E8        A        4       0
                text21                             1F60     1F60       2A        4       0
                text20                             2028     2028       1A        4       0
                text19                             2002     2002       26        4       0
                text18                             10CA     10CA      10C        4       0
                text17                             11D6     11D6       EC        4       0
                text16                             1DFA     1DFA       40        4       0
                text15                             205C     205C       16        4       0
                text14                             20DE     20DE        A        4       0
                text13                             147A     147A       CA        4       0
                text12                             1DB6     1DB6       44        4       0
                text11                             1A6E     1A6E       7A        4       0
                text10                              6DC      6DC      1C8        4       0
                text9                              1F2A     1F2A       36        4       0
                text8                               E8A      E8A      124        4       0
                text7                              12C2     12C2       EA        4       0
                text6                              1966     1966       88        4       0
                text5                               FAE      FAE      11C        4       0
                text4                               D52      D52      138        4       0
                text3                                50       50      45C        4       0
                text2                              1CD4     1CD4       50        4       0
                text1                              1FDC     1FDC       26        4       0
                text0                               4AC      4AC      230        4       0
                cstackCOMRAM                          1        1       52        1       1
                cstackBANK0                          CC       CC       1A       60       1
                cstackBANK1                         100      100       FE      100       1
                cstackBANK3                         300      300        4      300       1
                bssBANK2                            200      200       FE      200       1
                dataBANK0                            E6       E6       12       60       1
                bssBANK0                             60       60       6C       60       1
                bssCOMRAM                            53       53        4        1       1
                cinit                              1D24     1D24       4A        4       0
                nvBANK0                              F8       F8        8       60       1
                idataBANK0                         209C     209C       12        4       0

TOTAL           Name                               Link     Load   Length     Space
        CLASS   CODE           
                intcode                               8        8       44         0
                init                                 4C       4C        4         0
                reset_vec                             0        0        4         0
                text60                             1FB4     1FB4       28         0
                text59                             20C0     20C0       10         0
                text58                             2126     2126        2         0
                text57                             1EB6     1EB6       3C         0
                text55                             2042     2042       1A         0
                text54                             2072     2072       16         0
                text53                              8A4      8A4      1C6         0
                text52                             1C80     1C80       54         0
                text51                             19EE     19EE       80         0
                text50                             1C26     1C26       5A         0
                text49                             13AC     13AC       CE         0
                text48                             1B58     1B58       6E         0
                text47                             18C2     18C2       A4         0
                text46                             1AE8     1AE8       70         0
                text45                             1778     1778       A6         0
                text44                              A6A      A6A      1AE         0
                text43                             1EF2     1EF2       38         0
                text42                              C18      C18      13A         0
                text41                             1D6E     1D6E       48         0
                text40                             2110     2110        8         0
                text39                             160E     160E       BA         0
                text38                             1E7A     1E7A       3C         0
                text37                             1544     1544       CA         0
                text36                             2118     2118        6         0
                text35                             181E     181E       A4         0
                text34                             1BC6     1BC6       60         0
                text33                             2122     2122        4         0
                text32                             20AE     20AE       12         0
                text31                             16C8     16C8       B0         0
                text30                             2106     2106        A         0
                text29                             20FC     20FC        A         0
                text28                             20F2     20F2        A         0
                text27                             1E3A     1E3A       40         0
                text26                             2088     2088       14         0
                text25                             211E     211E        4         0
                text24                             20D0     20D0        E         0
                text23                             1F8A     1F8A       2A         0
                text22                             20E8     20E8        A         0
                text21                             1F60     1F60       2A         0
                text20                             2028     2028       1A         0
                text19                             2002     2002       26         0
                text18                             10CA     10CA      10C         0
                text17                             11D6     11D6       EC         0
                text16                             1DFA     1DFA       40         0
                text15                             205C     205C       16         0
                text14                             20DE     20DE        A         0
                text13                             147A     147A       CA         0
                text12                             1DB6     1DB6       44         0
                text11                             1A6E     1A6E       7A         0
                text10                              6DC      6DC      1C8         0
                text9                              1F2A     1F2A       36         0
                text8                               E8A      E8A      124         0
                text7                              12C2     12C2       EA         0
                text6                              1966     1966       88         0
                text5                               FAE      FAE      11C         0
                text4                               D52      D52      138         0
                text3                                50       50      45C         0
                text2                              1CD4     1CD4       50         0
                text1                              1FDC     1FDC       26         0
                text0                               4AC      4AC      230         0
                cinit                              1D24     1D24       4A         0
                idataBANK0                         209C     209C       12         0

        CLASS   CONST          

        CLASS   SMALLCONST     

        CLASS   MEDIUMCONST    
                mediumconst                        FE08     FE08      1F8         0

        CLASS   COMRAM         
                temp                                 57       57        1         1
                cstackCOMRAM                          1        1       52         1
                bssCOMRAM                            53       53        4         1

        CLASS   ABS1           

        CLASS   BIGRAM         

        CLASS   RAM            

        CLASS   BANK0          
                cstackBANK0                          CC       CC       1A         1
                dataBANK0                            E6       E6       12         1
                bssBANK0                             60       60       6C         1
                nvBANK0                              F8       F8        8         1

        CLASS   BANK1          
                cstackBANK1                         100      100       FE         1

        CLASS   BANK2          
                bssBANK2                            200      200       FE         1

        CLASS   BANK3          
                cstackBANK3                         300      300        4         1

        CLASS   BANK4          

        CLASS   BANK5          

        CLASS   BANK6          

        CLASS   BANK7          

        CLASS   BANK8          

        CLASS   BANK9          

        CLASS   BANK10         

        CLASS   BANK11         

        CLASS   BANK12         

        CLASS   BANK13         

        CLASS   BANK14         

        CLASS   BANK15         

        CLASS   SFR            

        CLASS   BIGSFR         

        CLASS   CONFIG         
                config                           300000   300000        E         4

        CLASS   IDLOC          
                idloc                            200000   200000        8         5

        CLASS   EEDATA         

        CLASS   FARRAM         

        CLASS   HEAP           

        CLASS   STACK          



SEGMENTS        Name                           Load    Length   Top    Selector   Space  Class

                reset_vec                      000000  000004  000004         0       0  CODE    
                cstackCOMRAM                   000001  000057  000058         1       1  COMRAM  
                intcode                        000008  002120  002128         4       0  CODE    
                bssBANK0                       000060  0000A0  000100        60       1  BANK0   
                cstackBANK1                    000100  0000FE  0001FE       100       1  BANK1   
                bssBANK2                       000200  0000FE  0002FE       200       1  BANK2   
                cstackBANK3                    000300  000004  000304       300       1  BANK3   
                mediumconst                    00FE08  0001F8  010000      7F04       0  MEDIUMCO


UNUSED ADDRESS RANGES

        Name                Unused          Largest block    Delta
        BANK1            0001FE-0001FF                2
        BANK10           000A00-000AFF              100
        BANK11           000B00-000BFF              100
        BANK12           000C00-000CFF              100
        BANK13           000D00-000DFF              100
        BANK14           000E00-000EFF              100
        BANK15           000F00-000F37               38
        BANK2            0002FE-0002FF                2
        BANK3            000304-0003FF               FC
        BANK4            000400-0004FF              100
        BANK5            000500-0005FF              100
        BANK6            000600-0006FF              100
        BANK7            000700-0007FF              100
        BANK8            000800-0008FF              100
        BANK9            000900-0009FF              100
        BIGRAM           000058-00005F                8
                         0001FE-0001FF                2
                         0002FE-0002FF                2
                         000304-000F37              C34
        BIGSFR           000F38-000FFF               C8
        CODE             000004-000007                4
                         002128-00FE07             DCE0
        COMRAM           000058-00005F                8
        CONST            000004-000007                4
                         002128-00FE07             DCE0
        EEDATA           F00000-F003FF              400
        MEDIUMCONST      002128-00FE07             DCE0
        RAM              0001FE-0001FF                2
                         0002FE-0002FF                2
                         000304-000F37              100
        SFR              000F38-000FFF               28
        SMALLCONST       002128-00FE07              100

                                  Symbol Table

?_I2C2_M_BusReset                               cstackCOMRAM 000005
?_I2C2_M_Poll                                   cstackCOMRAM 00000D
?_I2C2_M_ReadByte                               cstackCOMRAM 000005
?_I2C2_M_RecoverBus                             cstackCOMRAM 000009
?_I2C2_M_Restart                                cstackCOMRAM 000005
?_I2C2_M_Start                                  cstackCOMRAM 000005
?_I2C2_M_Stop                                   cstackCOMRAM 000005
?_I2C2_M_WriteByte                              cstackCOMRAM 000005
?_I2C_Mem_Read                                  cstackCOMRAM 00000A
?_I2C_Mem_Write                                 cstackCOMRAM 00000A
?___aldiv                                       cstackCOMRAM 000005
?___almod                                       cstackCOMRAM 000005
?___lldiv                                       cstackCOMRAM 000005
?___llmod                                       cstackCOMRAM 000005
?_abs                                           cstackCOMRAM 00000F
?_millis                                        cstackCOMRAM 000005
?_printf                                        cstackBANK0  0000CC
?_strlen                                        cstackCOMRAM 000005
?_strncmp                                       cstackCOMRAM 000005
?_vfprintf                                      cstackCOMRAM 000048
AT45dbxx_Init@Temp0                             cstackCOMRAM 00000A
AT45dbxx_Init@Temp1                             cstackCOMRAM 000009
AT45dbxx_Init@Temp2                             cstackCOMRAM 00000B
AT45dbxx_ReadPage@Data                          cstackCOMRAM 00000B
AT45dbxx_ReadPage@len                           cstackCOMRAM 00000D
AT45dbxx_ReadPage@page                          cstackCOMRAM 00000F
AT45dbxx_ReadStatus@status                      cstackCOMRAM 000006
AT45dbxx_WritePage@Data                         cstackCOMRAM 00000B
AT45dbxx_WritePage@len                          cstackCOMRAM 00000D
AT45dbxx_WritePage@page                         cstackCOMRAM 00000F
EUSART1_SetErrorHandler@interruptHandler        cstackCOMRAM 000005
EUSART1_SetFramingErrorHandler@interruptHandler cstackCOMRAM 000005
EUSART1_SetOverrunErrorHandler@interruptHandler cstackCOMRAM 000005
EUSART1_Write@txData                            cstackCOMRAM 000005
FsScape_get_index_SRAM@_address                 cstackCOMRAM 000020
FsScape_get_index_SRAM@address                  cstackCOMRAM 00001E
FsScape_set_index_SRAM@_address                 cstackCOMRAM 000020
FsScape_set_index_SRAM@address_value            cstackCOMRAM 00001C
I2C2_M_BusReset@i                               cstackCOMRAM 000007
I2C2_M_Poll@DevAddr                             cstackCOMRAM 00000F
I2C2_M_Poll@SlaveAddr                           cstackCOMRAM 000010
I2C2_M_Poll@retval                              cstackCOMRAM 000011
I2C2_M_ReadByte@ACKflag                         cstackCOMRAM 000007
I2C2_M_ReadByte@t                               cstackCOMRAM 000008
I2C2_M_RecoverBus@status                        cstackCOMRAM 00000B
I2C2_M_Restart@t                                cstackCOMRAM 000007
I2C2_M_Start@t                                  cstackCOMRAM 000007
I2C2_M_Stop@t                                   cstackCOMRAM 000007
I2C2_M_WriteByte@cData                          cstackCOMRAM 000007
I2C2_M_WriteByte@t                              cstackCOMRAM 000008
I2C_Mem_Read@DevAddress                         cstackCOMRAM 000018
I2C_Mem_Read@MemAddSize                         cstackCOMRAM 00000C
I2C_Mem_Read@MemAdress                          cstackCOMRAM 00000A
I2C_Mem_Read@Size                               cstackCOMRAM 000010
I2C_Mem_Read@SlaveAddr                          cstackCOMRAM 000019
I2C_Mem_Read@Timeout                            cstackCOMRAM 000012
I2C_Mem_Read@i                                  cstackCOMRAM 00001A
I2C_Mem_Read@pData                              cstackCOMRAM 00000E
I2C_Mem_Read@retval                             cstackCOMRAM 00001C
I2C_Mem_Write@DevAddress                        cstackCOMRAM 000016
I2C_Mem_Write@MemAddSize                        cstackCOMRAM 00000C
I2C_Mem_Write@MemAdress                         cstackCOMRAM 00000A
I2C_Mem_Write@Size                              cstackCOMRAM 000010
I2C_Mem_Write@SlaveAddr                         cstackCOMRAM 000017
I2C_Mem_Write@Timeout                           cstackCOMRAM 000012
I2C_Mem_Write@i                                 cstackCOMRAM 00001A
I2C_Mem_Write@pData                             cstackCOMRAM 00000E
I2C_Mem_Write@retval                            cstackCOMRAM 000018
I2C_ModuleStart@clock_output                    cstackCOMRAM 000012
SPI1_ExchangeBlock@block                        cstackCOMRAM 000005
SPI1_ExchangeBlock@blockSize                    cstackCOMRAM 000007
SPI1_ExchangeBlock@data                         cstackCOMRAM 000009
SPI1_ExchangeByte@data                          cstackCOMRAM 000005
SPI1_Open@spi1UniqueConfiguration               cstackCOMRAM 000006
TMR1_SetInterruptHandler@InterruptHandler       cstackCOMRAM 000005
TMR1_WriteTimer@timerVal                        cstackCOMRAM 000001
_ANSELA                                         (abs)        000F38
_ANSELB                                         (abs)        000F39
_ANSELC                                         (abs)        000F3A
_AT45dbxx                                       bssBANK0     000084
_AT45dbxx_Init                                  text53       0008A4
_AT45dbxx_ReadPage                              text51       0019EE
_AT45dbxx_ReadStatus                            text54       002072
_AT45dbxx_WritePage                             text50       001C26
_BAUDCON1                                       (abs)        000FB8
_EUSART1_DefaultErrorHandler                    (abs)        000000
_EUSART1_DefaultFramingErrorHandler             (abs)        000000
_EUSART1_DefaultOverrunErrorHandler             (abs)        000000
_EUSART1_ErrorHandler                           nvBANK0      0000FA
_EUSART1_FramingErrorHandler                    nvBANK0      0000FE
_EUSART1_Initialize                             text27       001E3A
_EUSART1_OverrunErrorHandler                    nvBANK0      0000FC
_EUSART1_SetErrorHandler                        text30       002106
_EUSART1_SetFramingErrorHandler                 text29       0020FC
_EUSART1_SetOverrunErrorHandler                 text28       0020F2
_EUSART1_Write                                  text15       00205C
_FsScape_CS                                     bssBANK0     0000A2
_FsScape_CSbit                                  bssBANK0     0000A0
_FsScape_EEPROM_interface_style                 mediumconst  00FE2E
_FsScape_FLASH_interface_style                  mediumconst  00FE2D
_FsScape_SRAM_interface_style                   mediumconst  00FE2F
_FsScape_get_index_SRAM                         text43       001EF2
_FsScape_i2c_EEPROM_addr                        bssBANK0     0000A9
_FsScape_i2c_FLASH_addr                         bssBANK0     0000A8
_FsScape_i2c_SRAM_addr                          bssBANK0     0000AA
_FsScape_set_index_SRAM                         text41       001D6E
_I2C1_CallbackReturnReset                       (abs)        000000
_I2C1_CallbackReturnStop                        (abs)        000000
_I2C1_DO_ADDRESS_NACK                           (abs)        000000
_I2C1_DO_IDLE                                   (abs)        000000
_I2C1_DO_RCEN                                   (abs)        000000
_I2C1_DO_RESET                                  (abs)        000000
_I2C1_DO_RX                                     (abs)        000000
_I2C1_DO_RX_ACK                                 (abs)        000000
_I2C1_DO_RX_NACK_RESTART                        (abs)        000000
_I2C1_DO_RX_NACK_STOP                           (abs)        000000
_I2C1_DO_SEND_ADR_READ                          (abs)        000000
_I2C1_DO_SEND_ADR_WRITE                         (abs)        000000
_I2C1_DO_SEND_RESTART                           (abs)        000000
_I2C1_DO_SEND_RESTART_READ                      (abs)        000000
_I2C1_DO_SEND_RESTART_WRITE                     (abs)        000000
_I2C1_DO_SEND_STOP                              (abs)        000000
_I2C1_DO_TX                                     (abs)        000000
_I2C1_DO_TX_EMPTY                               (abs)        000000
_I2C1_Initialize                                text26       002088
_I2C1_Status                                    bssBANK0     000060
_I2C2_M_BusReset                                text39       00160E
_I2C2_M_ClearErrors                             text40       002110
_I2C2_M_Poll                                    text37       001544
_I2C2_M_ReadByte                                text49       0013AC
_I2C2_M_RecoverBus                              text38       001E7A
_I2C2_M_Restart                                 text48       001B58
_I2C2_M_Start                                   text47       0018C2
_I2C2_M_Stop                                    text46       001AE8
_I2C2_M_WriteByte                               text45       001778
_I2C_HWini                                      text36       002118
_I2C_Mem_Read                                   text44       000A6A
_I2C_Mem_Write                                  text42       000C18
_I2C_ModuleStart                                text34       001BC6
_I2C_ModuleStop                                 text33       002122
_I2Cflags                                       bssCOMRAM    000055
_INTCON2bits                                    (abs)        000FF1
_INTCONbits                                     (abs)        000FF2
_INTERRUPT_Initialize                           text25       00211E
_INTERRUPT_InterruptManager                     intcode      000008
_LATA                                           (abs)        000F89
_LATB                                           (abs)        000F8A
_LATC                                           (abs)        000F8B
_LATCbits                                       (abs)        000F8B
_OSCCON                                         (abs)        000FD3
_OSCCON2                                        (abs)        000FD2
_OSCILLATOR_Initialize                          text24       0020D0
_OSCTUNE                                        (abs)        000F9B
_PIE1bits                                       (abs)        000F9D
_PIN_MANAGER_Initialize                         text23       001F8A
_PIR1bits                                       (abs)        000F9E
_PIR2bits                                       (abs)        000FA1
_PORTCbits                                      (abs)        000F82
_RCONbits                                       (abs)        000FD0
_RCREG1                                         (abs)        000FAE
_RCSTA1                                         (abs)        000FAB
_RCSTA1bits                                     (abs)        000FAB
_SPBRG1                                         (abs)        000FAF
_SPBRGH1                                        (abs)        000FB0
_SPI1_ExchangeBlock                             text52       001C80
_SPI1_ExchangeByte                              text55       002042
_SPI1_Initialize                                text32       0020AE
_SPI1_Open                                      text31       0016C8
_SSP1ADD                                        (abs)        000FC8
_SSP1BUF                                        (abs)        000FC9
_SSP1CON1                                       (abs)        000FC6
_SSP1CON1bits                                   (abs)        000FC6
_SSP1CON2                                       (abs)        000FC5
_SSP1CON2bits                                   (abs)        000FC5
_SSP1STAT                                       (abs)        000FC7
_SSP1STATbits                                   (abs)        000FC7
_SYSTEM_Initialize                              text20       002028
_T1CON                                          (abs)        000FCD
_T1CONbits                                      (abs)        000FCD
_T1GCON                                         (abs)        000FCC
_T1GCONbits                                     (abs)        000FCC
_TMR1                                           (abs)        000FCE
_TMR1H                                          (abs)        000FCF
_TMR1L                                          (abs)        000FCE
_TMR1_DefaultInterruptHandler                   text58       002126
_TMR1_ISR                                       text57       001EB6
_TMR1_Initialize                                text21       001F60
_TMR1_InterruptHandler                          nvBANK0      0000F8
_TMR1_SetInterruptHandler                       text22       0020E8
_TMR1_WriteTimer                                text60       001FB4
_TRISA                                          (abs)        000F92
_TRISB                                          (abs)        000F93
_TRISC                                          (abs)        000F94
_TRISCbits                                      (abs)        000F94
_TXREG1                                         (abs)        000FAD
_TXSTA1                                         (abs)        000FAC
_TXSTA1bits                                     (abs)        000FAC
_WPUB                                           (abs)        000F61
__HRAM                                          (abs)        000000
__H__absolute__                                 __absolute__ 000000
__Habs1                                         abs1         000000
__Hbank0                                        bank0        000000
__Hbank1                                        bank1        000000
__Hbank10                                       bank10       000000
__Hbank11                                       bank11       000000
__Hbank12                                       bank12       000000
__Hbank13                                       bank13       000000
__Hbank14                                       bank14       000000
__Hbank15                                       bank15       000000
__Hbank2                                        bank2        000000
__Hbank3                                        bank3        000000
__Hbank4                                        bank4        000000
__Hbank5                                        bank5        000000
__Hbank6                                        bank6        000000
__Hbank7                                        bank7        000000
__Hbank8                                        bank8        000000
__Hbank9                                        bank9        000000
__Hbigbss                                       bigbss       000000
__Hbigdata                                      bigdata      000000
__Hbigram                                       bigram       000000
__Hbigsfr                                       bigsfr       000000
__Hbss                                          bss          000000
__HbssBANK0                                     bssBANK0     000000
__HbssBANK2                                     bssBANK2     000000
__HbssCOMRAM                                    bssCOMRAM    000000
__Hcinit                                        cinit        000000
__Hclrtext                                      clrtext      000000
__Hcomram                                       comram       000000
__Hconfig                                       config       30000E
__Hconst                                        const        000000
__HcstackBANK0                                  cstackBANK0  000000
__HcstackBANK1                                  cstackBANK1  000000
__HcstackBANK3                                  cstackBANK3  000000
__HcstackCOMRAM                                 cstackCOMRAM 000000
__Hdata                                         data         000000
__HdataBANK0                                    dataBANK0    000000
__Heeprom_data                                  eeprom_data  000000
__Hfarbss                                       farbss       000000
__Hfardata                                      fardata      000000
__Hheap                                         heap         000000
__Hibigdata                                     ibigdata     000000
__Hidata                                        idata        000000
__HidataBANK0                                   idataBANK0   000000
__Hidloc                                        idloc        200008
__Hifardata                                     ifardata     000000
__Hinit                                         init         000050
__Hintcode                                      intcode      00004C
__Hintcode_body                                 intcode_body 000000
__Hintcodelo                                    intcodelo    00004C
__Hintentry                                     intentry     000000
__Hintret                                       intret       000000
__Hintsave_regs                                 intsave_regs 000000
__Hirdata                                       irdata       000000
__Hmediumconst                                  mediumconst  010000
__HnvBANK0                                      nvBANK0      000000
__HnvFARRAM                                     nvFARRAM     000000
__Hnvbit                                        nvbit        000000
__Hnvrram                                       nvrram       000000
__Hparam                                        rparam       000000
__Hpowerup                                      powerup      00004C
__Hram                                          ram          000000
__Hramtop                                       ramtop       001000
__Hrbit                                         rbit         000000
__Hrbss                                         rbss         000000
__Hrdata                                        rdata        000000
__Hreset_vec                                    reset_vec    000004
__Hrparam                                       rparam       000000
__Hsfr                                          sfr          000000
__Hsmallconst                                   smallconst   000000
__Hspace_0                                      (abs)        010000
__Hspace_1                                      (abs)        000304
__Hspace_2                                      (abs)        000000
__Hspace_4                                      (abs)        60000E
__Hstack                                        stack        000000
__Hstruct                                       struct       000000
__Htemp                                         temp         000058
__Htext                                         text         000000
__Htext0                                        text0        000000
__Htext1                                        text1        000000
__Htext10                                       text10       000000
__Htext11                                       text11       000000
__Htext12                                       text12       000000
__Htext13                                       text13       000000
__Htext14                                       text14       000000
__Htext15                                       text15       000000
__Htext16                                       text16       000000
__Htext17                                       text17       000000
__Htext18                                       text18       000000
__Htext19                                       text19       000000
__Htext2                                        text2        000000
__Htext20                                       text20       000000
__Htext21                                       text21       000000
__Htext22                                       text22       000000
__Htext23                                       text23       000000
__Htext24                                       text24       000000
__Htext25                                       text25       000000
__Htext26                                       text26       000000
__Htext27                                       text27       000000
__Htext28                                       text28       000000
__Htext29                                       text29       000000
__Htext3                                        text3        000000
__Htext30                                       text30       000000
__Htext31                                       text31       000000
__Htext32                                       text32       000000
__Htext33                                       text33       000000
__Htext34                                       text34       000000
__Htext35                                       text35       000000
__Htext36                                       text36       000000
__Htext37                                       text37       000000
__Htext38                                       text38       000000
__Htext39                                       text39       000000
__Htext4                                        text4        000000
__Htext40                                       text40       000000
__Htext41                                       text41       000000
__Htext42                                       text42       000000
__Htext43                                       text43       000000
__Htext44                                       text44       000000
__Htext45                                       text45       000000
__Htext46                                       text46       000000
__Htext47                                       text47       000000
__Htext48                                       text48       000000
__Htext49                                       text49       000000
__Htext5                                        text5        000000
__Htext50                                       text50       000000
__Htext51                                       text51       000000
__Htext52                                       text52       000000
__Htext53                                       text53       000000
__Htext54                                       text54       000000
__Htext55                                       text55       000000
__Htext57                                       text57       000000
__Htext58                                       text58       000000
__Htext59                                       text59       000000
__Htext6                                        text6        000000
__Htext60                                       text60       000000
__Htext61                                       text61       000000
__Htext7                                        text7        000000
__Htext8                                        text8        000000
__Htext9                                        text9        000000
__LRAM                                          (abs)        000001
__L__absolute__                                 __absolute__ 000000
__Labs1                                         abs1         000000
__Lbank0                                        bank0        000000
__Lbank1                                        bank1        000000
__Lbank10                                       bank10       000000
__Lbank11                                       bank11       000000
__Lbank12                                       bank12       000000
__Lbank13                                       bank13       000000
__Lbank14                                       bank14       000000
__Lbank15                                       bank15       000000
__Lbank2                                        bank2        000000
__Lbank3                                        bank3        000000
__Lbank4                                        bank4        000000
__Lbank5                                        bank5        000000
__Lbank6                                        bank6        000000
__Lbank7                                        bank7        000000
__Lbank8                                        bank8        000000
__Lbank9                                        bank9        000000
__Lbigbss                                       bigbss       000000
__Lbigdata                                      bigdata      000000
__Lbigram                                       bigram       000000
__Lbigsfr                                       bigsfr       000000
__Lbss                                          bss          000000
__LbssBANK0                                     bssBANK0     000000
__LbssBANK2                                     bssBANK2     000000
__LbssCOMRAM                                    bssCOMRAM    000000
__Lcinit                                        cinit        000000
__Lclrtext                                      clrtext      000000
__Lcomram                                       comram       000000
__Lconfig                                       config       000000
__Lconst                                        const        000000
__LcstackBANK0                                  cstackBANK0  000000
__LcstackBANK1                                  cstackBANK1  000000
__LcstackBANK3                                  cstackBANK3  000000
__LcstackCOMRAM                                 cstackCOMRAM 000000
__Ldata                                         data         000000
__LdataBANK0                                    dataBANK0    000000
__Leeprom_data                                  eeprom_data  000000
__Lfarbss                                       farbss       000000
__Lfardata                                      fardata      000000
__Lheap                                         heap         000000
__Libigdata                                     ibigdata     000000
__Lidata                                        idata        000000
__LidataBANK0                                   idataBANK0   000000
__Lidloc                                        idloc        000000
__Lifardata                                     ifardata     000000
__Linit                                         init         00004C
__Lintcode                                      intcode      000008
__Lintcode_body                                 intcode_body 000000
__Lintcodelo                                    intcodelo    00004C
__Lintentry                                     intentry     000000
__Lintret                                       intret       000000
__Lintsave_regs                                 intsave_regs 000000
__Lirdata                                       irdata       000000
__Lmediumconst                                  mediumconst  00FE08
__LnvBANK0                                      nvBANK0      000000
__LnvFARRAM                                     nvFARRAM     000000
__Lnvbit                                        nvbit        000000
__Lnvrram                                       nvrram       000000
__Lparam                                        rparam       000000
__Lpowerup                                      powerup      00004C
__Lram                                          ram          000000
__Lramtop                                       ramtop       001000
__Lrbit                                         rbit         000000
__Lrbss                                         rbss         000000
__Lrdata                                        rdata        000000
__Lreset_vec                                    reset_vec    000000
__Lrparam                                       rparam       000000
__Lsfr                                          sfr          000000
__Lsmallconst                                   smallconst   000000
__Lspace_0                                      (abs)        000000
__Lspace_1                                      (abs)        000000
__Lspace_2                                      (abs)        000000
__Lspace_4                                      (abs)        000000
__Lstack                                        stack        000000
__Lstruct                                       struct       000000
__Ltemp                                         temp         000057
__Ltext                                         text         000000
__Ltext0                                        text0        000000
__Ltext1                                        text1        000000
__Ltext10                                       text10       000000
__Ltext11                                       text11       000000
__Ltext12                                       text12       000000
__Ltext13                                       text13       000000
__Ltext14                                       text14       000000
__Ltext15                                       text15       000000
__Ltext16                                       text16       000000
__Ltext17                                       text17       000000
__Ltext18                                       text18       000000
__Ltext19                                       text19       000000
__Ltext2                                        text2        000000
__Ltext20                                       text20       000000
__Ltext21                                       text21       000000
__Ltext22                                       text22       000000
__Ltext23                                       text23       000000
__Ltext24                                       text24       000000
__Ltext25                                       text25       000000
__Ltext26                                       text26       000000
__Ltext27                                       text27       000000
__Ltext28                                       text28       000000
__Ltext29                                       text29       000000
__Ltext3                                        text3        000000
__Ltext30                                       text30       000000
__Ltext31                                       text31       000000
__Ltext32                                       text32       000000
__Ltext33                                       text33       000000
__Ltext34                                       text34       000000
__Ltext35                                       text35       000000
__Ltext36                                       text36       000000
__Ltext37                                       text37       000000
__Ltext38                                       text38       000000
__Ltext39                                       text39       000000
__Ltext4                                        text4        000000
__Ltext40                                       text40       000000
__Ltext41                                       text41       000000
__Ltext42                                       text42       000000
__Ltext43                                       text43       000000
__Ltext44                                       text44       000000
__Ltext45                                       text45       000000
__Ltext46                                       text46       000000
__Ltext47                                       text47       000000
__Ltext48                                       text48       000000
__Ltext49                                       text49       000000
__Ltext5                                        text5        000000
__Ltext50                                       text50       000000
__Ltext51                                       text51       000000
__Ltext52                                       text52       000000
__Ltext53                                       text53       000000
__Ltext54                                       text54       000000
__Ltext55                                       text55       000000
__Ltext57                                       text57       000000
__Ltext58                                       text58       000000
__Ltext59                                       text59       000000
__Ltext6                                        text6        000000
__Ltext60                                       text60       000000
__Ltext61                                       text61       000000
__Ltext7                                        text7        000000
__Ltext8                                        text8        000000
__Ltext9                                        text9        000000
__S0                                            (abs)        010000
__S1                                            (abs)        000304
__S4                                            (abs)        000000
__S5                                            (abs)        000000
___aldiv                                        text18       0010CA
___aldiv@counter                                cstackCOMRAM 00000D
___aldiv@dividend                               cstackCOMRAM 000005
___aldiv@divisor                                cstackCOMRAM 000009
___aldiv@quotient                               cstackCOMRAM 00000F
___aldiv@sign                                   cstackCOMRAM 00000E
___almod                                        text17       0011D6
___almod@counter                                cstackCOMRAM 00000D
___almod@dividend                               cstackCOMRAM 000005
___almod@divisor                                cstackCOMRAM 000009
___almod@sign                                   cstackCOMRAM 00000E
___heap_hi                                      (abs)        000000
___heap_lo                                      (abs)        000000
___inthi_sp                                     stack        000000
___intlo_sp                                     stack        000000
___lldiv                                        text35       00181E
___lldiv@counter                                cstackCOMRAM 000011
___lldiv@dividend                               cstackCOMRAM 000005
___lldiv@divisor                                cstackCOMRAM 000009
___lldiv@quotient                               cstackCOMRAM 00000D
___llmod                                        text6        001966
___llmod@counter                                cstackCOMRAM 00000D
___llmod@dividend                               cstackCOMRAM 000005
___llmod@divisor                                cstackCOMRAM 000009
___param_bank                                   (abs)        000000
___rparam_used                                  (abs)        000001
___sp                                           stack        000000
__accesstop                                     (abs)        000060
__activetblptr                                  (abs)        000003
__end_of_AT45dbxx_Init                          text53       000A6A
__end_of_AT45dbxx_ReadPage                      text51       001A6E
__end_of_AT45dbxx_ReadStatus                    text54       002088
__end_of_AT45dbxx_WritePage                     text50       001C80
__end_of_EUSART1_Initialize                     text27       001E7A
__end_of_EUSART1_SetErrorHandler                text30       002110
__end_of_EUSART1_SetFramingErrorHandler         text29       002106
__end_of_EUSART1_SetOverrunErrorHandler         text28       0020FC
__end_of_EUSART1_Write                          text15       002072
__end_of_FsScape_EEPROM_interface_style         mediumconst  00FE2F
__end_of_FsScape_FLASH_interface_style          mediumconst  00FE2E
__end_of_FsScape_SRAM_interface_style           mediumconst  00FE30
__end_of_FsScape_get_index_SRAM                 text43       001F2A
__end_of_FsScape_set_index_SRAM                 text41       001DB6
__end_of_I2C1_Initialize                        text26       00209C
__end_of_I2C2_M_BusReset                        text39       0016C8
__end_of_I2C2_M_ClearErrors                     text40       002118
__end_of_I2C2_M_Poll                            text37       00160E
__end_of_I2C2_M_ReadByte                        text49       00147A
__end_of_I2C2_M_RecoverBus                      text38       001EB6
__end_of_I2C2_M_Restart                         text48       001BC6
__end_of_I2C2_M_Start                           text47       001966
__end_of_I2C2_M_Stop                            text46       001B58
__end_of_I2C2_M_WriteByte                       text45       00181E
__end_of_I2C_HWini                              text36       00211E
__end_of_I2C_Mem_Read                           text44       000C18
__end_of_I2C_Mem_Write                          text42       000D52
__end_of_I2C_ModuleStart                        text34       001C26
__end_of_I2C_ModuleStop                         text33       002126
__end_of_INTERRUPT_Initialize                   text25       002122
__end_of_INTERRUPT_InterruptManager             intcode      00004C
__end_of_OSCILLATOR_Initialize                  text24       0020DE
__end_of_PIN_MANAGER_Initialize                 text23       001FB4
__end_of_SPI1_ExchangeBlock                     text52       001CD4
__end_of_SPI1_ExchangeByte                      text55       00205C
__end_of_SPI1_Initialize                        text32       0020C0
__end_of_SPI1_Open                              text31       001778
__end_of_SYSTEM_Initialize                      text20       002042
__end_of_TMR1_DefaultInterruptHandler           text58       002128
__end_of_TMR1_ISR                               text57       001EF2
__end_of_TMR1_Initialize                        text21       001F8A
__end_of_TMR1_SetInterruptHandler               text22       0020F2
__end_of_TMR1_WriteTimer                        text60       001FDC
__end_of___aldiv                                text18       0011D6
__end_of___almod                                text17       0012C2
__end_of___lldiv                                text35       0018C2
__end_of___llmod                                text6        0019EE
__end_of__initialization                        cinit        001D64
__end_of_abs                                    text16       001E3A
__end_of_dtoa                                   text10       0008A4
__end_of_fputc                                  text13       001544
__end_of_fputs                                  text12       001DFA
__end_of_i2c1_fsmStateTable                     mediumconst  00FE29
__end_of_increment_interrupt                    text59       0020D0
__end_of_main                                   text0        0006DC
__end_of_millis                                 text19       002028
__end_of_pad                                    text11       001AE8
__end_of_printf                                 text1        002002
__end_of_putch                                  text14       0020E8
__end_of_spi1_configuration                     mediumconst  00FE2D
__end_of_stoa                                   text8        000FAE
__end_of_strlen                                 text9        001F60
__end_of_strncmp                                text7        0013AC
__end_of_utoa                                   text5        0010CA
__end_of_vfpfcnvrt                              text3        0004AC
__end_of_vfprintf                               text2        001D24
__end_of_xtoa                                   text4        000E8A
__initialization                                cinit        001D24
__mediumconst                                   mediumconst  00FE08
__micros                                        bssBANK0     000092
__millis                                        bssBANK0     00008E
__pbssBANK0                                     bssBANK0     000060
__pbssBANK2                                     bssBANK2     000200
__pbssCOMRAM                                    bssCOMRAM    000053
__pcinit                                        cinit        001D24
__pcstackBANK0                                  cstackBANK0  0000CC
__pcstackBANK1                                  cstackBANK1  000100
__pcstackBANK3                                  cstackBANK3  000300
__pcstackCOMRAM                                 cstackCOMRAM 000001
__pdataBANK0                                    dataBANK0    0000E6
__pidataBANK0                                   idataBANK0   00209C
__pintcode                                      intcode      000008
__pmediumconst                                  mediumconst  00FE08
__pnvBANK0                                      nvBANK0      0000F8
__ptext0                                        text0        0004AC
__ptext1                                        text1        001FDC
__ptext10                                       text10       0006DC
__ptext11                                       text11       001A6E
__ptext12                                       text12       001DB6
__ptext13                                       text13       00147A
__ptext14                                       text14       0020DE
__ptext15                                       text15       00205C
__ptext16                                       text16       001DFA
__ptext17                                       text17       0011D6
__ptext18                                       text18       0010CA
__ptext19                                       text19       002002
__ptext2                                        text2        001CD4
__ptext20                                       text20       002028
__ptext21                                       text21       001F60
__ptext22                                       text22       0020E8
__ptext23                                       text23       001F8A
__ptext24                                       text24       0020D0
__ptext25                                       text25       00211E
__ptext26                                       text26       002088
__ptext27                                       text27       001E3A
__ptext28                                       text28       0020F2
__ptext29                                       text29       0020FC
__ptext3                                        text3        000050
__ptext30                                       text30       002106
__ptext31                                       text31       0016C8
__ptext32                                       text32       0020AE
__ptext33                                       text33       002122
__ptext34                                       text34       001BC6
__ptext35                                       text35       00181E
__ptext36                                       text36       002118
__ptext37                                       text37       001544
__ptext38                                       text38       001E7A
__ptext39                                       text39       00160E
__ptext4                                        text4        000D52
__ptext40                                       text40       002110
__ptext41                                       text41       001D6E
__ptext42                                       text42       000C18
__ptext43                                       text43       001EF2
__ptext44                                       text44       000A6A
__ptext45                                       text45       001778
__ptext46                                       text46       001AE8
__ptext47                                       text47       0018C2
__ptext48                                       text48       001B58
__ptext49                                       text49       0013AC
__ptext5                                        text5        000FAE
__ptext50                                       text50       001C26
__ptext51                                       text51       0019EE
__ptext52                                       text52       001C80
__ptext53                                       text53       0008A4
__ptext54                                       text54       002072
__ptext55                                       text55       002042
__ptext57                                       text57       001EB6
__ptext58                                       text58       002126
__ptext59                                       text59       0020C0
__ptext6                                        text6        001966
__ptext60                                       text60       001FB4
__ptext61                                       text61       000000
__ptext7                                        text7        0012C2
__ptext8                                        text8        000E8A
__ptext9                                        text9        001F2A
__ramtop                                        ramtop       001000
__smallconst                                    smallconst   000000
_abs                                            text16       001DFA
_dbuf                                           bssBANK0     0000AC
_dtoa                                           text10       0006DC
_dtoa$3329                                      cstackCOMRAM 000028
_eusart1RxLastError                             bssBANK0     0000AB
_flags                                          bssBANK0     0000A6
_fputc                                          text13       00147A
_fputs                                          text12       001DB6
_fsscape_SRAM_index_addr                        bssBANK0     000096
_i2c1_fsmStateTable                             mediumconst  00FE09
_increment_interrupt                            text59       0020C0
_main                                           text0        0004AC
_millis                                         text19       002002
_myi_AT45dbxx                                   bssBANK0     00009A
_pad                                            text11       001A6E
_prec                                           bssCOMRAM    000053
_printf                                         text1        001FDC
_putch                                          text14       0020DE
_rd1RegCompleteHandler                          (abs)        000000
_rd2RegCompleteHandler                          (abs)        000000
_rdBlkRegCompleteHandler                        (abs)        000000
_spi1_configuration                             mediumconst  00FE29
_stoa                                           text8        000E8A
_strlen                                         text9        001F2A
_strncmp                                        text7        0012C2
_timer1ReloadVal                                bssBANK0     0000A4
_timer_fract                                    bssBANK0     0000A7
_timer_overflow_count                           bssBANK0     00008A
_utoa                                           text5        000FAE
_vfpfcnvrt                                      text3        000050
_vfpfcnvrt$3374                                 cstackCOMRAM 00003F
_vfprintf                                       text2        001CD4
_width                                          bssBANK0     00009E
_wr1RegCompleteHandler                          (abs)        000000
_wr2RegCompleteHandler                          (abs)        000000
_xtoa                                           text4        000D52
_xtoa$3354                                      cstackCOMRAM 00002E
abs@a                                           cstackCOMRAM 00000F
btemp                                           temp         000057
dtoa@d                                          cstackCOMRAM 000024
dtoa@fp                                         cstackCOMRAM 000022
dtoa@i                                          cstackCOMRAM 00002F
dtoa@p                                          cstackCOMRAM 00002A
dtoa@s                                          cstackCOMRAM 00002E
dtoa@w                                          cstackCOMRAM 00002C
end_of_initialization                           cinit        001D64
fputc@c                                         cstackCOMRAM 000007
fputc@fp                                        cstackCOMRAM 000009
fputs@c                                         cstackCOMRAM 000014
fputs@fp                                        cstackCOMRAM 000012
fputs@i                                         cstackCOMRAM 000015
fputs@s                                         cstackCOMRAM 000010
int$flags                                       temp         000057
intlevel0                                       text         000000
intlevel1                                       text         000000
intlevel2                                       text         000000
intlevel3                                       text         000000
isa$std                                         (abs)        000001
isa$xinst                                       (abs)        000000
main@F6362                                      dataBANK0    0000E6
main@adressme                                   cstackBANK3  000300
main@bus_reset                                  cstackBANK0  0000E4
main@temp                                       cstackBANK0  0000E1
main@temp2                                      cstackBANK0  0000E2
main@valor                                      cstackBANK0  0000E3
main@valor2                                     cstackCOMRAM 000052
main@valoresrx                                  cstackBANK1  000100
main@valorestx                                  cstackBANK0  0000D6
millis@m                                        cstackCOMRAM 000009
pad@buf                                         cstackCOMRAM 000019
pad@fp                                          cstackCOMRAM 000017
pad@i                                           cstackCOMRAM 00001E
pad@p                                           cstackCOMRAM 00001B
pad@w                                           cstackCOMRAM 000020
printf@ap                                       cstackCOMRAM 000050
printf@fmt                                      cstackBANK0  0000CC
putch@txData                                    cstackCOMRAM 000006
stackhi                                         (abs)        000000
stacklo                                         (abs)        000000
start                                           init         00004C
start_initialization                            cinit        001D24
stoa@F1156                                      dataBANK0    0000F1
stoa@cp                                         cstackCOMRAM 000020
stoa@fp                                         cstackCOMRAM 000010
stoa@i                                          cstackCOMRAM 00001E
stoa@l                                          cstackCOMRAM 000022
stoa@nuls                                       cstackCOMRAM 000015
stoa@p                                          cstackCOMRAM 000024
stoa@s                                          cstackCOMRAM 000012
stoa@w                                          cstackCOMRAM 00001C
strlen@a                                        cstackCOMRAM 000007
strlen@s                                        cstackCOMRAM 000005
strncmp@_l                                      cstackCOMRAM 000005
strncmp@_r                                      cstackCOMRAM 000007
strncmp@l                                       cstackCOMRAM 00000C
strncmp@n                                       cstackCOMRAM 000009
strncmp@r                                       cstackCOMRAM 00000E
ttemp5                                          temp         000058
ttemp6                                          temp         00005B
ttemp7                                          temp         00005F
utoa@d                                          cstackCOMRAM 000024
utoa@fp                                         cstackCOMRAM 000022
utoa@i                                          cstackCOMRAM 00002C
utoa@p                                          cstackCOMRAM 00002A
utoa@w                                          cstackCOMRAM 000028
vfpfcnvrt@ap                                    cstackCOMRAM 000039
vfpfcnvrt@c                                     cstackCOMRAM 000045
vfpfcnvrt@convarg                               cstackCOMRAM 000041
vfpfcnvrt@cp                                    cstackCOMRAM 000046
vfpfcnvrt@fmt                                   cstackCOMRAM 000037
vfpfcnvrt@fp                                    cstackCOMRAM 000035
vfprintf@ap                                     cstackCOMRAM 00004C
vfprintf@cfmt                                   cstackCOMRAM 00004E
vfprintf@fmt                                    cstackCOMRAM 00004A
vfprintf@fp                                     cstackCOMRAM 000048
wtemp8                                          temp         000058
xtoa@c                                          cstackCOMRAM 000034
xtoa@d                                          cstackCOMRAM 000024
xtoa@fp                                         cstackCOMRAM 000022
xtoa@i                                          cstackCOMRAM 000032
xtoa@p                                          cstackCOMRAM 000030
xtoa@w                                          cstackCOMRAM 00002C


MODULE INFORMATION

Module		Function		Class		Link	Load	Size
C:\Program Files\Microchip\xc8\v2.41\pic\sources\c99\common\llmod.c
		___llmod       		CODE           	1966	0000	136

C:\Program Files\Microchip\xc8\v2.41\pic\sources\c99\common\llmod.c estimated size: 136

C:\Program Files\Microchip\xc8\v2.41\pic\sources\c99\common\almod.c
		___almod       		CODE           	11D6	0000	236

C:\Program Files\Microchip\xc8\v2.41\pic\sources\c99\common\almod.c estimated size: 236

mcc_generated_files/i2c1_master.c
		_I2C1_Initialize		CODE           	2088	0000	20

mcc_generated_files/i2c1_master.c estimated size: 20

C:\Program Files\Microchip\xc8\v2.41\pic\sources\c99\common\__lldiv.c
		___lldiv       		CODE           	181E	0000	164

C:\Program Files\Microchip\xc8\v2.41\pic\sources\c99\common\__lldiv.c estimated size: 164

mcc_generated_files/interrupt_manager.c
		_INTERRUPT_Initialize		CODE           	211E	0000	4
		_INTERRUPT_InterruptManager		CODE           	0008	0000	68

mcc_generated_files/interrupt_manager.c estimated size: 72

millis.c
		_millis        		CODE           	2002	0000	38
		_increment_interrupt		CODE           	20C0	0000	16

millis.c estimated size: 54

C:\Program Files\Microchip\xc8\v2.41\pic\sources\c99\common\strlen.c
		_strlen        		CODE           	1F2A	0000	54

C:\Program Files\Microchip\xc8\v2.41\pic\sources\c99\common\strlen.c estimated size: 54

C:\Program Files\Microchip\xc8\v2.41\pic\sources\c99\common\nf_fputc.c
		_fputc         		CODE           	147A	0000	202

C:\Program Files\Microchip\xc8\v2.41\pic\sources\c99\common\nf_fputc.c estimated size: 202

mcc_generated_files/pin_manager.c
		_PIN_MANAGER_Initialize		CODE           	1F8A	0000	42

mcc_generated_files/pin_manager.c estimated size: 42

mcc_generated_files/spi1.c
		_SPI1_ExchangeBlock		CODE           	1C80	0000	84
		_SPI1_Open     		CODE           	16C8	0000	176
		_SPI1_Initialize		CODE           	20AE	0000	18
		_SPI1_ExchangeByte		CODE           	2042	0000	26

mcc_generated_files/spi1.c estimated size: 304

C:\Program Files\Microchip\xc8\v2.41\pic\sources\c99\common\aldiv.c
		___aldiv       		CODE           	10CA	0000	268

C:\Program Files\Microchip\xc8\v2.41\pic\sources\c99\common\aldiv.c estimated size: 268

C:\Program Files\Microchip\xc8\v2.41\pic\sources\c99\common\abs.c
		_abs           		CODE           	1DFA	0000	64

C:\Program Files\Microchip\xc8\v2.41\pic\sources\c99\common\abs.c estimated size: 64

C:\Program Files\Microchip\xc8\v2.41\pic\sources\c99\common\doprnt.c
		_vfpfcnvrt     		CODE           	0050	0000	1116
		_pad           		CODE           	1A6E	0000	122
		_dtoa          		CODE           	06DC	0000	456
		_vfprintf      		CODE           	1CD4	0000	80
		_stoa          		CODE           	0E8A	0000	292
		_utoa          		CODE           	0FAE	0000	284
		_xtoa          		CODE           	0D52	0000	312

C:\Program Files\Microchip\xc8\v2.41\pic\sources\c99\common\doprnt.c estimated size: 2662

fsscape.c
		_FsScape_get_index_SRAM		CODE           	1EF2	0000	56
		_FsScape_set_index_SRAM		CODE           	1D6E	0000	72

fsscape.c estimated size: 128

shared
		_FsScape_EEPROM_interface_style		MEDIUMCONST    	FE2E	0000	1
		__initialization		CODE           	1D24	0000	64
		_FsScape_FLASH_interface_style		MEDIUMCONST    	FE2D	0000	1
		_i2c1_fsmStateTable		MEDIUMCONST    	FE09	0000	32
		_FsScape_SRAM_interface_style		MEDIUMCONST    	FE2F	0000	1
		_spi1_configuration		MEDIUMCONST    	FE29	0000	4

shared estimated size: 103

mcc_generated_files/eusart1.c
		_EUSART1_Initialize		CODE           	1E3A	0000	64
		_putch         		CODE           	20DE	0000	10
		_EUSART1_SetFramingErrorHandler		CODE           	20FC	0000	10
		_EUSART1_SetOverrunErrorHandler		CODE           	20F2	0000	10
		_EUSART1_SetErrorHandler		CODE           	2106	0000	10
		_EUSART1_Write 		CODE           	205C	0000	22

mcc_generated_files/eusart1.c estimated size: 126

mcc_generated_files/mcc.c
		_OSCILLATOR_Initialize		CODE           	20D0	0000	14
		_SYSTEM_Initialize		CODE           	2028	0000	26

mcc_generated_files/mcc.c estimated size: 40

at45dbxx.c
		_AT45dbxx_WritePage		CODE           	1C26	0000	90
		_AT45dbxx_ReadStatus		CODE           	2072	0000	22
		_AT45dbxx_ReadPage		CODE           	19EE	0000	128
		_AT45dbxx_Init 		CODE           	08A4	0000	454

at45dbxx.c estimated size: 694

my_i2c_pic18.c
		_I2C_Mem_Read  		CODE           	0A6A	0000	430
		_I2C_Mem_Write 		CODE           	0C18	0000	314
		_I2C2_M_ClearErrors		CODE           	2110	0000	8
		_I2C2_M_Poll   		CODE           	1544	0000	202
		_I2C2_M_Stop   		CODE           	1AE8	0000	112
		_I2C2_M_Start  		CODE           	18C2	0000	164
		_I2C2_M_WriteByte		CODE           	1778	0000	166
		_I2C_ModuleStop		CODE           	2122	0000	4
		_I2C_HWini     		CODE           	2118	0000	6
		_I2C2_M_Restart		CODE           	1B58	0000	110
		_I2C2_M_RecoverBus		CODE           	1E7A	0000	60
		_I2C_ModuleStart		CODE           	1BC6	0000	96
		_I2C2_M_ReadByte		CODE           	13AC	0000	206
		_I2C2_M_BusReset		CODE           	160E	0000	186

my_i2c_pic18.c estimated size: 2064

mcc_generated_files/tmr1.c
		_TMR1_Initialize		CODE           	1F60	0000	42
		_TMR1_SetInterruptHandler		CODE           	20E8	0000	10
		_TMR1_DefaultInterruptHandler		CODE           	2126	0000	2
		_TMR1_WriteTimer		CODE           	1FB4	0000	40
		_TMR1_ISR      		CODE           	1EB6	0000	60

mcc_generated_files/tmr1.c estimated size: 154

C:\Program Files\Microchip\xc8\v2.41\pic\sources\c99\common\nf_fputs.c
		_fputs         		CODE           	1DB6	0000	68

C:\Program Files\Microchip\xc8\v2.41\pic\sources\c99\common\nf_fputs.c estimated size: 68

main.c
		_main          		CODE           	04AC	0000	560

main.c estimated size: 560

C:\Program Files\Microchip\xc8\v2.41\pic\sources\c99\common\strncmp.c
		_strncmp       		CODE           	12C2	0000	234

C:\Program Files\Microchip\xc8\v2.41\pic\sources\c99\common\strncmp.c estimated size: 234

C:\Program Files\Microchip\xc8\v2.41\pic\sources\c99\common\printf.c
		_printf        		CODE           	1FDC	0000	38

C:\Program Files\Microchip\xc8\v2.41\pic\sources\c99\common\printf.c estimated size: 38

