Microchip MPLAB XC8 Compiler V2.41

Linker command line:

-W-3 \
  --edf=C:/Users/Raphael/.mchp_packs/Microchip/PIC18F-K_DFP/1.13.292/xc8\pic\dat\20231012153220_en.msgs \
  -cn -h+dist/default/production\flash_fsscape.X.production.sym \
  --cmf=dist/default/production\flash_fsscape.X.production.cmf -z \
  -Q18F26K22 -oC:\Users\Raphael\AppData\Local\Temp\xcAsm68.\driver_tmp_3.o \
  --defsym=__MPLAB_BUILD=1 --fixupoverflow=error \
  -Mdist/default/production/flash_fsscape.X.production.map \
  --md=C:\Users\Raphael\AppData\Local\Temp\xcAsm68.\driver_tmp_0.dat -E1 \
  -ver=XC8 Compiler --acfsm=1493 -ACODE=00h-0FFFFh -ACONST=00h-0FFFFh \
  -ASMALLCONST=01000h-010FFhx240 -AMEDIUMCONST=01000h-0FFFFh \
  -ACOMRAM=01h-05Fh -AABS1=00h-0F37h -ABIGRAM=01h-0F37h \
  -ARAM=060h-0FFh,0100h-01FFhx14,0F00h-0F37h -ABANK0=060h-0FFh \
  -ABANK1=0100h-01FFh -ABANK2=0200h-02FFh -ABANK3=0300h-03FFh \
  -ABANK4=0400h-04FFh -ABANK5=0500h-05FFh -ABANK6=0600h-06FFh \
  -ABANK7=0700h-07FFh -ABANK8=0800h-08FFh -ABANK9=0900h-09FFh \
  -ABANK10=0A00h-0AFFh -ABANK11=0B00h-0BFFh -ABANK12=0C00h-0CFFh \
  -ABANK13=0D00h-0DFFh -ABANK14=0E00h-0EFFh -ABANK15=0F00h-0F37h \
  -ASFR=0F38h-0F5Fh,0F60h-0FFFh -ABIGSFR=0F38h-0FFFh \
  -ACONFIG=0300000h-030000Dh -AIDLOC=0200000h-0200007h \
  -AEEDATA=0F00000h-0F003FFh -peeprom_data=EEDATA \
  -preset_vec=00h,intcode=08h,intcodelo,powerup,init -pramtop=01000h \
  -psmallconst=SMALLCONST -pmediumconst=MEDIUMCONST -pconst=CONST \
  -AFARRAM=00h-00h \
  -prdata=COMRAM,nvrram=COMRAM,nvbit=COMRAM,rbss=COMRAM,rbit=COMRAM \
  -pfarbss=FARRAM,fardata=FARRAM,nvFARRAM=FARRAM \
  -pintsave_regs=BIGRAM,bigbss=BIGRAM,bigdata=BIGRAM -pbss=RAM \
  -pidata=CODE,irdata=CODE,ibigdata=CODE,ifardata=CODE -prparam=COMRAM \
  C:\Users\Raphael\AppData\Local\Temp\xcAsm68.\driver_tmp_14.o \
  dist/default/production\flash_fsscape.X.production.o 

Object code version is 3.11

Machine type is 18F26K22



                Name                               Link     Load   Length Selector   Space Scale
C:\Users\Raphael\AppData\Local\Temp\xcAsm68.\driver_tmp_14.o
                idloc                            200000   200000        8        0       5
                config                           300000   300000        E        0       4
                init                                 4C       4C        4        4       0
                reset_vec                             0        0        4        0       0
dist/default/production\flash_fsscape.X.production.o
                intcode                               8        8       44        4       0
                idloc                            200000   200000        8        0       5
                config                           300000   300000        E        0       4
                temp                                 5B       5B        1        1       1
                mediumconst                        FE20     FE20      1E0     7F10       0
                text51                             196A     196A       28        4       0
                text50                             1A4A     1A4A       10        4       0
                text49                             1ABC     1ABC        2      D3A       0
                text48                             18D8     18D8       3C        4       0
                text46                             1A38     1A38       12        4       0
                text45                              FE0      FE0       CE        4       0
                text44                             15D4     15D4       6E        4       0
                text43                             1446     1446       A4        4       0
                text42                             1564     1564       70        4       0
                text41                             12FC     12FC       A6        4       0
                text40                              7EA      7EA      1AE        4       0
                text39                              E06      E06       EE        4       0
                text38                              D18      D18       EE        4       0
                text37                              AD2      AD2      13A        4       0
                text36                             1792     1792       48        4       0
                text35                             174A     174A       48        4       0
                text34                             1AA6     1AA6        8      D3A       0
                text33                             1242     1242       BA        4       0
                text32                             189C     189C       3C        4       0
                text31                             1178     1178       CA        4       0
                text30                             1AAE     1AAE        6      D3A       0
                text29                             13A2     13A2       A4        4       0
                text28                             1642     1642       60        4       0
                text27                             1AB8     1AB8        4      D3A       0
                text26                             1A9C     1A9C        A      D3A       0
                text25                             1A92     1A92        A      D3A       0
                text24                             1A88     1A88        A      D3A       0
                text23                             185E     185E       3E        4       0
                text22                             1A12     1A12       14        4       0
                text21                             1AB4     1AB4        4      D3A       0
                text20                             1A5A     1A5A        E        4       0
                text19                             1914     1914       2C        4       0
                text18                             1A26     1A26       12        4       0
                text17                             1A7E     1A7E        A      D3A       0
                text16                             1940     1940       2A        4       0
                text15                             19DE     19DE       1E        4       0
                text14                             19B8     19B8       26        4       0
                text13                              C0C      C0C      10C        4       0
                text12                              EF4      EF4       EC        4       0
                text11                             181E     181E       40        4       0
                text10                             19FC     19FC       16        4       0
                text9                              1A74     1A74        A      D3A       0
                text8                              10AE     10AE       CA        4       0
                text7                              17DA     17DA       44        4       0
                text6                              14EA     14EA       7A        4       0
                text5                               620      620      1CA        4       0
                text4                               998      998      13A        4       0
                text3                                50       50      330        4       0
                text2                              16FA     16FA       50        4       0
                text1                              1992     1992       26        4       0
                text0                               380      380      2A0        4       0
                cstackCOMRAM                          1        1       55        1       1
                cstackBANK0                          AB       AB       2D       60       1
                cstackBANK1                         100      100       FE      100       1
                bssBANK3                            300      300       FE      300       1
                bssBANK2                            200      200       20      200       1
                dataBANK0                            D8       D8        B       60       1
                bssBANK0                             60       60       4B       60       1
                bssCOMRAM                            56       56        5        1       1
                cinit                              16A2     16A2       58        4       0
                nvBANK0                              E3       E3        8       60       1
                idataBANK0                         1A68     1A68        B        4       0

TOTAL           Name                               Link     Load   Length     Space
        CLASS   CODE           
                intcode                               8        8       44         0
                init                                 4C       4C        4         0
                reset_vec                             0        0        4         0
                text51                             196A     196A       28         0
                text50                             1A4A     1A4A       10         0
                text49                             1ABC     1ABC        2         0
                text48                             18D8     18D8       3C         0
                text46                             1A38     1A38       12         0
                text45                              FE0      FE0       CE         0
                text44                             15D4     15D4       6E         0
                text43                             1446     1446       A4         0
                text42                             1564     1564       70         0
                text41                             12FC     12FC       A6         0
                text40                              7EA      7EA      1AE         0
                text39                              E06      E06       EE         0
                text38                              D18      D18       EE         0
                text37                              AD2      AD2      13A         0
                text36                             1792     1792       48         0
                text35                             174A     174A       48         0
                text34                             1AA6     1AA6        8         0
                text33                             1242     1242       BA         0
                text32                             189C     189C       3C         0
                text31                             1178     1178       CA         0
                text30                             1AAE     1AAE        6         0
                text29                             13A2     13A2       A4         0
                text28                             1642     1642       60         0
                text27                             1AB8     1AB8        4         0
                text26                             1A9C     1A9C        A         0
                text25                             1A92     1A92        A         0
                text24                             1A88     1A88        A         0
                text23                             185E     185E       3E         0
                text22                             1A12     1A12       14         0
                text21                             1AB4     1AB4        4         0
                text20                             1A5A     1A5A        E         0
                text19                             1914     1914       2C         0
                text18                             1A26     1A26       12         0
                text17                             1A7E     1A7E        A         0
                text16                             1940     1940       2A         0
                text15                             19DE     19DE       1E         0
                text14                             19B8     19B8       26         0
                text13                              C0C      C0C      10C         0
                text12                              EF4      EF4       EC         0
                text11                             181E     181E       40         0
                text10                             19FC     19FC       16         0
                text9                              1A74     1A74        A         0
                text8                              10AE     10AE       CA         0
                text7                              17DA     17DA       44         0
                text6                              14EA     14EA       7A         0
                text5                               620      620      1CA         0
                text4                               998      998      13A         0
                text3                                50       50      330         0
                text2                              16FA     16FA       50         0
                text1                              1992     1992       26         0
                text0                               380      380      2A0         0
                cinit                              16A2     16A2       58         0
                idataBANK0                         1A68     1A68        B         0

        CLASS   CONST          

        CLASS   SMALLCONST     

        CLASS   MEDIUMCONST    
                mediumconst                        FE20     FE20      1E0         0

        CLASS   COMRAM         
                temp                                 5B       5B        1         1
                cstackCOMRAM                          1        1       55         1
                bssCOMRAM                            56       56        5         1

        CLASS   ABS1           

        CLASS   BIGRAM         

        CLASS   RAM            

        CLASS   BANK0          
                cstackBANK0                          AB       AB       2D         1
                dataBANK0                            D8       D8        B         1
                bssBANK0                             60       60       4B         1
                nvBANK0                              E3       E3        8         1

        CLASS   BANK1          
                cstackBANK1                         100      100       FE         1

        CLASS   BANK2          
                bssBANK2                            200      200       20         1

        CLASS   BANK3          
                bssBANK3                            300      300       FE         1

        CLASS   BANK4          

        CLASS   BANK5          

        CLASS   BANK6          

        CLASS   BANK7          

        CLASS   BANK8          

        CLASS   BANK9          

        CLASS   BANK10         

        CLASS   BANK11         

        CLASS   BANK12         

        CLASS   BANK13         

        CLASS   BANK14         

        CLASS   BANK15         

        CLASS   SFR            

        CLASS   BIGSFR         

        CLASS   CONFIG         
                config                           300000   300000        E         4

        CLASS   IDLOC          
                idloc                            200000   200000        8         5

        CLASS   EEDATA         

        CLASS   FARRAM         

        CLASS   HEAP           

        CLASS   STACK          



SEGMENTS        Name                           Load    Length   Top    Selector   Space  Class

                reset_vec                      000000  000004  000004         0       0  CODE    
                cstackCOMRAM                   000001  00005B  00005C         1       1  COMRAM  
                intcode                        000008  001A6B  001A73         4       0  CODE    
                bssBANK0                       000060  00008B  0000EB        60       1  BANK0   
                cstackBANK1                    000100  0000FE  0001FE       100       1  BANK1   
                bssBANK2                       000200  000020  000220       200       1  BANK2   
                bssBANK3                       000300  0000FE  0003FE       300       1  BANK3   
                text9                          001A74  00004A  001ABE       D3A       0  CODE    
                mediumconst                    00FE20  0001E0  010000      7F10       0  MEDIUMCO


UNUSED ADDRESS RANGES

        Name                Unused          Largest block    Delta
        BANK0            0000EB-0000FF               15
        BANK1            0001FE-0001FF                2
        BANK10           000A00-000AFF              100
        BANK11           000B00-000BFF              100
        BANK12           000C00-000CFF              100
        BANK13           000D00-000DFF              100
        BANK14           000E00-000EFF              100
        BANK15           000F00-000F37               38
        BANK2            000220-0002FF               E0
        BANK3            0003FE-0003FF                2
        BANK4            000400-0004FF              100
        BANK5            000500-0005FF              100
        BANK6            000600-0006FF              100
        BANK7            000700-0007FF              100
        BANK8            000800-0008FF              100
        BANK9            000900-0009FF              100
        BIGRAM           00005C-00005F                4
                         0000EB-0000FF               15
                         0001FE-0001FF                2
                         000220-0002FF               E0
                         0003FE-000F37              B3A
        BIGSFR           000F38-000FFF               C8
        CODE             000004-000007                4
                         001A73-001A73                1
                         001ABE-00FE1F             E362
        COMRAM           00005C-00005F                4
        CONST            000004-000007                4
                         001A73-001A73                1
                         001ABE-00FE1F             E362
        EEDATA           F00000-F003FF              400
        MEDIUMCONST      001A73-001A73                1
                         001ABE-00FE1F             E362
        RAM              0000EB-0000FF               15
                         0001FE-0001FF                2
                         000220-0002FF               E0
                         0003FE-000F37              100
        SFR              000F38-000FFF               28
        SMALLCONST       001A73-001A73                1
                         001ABE-00FE1F              100

                                  Symbol Table

?_FsScape_check_index_crc                       cstackCOMRAM 000005
?_I2C2_M_BusReset                               cstackCOMRAM 000005
?_I2C2_M_Poll                                   cstackCOMRAM 00000D
?_I2C2_M_ReadByte                               cstackCOMRAM 000005
?_I2C2_M_RecoverBus                             cstackCOMRAM 000009
?_I2C2_M_Restart                                cstackCOMRAM 000005
?_I2C2_M_Start                                  cstackCOMRAM 000005
?_I2C2_M_Stop                                   cstackCOMRAM 000005
?_I2C2_M_WriteByte                              cstackCOMRAM 000005
?_I2C_Mem_Read                                  cstackCOMRAM 00000A
?_I2C_Mem_Write                                 cstackCOMRAM 00000A
?___aldiv                                       cstackCOMRAM 000005
?___almod                                       cstackCOMRAM 000005
?___lldiv                                       cstackCOMRAM 000005
?_abs                                           cstackCOMRAM 00000F
?_millis                                        cstackCOMRAM 000005
?_printf                                        cstackCOMRAM 00004E
?_vfprintf                                      cstackCOMRAM 000046
EUSART1_SetErrorHandler@interruptHandler        cstackCOMRAM 000005
EUSART1_SetFramingErrorHandler@interruptHandler cstackCOMRAM 000005
EUSART1_SetOverrunErrorHandler@interruptHandler cstackCOMRAM 000005
EUSART1_Write@txData                            cstackCOMRAM 000005
FsScape_check_index_crc@crc_value               cstackCOMRAM 000005
FsScape_get_index_SRAM@_address                 cstackCOMRAM 000038
FsScape_get_index_SRAM@address                  cstackCOMRAM 00001E
FsScape_get_index_SRAM@value                    cstackCOMRAM 00003C
FsScape_get_index_crc_SRAM@_address             cstackCOMRAM 000038
FsScape_get_index_crc_SRAM@crc                  cstackCOMRAM 00001E
FsScape_get_index_crc_SRAM@value                cstackCOMRAM 00003C
FsScape_set_index_SRAM@_address                 cstackCOMRAM 000020
FsScape_set_index_SRAM@address_value            cstackCOMRAM 00001C
FsScape_set_index_crc_SRAM@_address             cstackCOMRAM 000020
FsScape_set_index_crc_SRAM@crc_value            cstackCOMRAM 00001C
I2C2_M_BusReset@i                               cstackCOMRAM 000007
I2C2_M_Poll@DevAddr                             cstackCOMRAM 00000F
I2C2_M_Poll@SlaveAddr                           cstackCOMRAM 000010
I2C2_M_Poll@retval                              cstackCOMRAM 000011
I2C2_M_ReadByte@ACKflag                         cstackCOMRAM 000007
I2C2_M_ReadByte@t                               cstackCOMRAM 000008
I2C2_M_RecoverBus@status                        cstackCOMRAM 00000B
I2C2_M_Restart@t                                cstackCOMRAM 000007
I2C2_M_Start@t                                  cstackCOMRAM 000007
I2C2_M_Stop@t                                   cstackCOMRAM 000007
I2C2_M_WriteByte@cData                          cstackCOMRAM 000007
I2C2_M_WriteByte@t                              cstackCOMRAM 000008
I2C_Mem_Read@DevAddress                         cstackCOMRAM 000018
I2C_Mem_Read@MemAddSize                         cstackCOMRAM 00000C
I2C_Mem_Read@MemAdress                          cstackCOMRAM 00000A
I2C_Mem_Read@Size                               cstackCOMRAM 000010
I2C_Mem_Read@SlaveAddr                          cstackCOMRAM 000019
I2C_Mem_Read@Timeout                            cstackCOMRAM 000012
I2C_Mem_Read@i                                  cstackCOMRAM 00001A
I2C_Mem_Read@pData                              cstackCOMRAM 00000E
I2C_Mem_Read@retval                             cstackCOMRAM 00001C
I2C_Mem_Write@DevAddress                        cstackCOMRAM 000016
I2C_Mem_Write@MemAddSize                        cstackCOMRAM 00000C
I2C_Mem_Write@MemAdress                         cstackCOMRAM 00000A
I2C_Mem_Write@Size                              cstackCOMRAM 000010
I2C_Mem_Write@SlaveAddr                         cstackCOMRAM 000017
I2C_Mem_Write@Timeout                           cstackCOMRAM 000012
I2C_Mem_Write@i                                 cstackCOMRAM 00001A
I2C_Mem_Write@pData                             cstackCOMRAM 00000E
I2C_Mem_Write@retval                            cstackCOMRAM 000018
I2C_ModuleStart@clock_output                    cstackCOMRAM 000012
TMR1_SetInterruptHandler@InterruptHandler       cstackCOMRAM 000005
TMR1_WriteTimer@timerVal                        cstackCOMRAM 000001
_ANSELA                                         (abs)        000F38
_ANSELB                                         (abs)        000F39
_ANSELC                                         (abs)        000F3A
_AT45dbxx                                       bssBANK0     000084
_BAUDCON1                                       (abs)        000FB8
_EUSART1_DefaultErrorHandler                    (abs)        000000
_EUSART1_DefaultFramingErrorHandler             (abs)        000000
_EUSART1_DefaultOverrunErrorHandler             (abs)        000000
_EUSART1_ErrorHandler                           nvBANK0      0000E5
_EUSART1_FramingErrorHandler                    nvBANK0      0000E9
_EUSART1_Initialize                             text23       00185E
_EUSART1_OverrunErrorHandler                    nvBANK0      0000E7
_EUSART1_SetErrorHandler                        text26       001A9C
_EUSART1_SetFramingErrorHandler                 text25       001A92
_EUSART1_SetOverrunErrorHandler                 text24       001A88
_EUSART1_Write                                  text10       0019FC
_FsScape_CS                                     bssBANK0     0000A4
_FsScape_CSbit                                  bssBANK0     0000A2
_FsScape_EEPROM_interface_style                 mediumconst  00FE4A
_FsScape_FLASH_interface_style                  mediumconst  00FE49
_FsScape_SRAM_interface_style                   mediumconst  00FE4B
_FsScape_check_index_crc                        text46       001A38
_FsScape_get_index_SRAM                         text39       000E06
_FsScape_get_index_crc_SRAM                     text38       000D18
_FsScape_i2c_EEPROM_addr                        bssBANK0     0000A9
_FsScape_i2c_FLASH_addr                         bssBANK0     0000A8
_FsScape_i2c_SRAM_addr                          bssBANK0     0000AA
_FsScape_set_index_SRAM                         text36       001792
_FsScape_set_index_crc_SRAM                     text35       00174A
_I2C1_CallbackReturnReset                       (abs)        000000
_I2C1_CallbackReturnStop                        (abs)        000000
_I2C1_DO_ADDRESS_NACK                           (abs)        000000
_I2C1_DO_IDLE                                   (abs)        000000
_I2C1_DO_RCEN                                   (abs)        000000
_I2C1_DO_RESET                                  (abs)        000000
_I2C1_DO_RX                                     (abs)        000000
_I2C1_DO_RX_ACK                                 (abs)        000000
_I2C1_DO_RX_NACK_RESTART                        (abs)        000000
_I2C1_DO_RX_NACK_STOP                           (abs)        000000
_I2C1_DO_SEND_ADR_READ                          (abs)        000000
_I2C1_DO_SEND_ADR_WRITE                         (abs)        000000
_I2C1_DO_SEND_RESTART                           (abs)        000000
_I2C1_DO_SEND_RESTART_READ                      (abs)        000000
_I2C1_DO_SEND_RESTART_WRITE                     (abs)        000000
_I2C1_DO_SEND_STOP                              (abs)        000000
_I2C1_DO_TX                                     (abs)        000000
_I2C1_DO_TX_EMPTY                               (abs)        000000
_I2C1_Initialize                                text22       001A12
_I2C1_Status                                    bssBANK0     000060
_I2C2_M_BusReset                                text33       001242
_I2C2_M_ClearErrors                             text34       001AA6
_I2C2_M_Poll                                    text31       001178
_I2C2_M_ReadByte                                text45       000FE0
_I2C2_M_RecoverBus                              text32       00189C
_I2C2_M_Restart                                 text44       0015D4
_I2C2_M_Start                                   text43       001446
_I2C2_M_Stop                                    text42       001564
_I2C2_M_WriteByte                               text41       0012FC
_I2C_HWini                                      text30       001AAE
_I2C_Mem_Read                                   text40       0007EA
_I2C_Mem_Write                                  text37       000AD2
_I2C_ModuleStart                                text28       001642
_I2C_ModuleStop                                 text27       001AB8
_I2Cflags                                       bssCOMRAM    000056
_INTCON2bits                                    (abs)        000FF1
_INTCONbits                                     (abs)        000FF2
_INTERRUPT_Initialize                           text21       001AB4
_INTERRUPT_InterruptManager                     intcode      000008
_LATA                                           (abs)        000F89
_LATB                                           (abs)        000F8A
_LATBbits                                       (abs)        000F8A
_LATC                                           (abs)        000F8B
_LATCbits                                       (abs)        000F8B
_OSCCON                                         (abs)        000FD3
_OSCCON2                                        (abs)        000FD2
_OSCILLATOR_Initialize                          text20       001A5A
_OSCTUNE                                        (abs)        000F9B
_PIE1bits                                       (abs)        000F9D
_PIN_MANAGER_Initialize                         text19       001914
_PIR1bits                                       (abs)        000F9E
_PIR2bits                                       (abs)        000FA1
_PIR3bits                                       (abs)        000FA4
_PORTCbits                                      (abs)        000F82
_RCONbits                                       (abs)        000FD0
_RCREG1                                         (abs)        000FAE
_RCSTA1                                         (abs)        000FAB
_RCSTA1bits                                     (abs)        000FAB
_SPBRG1                                         (abs)        000FAF
_SPBRGH1                                        (abs)        000FB0
_SPI2_Initialize                                text18       001A26
_SSP1ADD                                        (abs)        000FC8
_SSP1BUF                                        (abs)        000FC9
_SSP1CON1                                       (abs)        000FC6
_SSP1CON1bits                                   (abs)        000FC6
_SSP1CON2                                       (abs)        000FC5
_SSP1CON2bits                                   (abs)        000FC5
_SSP1STAT                                       (abs)        000FC7
_SSP1STATbits                                   (abs)        000FC7
_SSP2ADD                                        (abs)        000F6E
_SSP2BUF                                        (abs)        000F6F
_SSP2CON1                                       (abs)        000F6C
_SSP2CON1bits                                   (abs)        000F6C
_SSP2CON2                                       (abs)        000F6B
_SSP2STAT                                       (abs)        000F6D
_SYSTEM_Initialize                              text15       0019DE
_T1CON                                          (abs)        000FCD
_T1CONbits                                      (abs)        000FCD
_T1GCON                                         (abs)        000FCC
_T1GCONbits                                     (abs)        000FCC
_TMR1                                           (abs)        000FCE
_TMR1H                                          (abs)        000FCF
_TMR1L                                          (abs)        000FCE
_TMR1_DefaultInterruptHandler                   text49       001ABC
_TMR1_ISR                                       text48       0018D8
_TMR1_Initialize                                text16       001940
_TMR1_InterruptHandler                          nvBANK0      0000E3
_TMR1_SetInterruptHandler                       text17       001A7E
_TMR1_WriteTimer                                text51       00196A
_TRISA                                          (abs)        000F92
_TRISB                                          (abs)        000F93
_TRISBbits                                      (abs)        000F93
_TRISC                                          (abs)        000F94
_TRISCbits                                      (abs)        000F94
_TXREG1                                         (abs)        000FAD
_TXSTA1                                         (abs)        000FAC
_TXSTA1bits                                     (abs)        000FAC
_WPUB                                           (abs)        000F61
__HRAM                                          (abs)        000000
__H__absolute__                                 __absolute__ 000000
__Habs1                                         abs1         000000
__Hbank0                                        bank0        000000
__Hbank1                                        bank1        000000
__Hbank10                                       bank10       000000
__Hbank11                                       bank11       000000
__Hbank12                                       bank12       000000
__Hbank13                                       bank13       000000
__Hbank14                                       bank14       000000
__Hbank15                                       bank15       000000
__Hbank2                                        bank2        000000
__Hbank3                                        bank3        000000
__Hbank4                                        bank4        000000
__Hbank5                                        bank5        000000
__Hbank6                                        bank6        000000
__Hbank7                                        bank7        000000
__Hbank8                                        bank8        000000
__Hbank9                                        bank9        000000
__Hbigbss                                       bigbss       000000
__Hbigdata                                      bigdata      000000
__Hbigram                                       bigram       000000
__Hbigsfr                                       bigsfr       000000
__Hbss                                          bss          000000
__HbssBANK0                                     bssBANK0     000000
__HbssBANK2                                     bssBANK2     000000
__HbssBANK3                                     bssBANK3     000000
__HbssCOMRAM                                    bssCOMRAM    000000
__Hcinit                                        cinit        000000
__Hclrtext                                      clrtext      000000
__Hcomram                                       comram       000000
__Hconfig                                       config       30000E
__Hconst                                        const        000000
__HcstackBANK0                                  cstackBANK0  000000
__HcstackBANK1                                  cstackBANK1  000000
__HcstackCOMRAM                                 cstackCOMRAM 000000
__Hdata                                         data         000000
__HdataBANK0                                    dataBANK0    000000
__Heeprom_data                                  eeprom_data  000000
__Hfarbss                                       farbss       000000
__Hfardata                                      fardata      000000
__Hheap                                         heap         000000
__Hibigdata                                     ibigdata     000000
__Hidata                                        idata        000000
__HidataBANK0                                   idataBANK0   000000
__Hidloc                                        idloc        200008
__Hifardata                                     ifardata     000000
__Hinit                                         init         000050
__Hintcode                                      intcode      00004C
__Hintcode_body                                 intcode_body 000000
__Hintcodelo                                    intcodelo    00004C
__Hintentry                                     intentry     000000
__Hintret                                       intret       000000
__Hintsave_regs                                 intsave_regs 000000
__Hirdata                                       irdata       000000
__Hmediumconst                                  mediumconst  010000
__HnvBANK0                                      nvBANK0      000000
__HnvFARRAM                                     nvFARRAM     000000
__Hnvbit                                        nvbit        000000
__Hnvrram                                       nvrram       000000
__Hparam                                        rparam       000000
__Hpowerup                                      powerup      00004C
__Hram                                          ram          000000
__Hramtop                                       ramtop       001000
__Hrbit                                         rbit         000000
__Hrbss                                         rbss         000000
__Hrdata                                        rdata        000000
__Hreset_vec                                    reset_vec    000004
__Hrparam                                       rparam       000000
__Hsfr                                          sfr          000000
__Hsmallconst                                   smallconst   000000
__Hspace_0                                      (abs)        010000
__Hspace_1                                      (abs)        0003FE
__Hspace_2                                      (abs)        000000
__Hspace_4                                      (abs)        60000E
__Hstack                                        stack        000000
__Hstruct                                       struct       000000
__Htemp                                         temp         00005C
__Htext                                         text         000000
__Htext0                                        text0        000000
__Htext1                                        text1        000000
__Htext10                                       text10       000000
__Htext11                                       text11       000000
__Htext12                                       text12       000000
__Htext13                                       text13       000000
__Htext14                                       text14       000000
__Htext15                                       text15       000000
__Htext16                                       text16       000000
__Htext17                                       text17       000000
__Htext18                                       text18       000000
__Htext19                                       text19       000000
__Htext2                                        text2        000000
__Htext20                                       text20       000000
__Htext21                                       text21       000000
__Htext22                                       text22       000000
__Htext23                                       text23       000000
__Htext24                                       text24       000000
__Htext25                                       text25       000000
__Htext26                                       text26       000000
__Htext27                                       text27       000000
__Htext28                                       text28       000000
__Htext29                                       text29       000000
__Htext3                                        text3        000000
__Htext30                                       text30       000000
__Htext31                                       text31       000000
__Htext32                                       text32       000000
__Htext33                                       text33       000000
__Htext34                                       text34       000000
__Htext35                                       text35       000000
__Htext36                                       text36       000000
__Htext37                                       text37       000000
__Htext38                                       text38       000000
__Htext39                                       text39       000000
__Htext4                                        text4        000000
__Htext40                                       text40       000000
__Htext41                                       text41       000000
__Htext42                                       text42       000000
__Htext43                                       text43       000000
__Htext44                                       text44       000000
__Htext45                                       text45       000000
__Htext46                                       text46       000000
__Htext48                                       text48       000000
__Htext49                                       text49       000000
__Htext5                                        text5        000000
__Htext50                                       text50       000000
__Htext51                                       text51       000000
__Htext52                                       text52       000000
__Htext6                                        text6        000000
__Htext7                                        text7        000000
__Htext8                                        text8        000000
__Htext9                                        text9        000000
__LRAM                                          (abs)        000001
__L__absolute__                                 __absolute__ 000000
__Labs1                                         abs1         000000
__Lbank0                                        bank0        000000
__Lbank1                                        bank1        000000
__Lbank10                                       bank10       000000
__Lbank11                                       bank11       000000
__Lbank12                                       bank12       000000
__Lbank13                                       bank13       000000
__Lbank14                                       bank14       000000
__Lbank15                                       bank15       000000
__Lbank2                                        bank2        000000
__Lbank3                                        bank3        000000
__Lbank4                                        bank4        000000
__Lbank5                                        bank5        000000
__Lbank6                                        bank6        000000
__Lbank7                                        bank7        000000
__Lbank8                                        bank8        000000
__Lbank9                                        bank9        000000
__Lbigbss                                       bigbss       000000
__Lbigdata                                      bigdata      000000
__Lbigram                                       bigram       000000
__Lbigsfr                                       bigsfr       000000
__Lbss                                          bss          000000
__LbssBANK0                                     bssBANK0     000000
__LbssBANK2                                     bssBANK2     000000
__LbssBANK3                                     bssBANK3     000000
__LbssCOMRAM                                    bssCOMRAM    000000
__Lcinit                                        cinit        000000
__Lclrtext                                      clrtext      000000
__Lcomram                                       comram       000000
__Lconfig                                       config       000000
__Lconst                                        const        000000
__LcstackBANK0                                  cstackBANK0  000000
__LcstackBANK1                                  cstackBANK1  000000
__LcstackCOMRAM                                 cstackCOMRAM 000000
__Ldata                                         data         000000
__LdataBANK0                                    dataBANK0    000000
__Leeprom_data                                  eeprom_data  000000
__Lfarbss                                       farbss       000000
__Lfardata                                      fardata      000000
__Lheap                                         heap         000000
__Libigdata                                     ibigdata     000000
__Lidata                                        idata        000000
__LidataBANK0                                   idataBANK0   000000
__Lidloc                                        idloc        000000
__Lifardata                                     ifardata     000000
__Linit                                         init         00004C
__Lintcode                                      intcode      000008
__Lintcode_body                                 intcode_body 000000
__Lintcodelo                                    intcodelo    00004C
__Lintentry                                     intentry     000000
__Lintret                                       intret       000000
__Lintsave_regs                                 intsave_regs 000000
__Lirdata                                       irdata       000000
__Lmediumconst                                  mediumconst  00FE20
__LnvBANK0                                      nvBANK0      000000
__LnvFARRAM                                     nvFARRAM     000000
__Lnvbit                                        nvbit        000000
__Lnvrram                                       nvrram       000000
__Lparam                                        rparam       000000
__Lpowerup                                      powerup      00004C
__Lram                                          ram          000000
__Lramtop                                       ramtop       001000
__Lrbit                                         rbit         000000
__Lrbss                                         rbss         000000
__Lrdata                                        rdata        000000
__Lreset_vec                                    reset_vec    000000
__Lrparam                                       rparam       000000
__Lsfr                                          sfr          000000
__Lsmallconst                                   smallconst   000000
__Lspace_0                                      (abs)        000000
__Lspace_1                                      (abs)        000000
__Lspace_2                                      (abs)        000000
__Lspace_4                                      (abs)        000000
__Lstack                                        stack        000000
__Lstruct                                       struct       000000
__Ltemp                                         temp         00005B
__Ltext                                         text         000000
__Ltext0                                        text0        000000
__Ltext1                                        text1        000000
__Ltext10                                       text10       000000
__Ltext11                                       text11       000000
__Ltext12                                       text12       000000
__Ltext13                                       text13       000000
__Ltext14                                       text14       000000
__Ltext15                                       text15       000000
__Ltext16                                       text16       000000
__Ltext17                                       text17       000000
__Ltext18                                       text18       000000
__Ltext19                                       text19       000000
__Ltext2                                        text2        000000
__Ltext20                                       text20       000000
__Ltext21                                       text21       000000
__Ltext22                                       text22       000000
__Ltext23                                       text23       000000
__Ltext24                                       text24       000000
__Ltext25                                       text25       000000
__Ltext26                                       text26       000000
__Ltext27                                       text27       000000
__Ltext28                                       text28       000000
__Ltext29                                       text29       000000
__Ltext3                                        text3        000000
__Ltext30                                       text30       000000
__Ltext31                                       text31       000000
__Ltext32                                       text32       000000
__Ltext33                                       text33       000000
__Ltext34                                       text34       000000
__Ltext35                                       text35       000000
__Ltext36                                       text36       000000
__Ltext37                                       text37       000000
__Ltext38                                       text38       000000
__Ltext39                                       text39       000000
__Ltext4                                        text4        000000
__Ltext40                                       text40       000000
__Ltext41                                       text41       000000
__Ltext42                                       text42       000000
__Ltext43                                       text43       000000
__Ltext44                                       text44       000000
__Ltext45                                       text45       000000
__Ltext46                                       text46       000000
__Ltext48                                       text48       000000
__Ltext49                                       text49       000000
__Ltext5                                        text5        000000
__Ltext50                                       text50       000000
__Ltext51                                       text51       000000
__Ltext52                                       text52       000000
__Ltext6                                        text6        000000
__Ltext7                                        text7        000000
__Ltext8                                        text8        000000
__Ltext9                                        text9        000000
__S0                                            (abs)        010000
__S1                                            (abs)        0003FE
__S4                                            (abs)        000000
__S5                                            (abs)        000000
___aldiv                                        text13       000C0C
___aldiv@counter                                cstackCOMRAM 00000D
___aldiv@dividend                               cstackCOMRAM 000005
___aldiv@divisor                                cstackCOMRAM 000009
___aldiv@quotient                               cstackCOMRAM 00000F
___aldiv@sign                                   cstackCOMRAM 00000E
___almod                                        text12       000EF4
___almod@counter                                cstackCOMRAM 00000D
___almod@dividend                               cstackCOMRAM 000005
___almod@divisor                                cstackCOMRAM 000009
___almod@sign                                   cstackCOMRAM 00000E
___heap_hi                                      (abs)        000000
___heap_lo                                      (abs)        000000
___inthi_sp                                     stack        000000
___intlo_sp                                     stack        000000
___lldiv                                        text29       0013A2
___lldiv@counter                                cstackCOMRAM 000011
___lldiv@dividend                               cstackCOMRAM 000005
___lldiv@divisor                                cstackCOMRAM 000009
___lldiv@quotient                               cstackCOMRAM 00000D
___param_bank                                   (abs)        000000
___rparam_used                                  (abs)        000001
___sp                                           stack        000000
__accesstop                                     (abs)        000060
__activetblptr                                  (abs)        000003
__end_of_EUSART1_Initialize                     text23       00189C
__end_of_EUSART1_SetErrorHandler                text26       001AA6
__end_of_EUSART1_SetFramingErrorHandler         text25       001A9C
__end_of_EUSART1_SetOverrunErrorHandler         text24       001A92
__end_of_EUSART1_Write                          text10       001A12
__end_of_FsScape_EEPROM_interface_style         mediumconst  00FE4B
__end_of_FsScape_FLASH_interface_style          mediumconst  00FE4A
__end_of_FsScape_SRAM_interface_style           mediumconst  00FE4C
__end_of_FsScape_check_index_crc                text46       001A4A
__end_of_FsScape_get_index_SRAM                 text39       000EF4
__end_of_FsScape_get_index_crc_SRAM             text38       000E06
__end_of_FsScape_set_index_SRAM                 text36       0017DA
__end_of_FsScape_set_index_crc_SRAM             text35       001792
__end_of_I2C1_Initialize                        text22       001A26
__end_of_I2C2_M_BusReset                        text33       0012FC
__end_of_I2C2_M_ClearErrors                     text34       001AAE
__end_of_I2C2_M_Poll                            text31       001242
__end_of_I2C2_M_ReadByte                        text45       0010AE
__end_of_I2C2_M_RecoverBus                      text32       0018D8
__end_of_I2C2_M_Restart                         text44       001642
__end_of_I2C2_M_Start                           text43       0014EA
__end_of_I2C2_M_Stop                            text42       0015D4
__end_of_I2C2_M_WriteByte                       text41       0013A2
__end_of_I2C_HWini                              text30       001AB4
__end_of_I2C_Mem_Read                           text40       000998
__end_of_I2C_Mem_Write                          text37       000C0C
__end_of_I2C_ModuleStart                        text28       0016A2
__end_of_I2C_ModuleStop                         text27       001ABC
__end_of_INTERRUPT_Initialize                   text21       001AB8
__end_of_INTERRUPT_InterruptManager             intcode      00004C
__end_of_OSCILLATOR_Initialize                  text20       001A68
__end_of_PIN_MANAGER_Initialize                 text19       001940
__end_of_SPI2_Initialize                        text18       001A38
__end_of_SYSTEM_Initialize                      text15       0019FC
__end_of_TMR1_DefaultInterruptHandler           text49       001ABE
__end_of_TMR1_ISR                               text48       001914
__end_of_TMR1_Initialize                        text16       00196A
__end_of_TMR1_SetInterruptHandler               text17       001A88
__end_of_TMR1_WriteTimer                        text51       001992
__end_of___aldiv                                text13       000D18
__end_of___almod                                text12       000FE0
__end_of___lldiv                                text29       001446
__end_of__initialization                        cinit        0016F0
__end_of_abs                                    text11       00185E
__end_of_dtoa                                   text5        0007EA
__end_of_fputc                                  text8        001178
__end_of_fputs                                  text7        00181E
__end_of_i2c1_fsmStateTable                     mediumconst  00FE41
__end_of_increment_interrupt                    text50       001A5A
__end_of_main                                   text0        000620
__end_of_millis                                 text14       0019DE
__end_of_pad                                    text6        001564
__end_of_printf                                 text1        0019B8
__end_of_putch                                  text9        001A7E
__end_of_spi1_configuration                     mediumconst  00FE49
__end_of_spi2_configuration                     mediumconst  00FE45
__end_of_vfpfcnvrt                              text3        000380
__end_of_vfprintf                               text2        00174A
__end_of_xtoa                                   text4        000AD2
__initialization                                cinit        0016A2
__mediumconst                                   mediumconst  00FE20
__micros                                        bssBANK0     000092
__millis                                        bssBANK0     00008E
__pbssBANK0                                     bssBANK0     000060
__pbssBANK2                                     bssBANK2     000200
__pbssBANK3                                     bssBANK3     000300
__pbssCOMRAM                                    bssCOMRAM    000056
__pcinit                                        cinit        0016A2
__pcstackBANK0                                  cstackBANK0  0000AB
__pcstackBANK1                                  cstackBANK1  000100
__pcstackCOMRAM                                 cstackCOMRAM 000001
__pdataBANK0                                    dataBANK0    0000D8
__pidataBANK0                                   idataBANK0   001A68
__pintcode                                      intcode      000008
__pmediumconst                                  mediumconst  00FE20
__pnvBANK0                                      nvBANK0      0000E3
__ptext0                                        text0        000380
__ptext1                                        text1        001992
__ptext10                                       text10       0019FC
__ptext11                                       text11       00181E
__ptext12                                       text12       000EF4
__ptext13                                       text13       000C0C
__ptext14                                       text14       0019B8
__ptext15                                       text15       0019DE
__ptext16                                       text16       001940
__ptext17                                       text17       001A7E
__ptext18                                       text18       001A26
__ptext19                                       text19       001914
__ptext2                                        text2        0016FA
__ptext20                                       text20       001A5A
__ptext21                                       text21       001AB4
__ptext22                                       text22       001A12
__ptext23                                       text23       00185E
__ptext24                                       text24       001A88
__ptext25                                       text25       001A92
__ptext26                                       text26       001A9C
__ptext27                                       text27       001AB8
__ptext28                                       text28       001642
__ptext29                                       text29       0013A2
__ptext3                                        text3        000050
__ptext30                                       text30       001AAE
__ptext31                                       text31       001178
__ptext32                                       text32       00189C
__ptext33                                       text33       001242
__ptext34                                       text34       001AA6
__ptext35                                       text35       00174A
__ptext36                                       text36       001792
__ptext37                                       text37       000AD2
__ptext38                                       text38       000D18
__ptext39                                       text39       000E06
__ptext4                                        text4        000998
__ptext40                                       text40       0007EA
__ptext41                                       text41       0012FC
__ptext42                                       text42       001564
__ptext43                                       text43       001446
__ptext44                                       text44       0015D4
__ptext45                                       text45       000FE0
__ptext46                                       text46       001A38
__ptext48                                       text48       0018D8
__ptext49                                       text49       001ABC
__ptext5                                        text5        000620
__ptext50                                       text50       001A4A
__ptext51                                       text51       00196A
__ptext52                                       text52       000000
__ptext6                                        text6        0014EA
__ptext7                                        text7        0017DA
__ptext8                                        text8        0010AE
__ptext9                                        text9        001A74
__ramtop                                        ramtop       001000
__smallconst                                    smallconst   000000
_abs                                            text11       00181E
_dbuf                                           bssBANK2     000200
_dtoa                                           text5        000620
_dtoa$3518                                      cstackCOMRAM 000028
_eusart1RxLastError                             bssCOMRAM    00005A
_flags                                          bssBANK0     0000A6
_fputc                                          text8        0010AE
_fputs                                          text7        0017DA
_fsscape_SRAM_index_addr                        bssBANK0     000096
_i2c1_fsmStateTable                             mediumconst  00FE21
_increment_interrupt                            text50       001A4A
_main                                           text0        000380
_millis                                         text14       0019B8
_myi_AT45dbxx                                   bssBANK0     00009A
_pad                                            text6        0014EA
_prec                                           bssBANK0     0000A0
_printf                                         text1        001992
_putch                                          text9        001A74
_rd1RegCompleteHandler                          (abs)        000000
_rd2RegCompleteHandler                          (abs)        000000
_rdBlkRegCompleteHandler                        (abs)        000000
_spi1_configuration                             mediumconst  00FE45
_spi2_configuration                             mediumconst  00FE41
_timer1ReloadVal                                bssCOMRAM    000058
_timer_fract                                    bssBANK0     0000A7
_timer_overflow_count                           bssBANK0     00008A
_vfpfcnvrt                                      text3        000050
_vfprintf                                       text2        0016FA
_width                                          bssBANK0     00009E
_wr1RegCompleteHandler                          (abs)        000000
_wr2RegCompleteHandler                          (abs)        000000
_xtoa                                           text4        000998
_xtoa$3527                                      cstackCOMRAM 00002E
abs@a                                           cstackCOMRAM 00000F
btemp                                           temp         00005B
dtoa@d                                          cstackCOMRAM 000024
dtoa@fp                                         cstackCOMRAM 000022
dtoa@i                                          cstackCOMRAM 00002F
dtoa@p                                          cstackCOMRAM 00002A
dtoa@s                                          cstackCOMRAM 00002E
dtoa@w                                          cstackCOMRAM 00002C
end_of_initialization                           cinit        0016F0
fputc@c                                         cstackCOMRAM 000007
fputc@fp                                        cstackCOMRAM 000009
fputs@c                                         cstackCOMRAM 000014
fputs@fp                                        cstackCOMRAM 000012
fputs@i                                         cstackCOMRAM 000015
fputs@s                                         cstackCOMRAM 000010
int$flags                                       temp         00005B
intlevel0                                       text         000000
intlevel1                                       text         000000
intlevel2                                       text         000000
intlevel3                                       text         000000
isa$std                                         (abs)        000001
isa$xinst                                       (abs)        000000
main@F6387                                      dataBANK0    0000D8
main@adressme                                   cstackBANK0  0000CC
main@adressme2                                  cstackBANK0  0000D0
main@adressme3                                  cstackBANK0  0000BC
main@bus_reset                                  cstackBANK0  0000BA
main@check1                                     cstackBANK0  0000C0
main@check2                                     cstackBANK0  0000D4
main@check3                                     cstackBANK0  0000C4
main@check4                                     cstackBANK0  0000C8
main@temp                                       cstackBANK0  0000B8
main@temp2                                      cstackBANK0  0000B9
main@valor                                      cstackBANK0  0000B6
main@valor2                                     cstackBANK0  0000B7
main@valoresrx                                  cstackBANK1  000100
main@valorestx                                  cstackBANK0  0000AB
millis@m                                        cstackCOMRAM 000009
pad@buf                                         cstackCOMRAM 000019
pad@fp                                          cstackCOMRAM 000017
pad@i                                           cstackCOMRAM 00001E
pad@p                                           cstackCOMRAM 00001B
pad@w                                           cstackCOMRAM 000020
printf@ap                                       cstackCOMRAM 000054
printf@fmt                                      cstackCOMRAM 00004E
putch@txData                                    cstackCOMRAM 000006
stackhi                                         (abs)        000000
stacklo                                         (abs)        000000
start                                           init         00004C
start_initialization                            cinit        0016A2
ttemp5                                          temp         00005C
ttemp6                                          temp         00005F
ttemp7                                          temp         000063
vfpfcnvrt@ap                                    cstackCOMRAM 000039
vfpfcnvrt@c                                     cstackCOMRAM 000043
vfpfcnvrt@convarg                               cstackCOMRAM 00003F
vfpfcnvrt@cp                                    cstackCOMRAM 000044
vfpfcnvrt@fmt                                   cstackCOMRAM 000037
vfpfcnvrt@fp                                    cstackCOMRAM 000035
vfprintf@ap                                     cstackCOMRAM 00004A
vfprintf@cfmt                                   cstackCOMRAM 00004C
vfprintf@fmt                                    cstackCOMRAM 000048
vfprintf@fp                                     cstackCOMRAM 000046
wtemp8                                          temp         00005C
xtoa@c                                          cstackCOMRAM 000034
xtoa@d                                          cstackCOMRAM 000024
xtoa@fp                                         cstackCOMRAM 000022
xtoa@i                                          cstackCOMRAM 000032
xtoa@p                                          cstackCOMRAM 000030
xtoa@w                                          cstackCOMRAM 00002C


MODULE INFORMATION

Module		Function		Class		Link	Load	Size
C:\Program Files\Microchip\xc8\v2.41\pic\sources\c99\common\almod.c
		___almod       		CODE           	0EF4	0000	236

C:\Program Files\Microchip\xc8\v2.41\pic\sources\c99\common\almod.c estimated size: 236

mcc_generated_files/i2c1_master.c
		_I2C1_Initialize		CODE           	1A12	0000	20

mcc_generated_files/i2c1_master.c estimated size: 20

C:\Program Files\Microchip\xc8\v2.41\pic\sources\c99\common\__lldiv.c
		___lldiv       		CODE           	13A2	0000	164

C:\Program Files\Microchip\xc8\v2.41\pic\sources\c99\common\__lldiv.c estimated size: 164

mcc_generated_files/interrupt_manager.c
		_INTERRUPT_Initialize		CODE           	1AB4	0000	4
		_INTERRUPT_InterruptManager		CODE           	0008	0000	68

mcc_generated_files/interrupt_manager.c estimated size: 72

millis.c
		_millis        		CODE           	19B8	0000	38
		_increment_interrupt		CODE           	1A4A	0000	16

millis.c estimated size: 54

C:\Program Files\Microchip\xc8\v2.41\pic\sources\c99\common\nf_fputc.c
		_fputc         		CODE           	10AE	0000	202

C:\Program Files\Microchip\xc8\v2.41\pic\sources\c99\common\nf_fputc.c estimated size: 202

mcc_generated_files/pin_manager.c
		_PIN_MANAGER_Initialize		CODE           	1914	0000	44

mcc_generated_files/pin_manager.c estimated size: 44

C:\Program Files\Microchip\xc8\v2.41\pic\sources\c99\common\aldiv.c
		___aldiv       		CODE           	0C0C	0000	268

C:\Program Files\Microchip\xc8\v2.41\pic\sources\c99\common\aldiv.c estimated size: 268

C:\Program Files\Microchip\xc8\v2.41\pic\sources\c99\common\abs.c
		_abs           		CODE           	181E	0000	64

C:\Program Files\Microchip\xc8\v2.41\pic\sources\c99\common\abs.c estimated size: 64

C:\Program Files\Microchip\xc8\v2.41\pic\sources\c99\common\doprnt.c
		_vfpfcnvrt     		CODE           	0050	0000	816
		_pad           		CODE           	14EA	0000	122
		_dtoa          		CODE           	0620	0000	458
		_vfprintf      		CODE           	16FA	0000	80
		_xtoa          		CODE           	0998	0000	314

C:\Program Files\Microchip\xc8\v2.41\pic\sources\c99\common\doprnt.c estimated size: 1790

fsscape.c
		_FsScape_check_index_crc		CODE           	1A38	0000	18
		_FsScape_get_index_crc_SRAM		CODE           	0D18	0000	238
		_FsScape_set_index_crc_SRAM		CODE           	174A	0000	72
		_FsScape_get_index_SRAM		CODE           	0E06	0000	238
		_FsScape_set_index_SRAM		CODE           	1792	0000	72

fsscape.c estimated size: 638

shared
		_FsScape_EEPROM_interface_style		MEDIUMCONST    	FE4A	0000	1
		__initialization		CODE           	16A2	0000	78
		_FsScape_FLASH_interface_style		MEDIUMCONST    	FE49	0000	1
		_i2c1_fsmStateTable		MEDIUMCONST    	FE21	0000	32
		_FsScape_SRAM_interface_style		MEDIUMCONST    	FE4B	0000	1
		_spi1_configuration		MEDIUMCONST    	FE45	0000	4
		_spi2_configuration		MEDIUMCONST    	FE41	0000	4

shared estimated size: 121

mcc_generated_files/eusart1.c
		_EUSART1_Initialize		CODE           	185E	0000	62
		_putch         		CODE           	1A74	0000	10
		_EUSART1_SetFramingErrorHandler		CODE           	1A92	0000	10
		_EUSART1_SetOverrunErrorHandler		CODE           	1A88	0000	10
		_EUSART1_SetErrorHandler		CODE           	1A9C	0000	10
		_EUSART1_Write 		CODE           	19FC	0000	22

mcc_generated_files/eusart1.c estimated size: 124

mcc_generated_files/mcc.c
		_OSCILLATOR_Initialize		CODE           	1A5A	0000	14
		_SYSTEM_Initialize		CODE           	19DE	0000	30

mcc_generated_files/mcc.c estimated size: 44

my_i2c_pic18.c
		_I2C_Mem_Read  		CODE           	07EA	0000	430
		_I2C_Mem_Write 		CODE           	0AD2	0000	314
		_I2C2_M_ClearErrors		CODE           	1AA6	0000	8
		_I2C2_M_Poll   		CODE           	1178	0000	202
		_I2C2_M_Stop   		CODE           	1564	0000	112
		_I2C2_M_Start  		CODE           	1446	0000	164
		_I2C2_M_WriteByte		CODE           	12FC	0000	166
		_I2C_ModuleStop		CODE           	1AB8	0000	4
		_I2C_HWini     		CODE           	1AAE	0000	6
		_I2C2_M_Restart		CODE           	15D4	0000	110
		_I2C2_M_RecoverBus		CODE           	189C	0000	60
		_I2C_ModuleStart		CODE           	1642	0000	96
		_I2C2_M_ReadByte		CODE           	0FE0	0000	206
		_I2C2_M_BusReset		CODE           	1242	0000	186

my_i2c_pic18.c estimated size: 2064

mcc_generated_files/tmr1.c
		_TMR1_Initialize		CODE           	1940	0000	42
		_TMR1_SetInterruptHandler		CODE           	1A7E	0000	10
		_TMR1_DefaultInterruptHandler		CODE           	1ABC	0000	2
		_TMR1_WriteTimer		CODE           	196A	0000	40
		_TMR1_ISR      		CODE           	18D8	0000	60

mcc_generated_files/tmr1.c estimated size: 154

C:\Program Files\Microchip\xc8\v2.41\pic\sources\c99\common\nf_fputs.c
		_fputs         		CODE           	17DA	0000	68

C:\Program Files\Microchip\xc8\v2.41\pic\sources\c99\common\nf_fputs.c estimated size: 68

mcc_generated_files/spi2.c
		_SPI2_Initialize		CODE           	1A26	0000	18

mcc_generated_files/spi2.c estimated size: 18

main.c
		_main          		CODE           	0380	0000	672

main.c estimated size: 672

C:\Program Files\Microchip\xc8\v2.41\pic\sources\c99\common\printf.c
		_printf        		CODE           	1992	0000	38

C:\Program Files\Microchip\xc8\v2.41\pic\sources\c99\common\printf.c estimated size: 38

